#1 [internal] load local bake definitions
#1 reading from stdin 444B done
#1 DONE 0.0s

#2 [internal] load build definition from Dockerfile.swift
#2 transferring dockerfile: 495B done
#2 DONE 0.0s

#3 [auth] library/swift:pull token for registry-1.docker.io
#3 DONE 0.0s

#4 [internal] load metadata for docker.io/library/swift:6.2.4-noble
#4 DONE 0.4s

#5 [internal] load .dockerignore
#5 transferring context: 203B done
#5 DONE 0.0s

#6 [internal] load build context
#6 transferring context: 90.51kB 0.0s done
#6 DONE 0.0s

#7 [1/6] FROM docker.io/library/swift:6.2.4-noble@sha256:9bea530093ffff8cf6c259991715ee843fe4d0f932e612f7f4b79cca6e00db87
#7 resolve docker.io/library/swift:6.2.4-noble@sha256:9bea530093ffff8cf6c259991715ee843fe4d0f932e612f7f4b79cca6e00db87 done
#7 sha256:f4c3b601e7b1edd985ee303064a9da9cbc7a5b4d7d6e516aa1493bf30b43f58b 15.73MB / 129.77MB 0.1s
#7 sha256:cfb19389a38fdab8e0793fe74a03a7f970c7294e6f7868c1262883db29dd857a 0B / 1.03GB 0.1s
#7 sha256:5dda2037e4b0d49a2669d4f4e1e442a17d67ff0d6158d48d6c90499ca406829c 174B / 174B 0.1s done
#7 sha256:9bea530093ffff8cf6c259991715ee843fe4d0f932e612f7f4b79cca6e00db87 2.62kB / 2.62kB done
#7 sha256:5d644ebece6bab22511ae477406c0a20910fe92ea6a818f6bf58a4db0c1329b9 1.73kB / 1.73kB done
#7 sha256:823c2b86be15e6150ed3049c98b36976caff763b0fdfc8867a099b1dfe6f14d5 5.63kB / 5.63kB done
#7 sha256:f4c3b601e7b1edd985ee303064a9da9cbc7a5b4d7d6e516aa1493bf30b43f58b 127.93MB / 129.77MB 0.3s
#7 sha256:cfb19389a38fdab8e0793fe74a03a7f970c7294e6f7868c1262883db29dd857a 55.57MB / 1.03GB 0.3s
#7 sha256:f4c3b601e7b1edd985ee303064a9da9cbc7a5b4d7d6e516aa1493bf30b43f58b 129.77MB / 129.77MB 0.3s done
#7 extracting sha256:f4c3b601e7b1edd985ee303064a9da9cbc7a5b4d7d6e516aa1493bf30b43f58b
#7 sha256:cfb19389a38fdab8e0793fe74a03a7f970c7294e6f7868c1262883db29dd857a 142.61MB / 1.03GB 0.5s
#7 sha256:cfb19389a38fdab8e0793fe74a03a7f970c7294e6f7868c1262883db29dd857a 198.18MB / 1.03GB 0.6s
#7 sha256:cfb19389a38fdab8e0793fe74a03a7f970c7294e6f7868c1262883db29dd857a 308.28MB / 1.03GB 0.8s
#7 sha256:cfb19389a38fdab8e0793fe74a03a7f970c7294e6f7868c1262883db29dd857a 405.80MB / 1.03GB 1.0s
#7 sha256:cfb19389a38fdab8e0793fe74a03a7f970c7294e6f7868c1262883db29dd857a 509.61MB / 1.03GB 1.2s
#7 sha256:cfb19389a38fdab8e0793fe74a03a7f970c7294e6f7868c1262883db29dd857a 660.60MB / 1.03GB 1.5s
#7 sha256:cfb19389a38fdab8e0793fe74a03a7f970c7294e6f7868c1262883db29dd857a 715.13MB / 1.03GB 1.6s
#7 sha256:cfb19389a38fdab8e0793fe74a03a7f970c7294e6f7868c1262883db29dd857a 821.04MB / 1.03GB 1.8s
#7 sha256:cfb19389a38fdab8e0793fe74a03a7f970c7294e6f7868c1262883db29dd857a 873.46MB / 1.03GB 1.9s
#7 sha256:cfb19389a38fdab8e0793fe74a03a7f970c7294e6f7868c1262883db29dd857a 929.04MB / 1.03GB 2.0s
#7 sha256:cfb19389a38fdab8e0793fe74a03a7f970c7294e6f7868c1262883db29dd857a 982.52MB / 1.03GB 2.1s
#7 sha256:cfb19389a38fdab8e0793fe74a03a7f970c7294e6f7868c1262883db29dd857a 1.03GB / 1.03GB 4.4s done
#7 extracting sha256:f4c3b601e7b1edd985ee303064a9da9cbc7a5b4d7d6e516aa1493bf30b43f58b 5.0s done
#7 extracting sha256:cfb19389a38fdab8e0793fe74a03a7f970c7294e6f7868c1262883db29dd857a
#7 extracting sha256:cfb19389a38fdab8e0793fe74a03a7f970c7294e6f7868c1262883db29dd857a 5.0s
#7 extracting sha256:cfb19389a38fdab8e0793fe74a03a7f970c7294e6f7868c1262883db29dd857a 10.0s
#7 extracting sha256:cfb19389a38fdab8e0793fe74a03a7f970c7294e6f7868c1262883db29dd857a 14.5s done
#7 extracting sha256:5dda2037e4b0d49a2669d4f4e1e442a17d67ff0d6158d48d6c90499ca406829c
#7 extracting sha256:5dda2037e4b0d49a2669d4f4e1e442a17d67ff0d6158d48d6c90499ca406829c done
#7 DONE 23.9s

#8 [2/6] WORKDIR /swifttrial
#8 DONE 0.0s

#9 [3/6] COPY IntegrationClient/ ./
#9 DONE 0.0s

#10 [4/6] RUN swift --version > /swifttrial/swift-version.txt && swift package resolve
#10 1.491 Fetching https://github.com/pointfreeco/xctest-dynamic-overlay
#10 1.491 Fetching https://github.com/pointfreeco/swift-clocks
#10 1.492 Fetching https://github.com/supabase/supabase-swift.git
#10 1.847 [1/1446] Fetching swift-clocks
#10 1.940 Fetched https://github.com/pointfreeco/swift-clocks from cache (0.45s)
#10 1.943 Fetching https://github.com/apple/swift-http-types.git
#10 1.943 [1/2727] Fetching xctest-dynamic-overlay
#10 2.095 Fetched https://github.com/pointfreeco/xctest-dynamic-overlay from cache (0.60s)
#10 2.097 Fetching https://github.com/pointfreeco/swift-concurrency-extras
#10 2.155 [1/1939] Fetching swift-http-types
#10 2.233 Fetched https://github.com/apple/swift-http-types.git from cache (0.29s)
#10 2.235 Fetching https://github.com/apple/swift-crypto.git
#10 2.368 [1/1058] Fetching swift-concurrency-extras
#10 2.420 Fetched https://github.com/pointfreeco/swift-concurrency-extras from cache (0.32s)
#10 2.422 Fetching https://github.com/apple/swift-asn1.git
#10 2.514 [1/18573] Fetching swift-crypto
#10 2.638 [1302/52263] Fetching swift-crypto, supabase-swift
#10 3.002 [10442/54249] Fetching swift-crypto, supabase-swift, swift-asn1
#10 3.207 Fetched https://github.com/apple/swift-asn1.git from cache (0.79s)
#10 3.207 [23887/52263] Fetching swift-crypto, supabase-swift
#10 3.833 Fetched https://github.com/apple/swift-crypto.git from cache (1.60s)
#10 4.067 Fetched https://github.com/supabase/supabase-swift.git from cache (2.58s)
#10 4.072 Creating working copy for https://github.com/apple/swift-http-types.git
#10 4.072 Creating working copy for https://github.com/pointfreeco/xctest-dynamic-overlay
#10 4.073 Creating working copy for https://github.com/supabase/supabase-swift.git
#10 4.080 Creating working copy for https://github.com/pointfreeco/swift-clocks
#10 4.125 Creating working copy for https://github.com/pointfreeco/swift-concurrency-extras
#10 4.129 Working copy of https://github.com/pointfreeco/swift-clocks resolved at 1.1.1
#10 4.133 Working copy of https://github.com/pointfreeco/xctest-dynamic-overlay resolved at 1.13.1
#10 4.133 Creating working copy for https://github.com/apple/swift-crypto.git
#10 4.165 Working copy of https://github.com/pointfreeco/swift-concurrency-extras resolved at 1.4.1
#10 4.173 Creating working copy for https://github.com/apple/swift-asn1.git
#10 4.221 Working copy of https://github.com/apple/swift-http-types.git resolved at 1.8.0
#10 4.241 Working copy of https://github.com/apple/swift-asn1.git resolved at 1.7.3
#10 4.254 Working copy of https://github.com/supabase/supabase-swift.git resolved at 2.55.2
#10 4.477 Working copy of https://github.com/apple/swift-crypto.git resolved at 4.5.2
#10 DONE 7.5s

#11 [5/6] RUN swift test -j 2 2>&1 | tee /swifttrial/unit-tests.log
#11 3.872 Building for debugging...
#11 4.286 [0/407] Compiling a_time.cc
#11 4.287 [1/407] Compiling a_type.cc
#11 4.288 [2/407] Write sources
#11 4.315 [13/407] Compiling CXKCPShims shims.c
#11 4.337 [14/407] Compiling SimpleFIPS202.c
#11 4.348 [15/407] Write swift-version-24593BA9C3E375BF.txt
#11 4.365 [16/407] Compiling KeccakSponge.c
#11 4.597 [17/419] Compiling KeccakP-1600-opt64.c
#11 6.545 [19/425] Emitting module HTTPTypes
#11 9.165 [20/430] Compiling HTTPTypes HTTP2ErrorCode.swift
#11 9.165 [21/430] Compiling HTTPTypes HTTP3ErrorCode.swift
#11 9.165 [22/430] Compiling HTTPTypes HTTPField.swift
#11 9.165 [23/430] Compiling HTTPTypes HTTPFieldName.swift
#11 9.165 [24/430] Compiling HTTPTypes HTTPFieldValue.swift
#11 10.14 [25/430] Compiling HTTPTypes HTTPFields.swift
#11 10.14 [26/430] Compiling HTTPTypes HTTPParsedFields.swift
#11 10.14 [27/430] Compiling HTTPTypes HTTPRequest+URL.swift
#11 10.14 [28/430] Compiling HTTPTypes HTTPRequest.swift
#11 10.14 [29/430] Compiling HTTPTypes HTTPResponse.swift
#11 10.24 [31/438] Emitting module IssueReporting
#11 10.24 [32/438] Compiling ConcurrencyExtras ActorIsolated.swift
#11 10.24 [33/438] Compiling ConcurrencyExtras AnyHashableSendable.swift
#11 10.24 [34/438] Compiling ConcurrencyExtras AsyncStream.swift
#11 10.24 [35/438] Compiling ConcurrencyExtras AsyncThrowingStream.swift
#11 10.24 [36/438] Compiling ConcurrencyExtras Locking.swift
#11 10.24 [37/438] Compiling ConcurrencyExtras UncheckedBox.swift
#11 10.24 [42/438] Compiling IssueReporting IsTesting.swift
#11 10.42 [43/449] Emitting module ConcurrencyExtras
#11 10.75 [50/454] Compiling ConcurrencyExtras LockIsolated.swift
#11 10.75 [51/454] Compiling ConcurrencyExtras MainSerialExecutor.swift
#11 10.75 [52/454] Compiling ConcurrencyExtras Result.swift
#11 10.75 [53/454] Compiling ConcurrencyExtras Task.swift
#11 10.75 [54/454] Compiling ConcurrencyExtras UncheckedSendable.swift
#11 10.82 [55/455] Wrapping AST for HTTPTypes for debugging
#11 10.85 [56/455] Wrapping AST for ConcurrencyExtras for debugging
#11 10.87 [57/455] Compiling KeccakHash.c
#11 11.13 [58/455] Compiling CCryptoBoringSSLShims shims.c
#11 11.14 [60/455] Compiling IssueReporting IssueReporter.swift
#11 11.14 [61/455] Compiling IssueReporting BreakpointReporter.swift
#11 11.14 [62/455] Compiling IssueReporting DefaultReporter.swift
#11 11.14 [63/455] Compiling IssueReporting FatalErrorReporter.swift
#11 11.14 [64/455] Compiling IssueReporting IssueSeverity.swift
#11 11.14 [65/455] Compiling IssueReporting ReportIssue.swift
#11 11.14 [66/455] Compiling IssueReporting _Test.swift
#11 11.14 [67/455] Compiling IssueReporting TestContext.swift
#11 11.14 [68/455] Compiling IssueReporting Unimplemented.swift
#11 11.14 [69/455] Compiling IssueReporting WithExpectedIssue.swift
#11 11.14 [70/455] Compiling IssueReporting WithIssueContext.swift
#11 11.17 [71/456] Compiling fiat_p256_adx_sqr.S
#11 11.20 [72/456] Compiling fiat_p256_adx_mul.S
#11 11.21 [73/456] Compiling fiat_curve25519_adx_square.S
#11 11.45 [75/464] Emitting module Clocks
#11 11.62 [76/468] Emitting module XCTestDynamicOverlay
#11 11.62 [77/468] Compiling Clocks AnyClock.swift
#11 11.62 [78/468] Compiling Clocks ImmediateClock.swift
#11 11.75 [79/469] Compiling XCTestDynamicOverlay Fail.swift
#11 11.81 [80/470] Wrapping AST for IssueReporting for debugging
#11 11.82 [84/470] Compiling Clocks Lock.swift
#11 11.82 [85/470] Compiling Clocks _AsyncTimerSequence.swift
#11 11.84 [85/470] Wrapping AST for XCTestDynamicOverlay for debugging
#11 11.87 [86/470] Compiling fiat_curve25519_adx_mul.S
#11 11.90 [87/470] Compiling md5-x86_64-linux.S
#11 11.93 [88/470] Compiling md5-x86_64-apple.S
#11 11.96 [89/470] Compiling md5-586-linux.S
#11 11.99 [90/470] Compiling md5-586-apple.S
#11 12.07 [92/470] Compiling Clocks SwiftUI.swift
#11 12.07 [93/470] Compiling Clocks TestClock.swift
#11 12.07 [94/470] Compiling Clocks Timer.swift
#11 12.07 [95/470] Compiling Clocks UnimplementedClock.swift
#11 12.16 [96/471] Compiling chacha20_poly1305_x86_64-linux.S
#11 12.22 [97/484] Compiling err_data.cc
#11 12.25 [98/484] Wrapping AST for Clocks for debugging
#11 12.28 [99/484] Compiling chacha20_poly1305_x86_64-apple.S
#11 12.31 [100/484] Compiling chacha20_poly1305_armv8-win.S
#11 12.34 [101/484] Compiling chacha20_poly1305_armv8-linux.S
#11 12.37 [102/484] Compiling chacha20_poly1305_armv8-apple.S
#11 12.41 [103/484] Compiling chacha-x86_64-linux.S
#11 12.44 [104/484] Compiling chacha-x86_64-apple.S
#11 12.47 [105/484] Compiling chacha-x86-linux.S
#11 12.50 [106/484] Compiling chacha-x86-apple.S
#11 12.53 [107/484] Compiling chacha-armv8-win.S
#11 12.56 [108/484] Compiling chacha-armv8-linux.S
#11 12.59 [109/484] Compiling chacha-armv8-apple.S
#11 12.62 [110/484] Compiling chacha-armv4-linux.S
#11 12.66 [111/484] Compiling aes128gcmsiv-x86_64-linux.S
#11 12.71 [112/484] Compiling aes128gcmsiv-x86_64-apple.S
#11 12.75 [113/484] Compiling x86_64-mont5-linux.S
#11 12.78 [114/484] Compiling x86_64-mont5-apple.S
#11 12.81 [115/484] Compiling x86_64-mont-linux.S
#11 12.84 [116/484] Compiling x86_64-mont-apple.S
#11 12.87 [117/484] Compiling x86-mont-linux.S
#11 12.90 [118/484] Compiling x86-mont-apple.S
#11 12.93 [119/484] Compiling vpaes-x86_64-linux.S
#11 12.97 [120/484] Compiling vpaes-x86_64-apple.S
#11 12.99 [121/484] Compiling vpaes-x86-linux.S
#11 13.02 [122/484] Compiling vpaes-x86-apple.S
#11 13.05 [123/484] Compiling vpaes-armv8-win.S
#11 13.08 [124/484] Compiling vpaes-armv8-linux.S
#11 13.12 [125/484] Compiling vpaes-armv8-apple.S
#11 13.16 [126/484] Compiling vpaes-armv7-linux.S
#11 13.21 [127/484] Compiling sha512-x86_64-linux.S
#11 13.24 [128/484] Compiling sha512-x86_64-apple.S
#11 13.27 [130/484] Emitting module Helpers
#11 13.27 [131/484] Compiling Helpers APIKeyFormat.swift
#11 13.27 [132/484] Compiling Helpers AnyJSON+Codable.swift
#11 13.27 [133/484] Compiling Helpers AnyJSON.swift
#11 13.27 [134/484] Compiling Helpers Base64URL.swift
#11 13.27 [135/484] Compiling Helpers Codable.swift
#11 13.27 [136/484] Compiling Helpers DateFormatter.swift
#11 13.27 [137/484] Compiling Helpers EventEmitter.swift
#11 13.27 [138/484] Compiling Helpers FoundationExtensions.swift
#11 13.27 [139/484] Compiling Helpers HTTPClient.swift
#11 13.27 [140/484] Compiling Helpers HTTPFields.swift
#11 13.27 [141/484] Compiling Helpers HTTPRequest.swift
#11 13.27 [142/484] Compiling Helpers HTTPResponse.swift
#11 13.27 [142/484] Compiling sha512-armv8-win.S
#11 13.31 [143/495] Compiling sha512-armv8-linux.S
#11 13.34 [144/495] Compiling sha512-armv8-apple.S
#11 13.37 [145/495] Compiling sha512-armv4-linux.S
#11 13.40 [146/495] Compiling sha512-586-linux.S
#11 13.44 [147/495] Compiling sha512-586-apple.S
#11 13.48 [148/495] Compiling sha256-x86_64-linux.S
#11 13.51 [149/495] Compiling sha256-x86_64-apple.S
#11 13.54 [150/495] Compiling sha256-armv8-win.S
#11 13.57 [151/495] Compiling sha256-armv8-linux.S
#11 13.59 [152/495] Compiling sha256-armv8-apple.S
#11 13.62 [153/495] Compiling sha256-armv4-linux.S
#11 13.66 [154/495] Compiling sha256-586-linux.S
#11 13.69 [155/495] Compiling sha256-586-apple.S
#11 13.76 [156/495] Compiling sha1-x86_64-linux.S
#11 13.79 [157/495] Compiling sha1-x86_64-apple.S
#11 13.82 [158/495] Compiling sha1-armv8-win.S
#11 13.85 [159/495] Compiling sha1-armv8-linux.S
#11 13.88 [160/495] Compiling sha1-armv8-apple.S
#11 13.91 [161/495] Compiling sha1-armv4-large-linux.S
#11 13.94 [162/495] Compiling sha1-586-linux.S
#11 13.97 [163/495] Compiling sha1-586-apple.S
#11 14.01 [164/495] Compiling rsaz-avx2-linux.S
#11 14.04 [165/495] Compiling rsaz-avx2-apple.S
#11 14.07 [166/495] Compiling rdrand-x86_64-linux.S
#11 14.10 [167/495] Compiling rdrand-x86_64-apple.S
#11 14.13 [168/495] Compiling p256_beeu-x86_64-asm-linux.S
#11 14.14 [170/495] Compiling Helpers LoggerInterceptor.swift
#11 14.14 [171/495] Compiling Helpers RetryRequestInterceptor.swift
#11 14.14 [172/495] Compiling Helpers JWT.swift
#11 14.14 [173/495] Compiling Helpers OSLogSupabaseLogger.swift
#11 14.14 [174/495] Compiling Helpers SupabaseLogger.swift
#11 14.14 [175/495] Compiling Helpers PostgRESTFilterValue.swift
#11 14.14 [176/495] Compiling Helpers HTTPError.swift
#11 14.14 [177/495] Compiling Helpers PostgrestError.swift
#11 14.14 [178/495] Compiling Helpers Task+withTimeout.swift
#11 14.14 [179/495] Compiling Helpers TaskLocalHelpers.swift
#11 14.14 [180/495] Compiling Helpers Version.swift
#11 14.16 [180/496] Compiling p256_beeu-x86_64-asm-apple.S
#11 14.20 [182/496] Compiling p256_beeu-armv8-asm-win.S
#11 14.22 [183/496] Compiling p256_beeu-armv8-asm-linux.S
#11 14.23 [184/496] Wrapping AST for Helpers for debugging
#11 14.25 [185/496] Compiling p256_beeu-armv8-asm-apple.S
#11 14.27 [186/496] Compiling p256-x86_64-asm-linux.S
#11 14.28 [187/496] Compiling p256-x86_64-asm-apple.S
#11 14.30 [188/496] Compiling p256-armv8-asm-win.S
#11 14.31 [189/496] Compiling p256-armv8-asm-linux.S
#11 14.33 [190/496] Compiling p256-armv8-asm-apple.S
#11 14.34 [191/496] Compiling ghashv8-armv8-win.S
#11 14.36 [192/496] Compiling ghashv8-armv8-linux.S
#11 14.37 [193/496] Compiling ghashv8-armv8-apple.S
#11 14.39 [194/496] Compiling ghashv8-armv7-linux.S
#11 14.40 [195/496] Compiling ghash-x86_64-linux.S
#11 14.42 [196/496] Compiling ghash-x86_64-apple.S
#11 14.43 [197/496] Compiling ghash-x86-linux.S
#11 14.45 [198/496] Compiling ghash-x86-apple.S
#11 14.46 [199/496] Compiling ghash-ssse3-x86_64-linux.S
#11 14.48 [200/496] Compiling ghash-ssse3-x86_64-apple.S
#11 14.49 [201/496] Compiling ghash-ssse3-x86-linux.S
#11 14.51 [202/496] Compiling ghash-ssse3-x86-apple.S
#11 14.52 [203/496] Compiling ghash-neon-armv8-win.S
#11 14.54 [204/496] Compiling ghash-neon-armv8-linux.S
#11 14.55 [205/496] Compiling ghash-neon-armv8-apple.S
#11 14.57 [206/496] Compiling ghash-armv4-linux.S
#11 14.58 [207/496] Compiling co-586-linux.S
#11 14.60 [208/496] Compiling co-586-apple.S
#11 14.61 [209/496] Compiling bsaes-armv7-linux.S
#11 14.63 [210/496] Compiling bn-armv8-win.S
#11 14.64 [211/496] Compiling bn-armv8-linux.S
#11 14.66 [212/496] Compiling bn-armv8-apple.S
#11 14.67 [213/496] Compiling bn-586-linux.S
#11 14.69 [214/496] Compiling bn-586-apple.S
#11 14.70 [215/496] Compiling armv8-mont-win.S
#11 14.72 [216/496] Compiling armv8-mont-linux.S
#11 14.73 [217/496] Compiling armv8-mont-apple.S
#11 14.75 [218/496] Compiling armv4-mont-linux.S
#11 14.76 [219/496] Compiling aesv8-gcm-armv8-win.S
#11 14.78 [220/496] Compiling aesv8-gcm-armv8-linux.S
#11 14.79 [221/496] Compiling aesv8-gcm-armv8-apple.S
#11 14.81 [222/496] Compiling aesv8-armv8-win.S
#11 14.82 [223/496] Compiling aesv8-armv8-linux.S
#11 14.84 [224/496] Compiling aesv8-armv8-apple.S
#11 14.85 [225/496] Compiling aesv8-armv7-linux.S
#11 14.88 [226/496] Compiling aesni-x86_64-linux.S
#11 14.88 [227/496] Compiling aesni-x86_64-apple.S
#11 14.91 [228/496] Compiling aesni-x86-linux.S
#11 14.91 [229/496] Compiling aesni-x86-apple.S
#11 14.94 [230/496] Compiling aesni-gcm-x86_64-apple.S
#11 14.94 [231/496] Compiling aesni-gcm-x86_64-linux.S
#11 14.97 [232/496] Compiling aes-gcm-avx512-x86_64-apple.S
#11 14.97 [233/496] Compiling aes-gcm-avx512-x86_64-linux.S
#11 15.00 [234/496] Compiling aes-gcm-avx2-x86_64-apple.S
#11 15.00 [235/496] Compiling aes-gcm-avx2-x86_64-linux.S
#11 15.29 [236/496] Compiling xwing.cc
#11 15.63 [237/496] Compiling x_x509a.cc
#11 15.93 [238/496] Compiling x_x509.cc
#11 16.19 [239/496] Compiling x_spki.cc
#11 16.43 [240/496] Compiling x_sig.cc
#11 16.75 [241/496] Compiling x_req.cc
#11 17.05 [242/496] Compiling x_pubkey.cc
#11 17.36 [243/496] Compiling x_name.cc
#11 17.62 [244/496] Compiling x_exten.cc
#11 17.96 [245/496] Compiling x_crl.cc
#11 18.18 [246/496] Compiling x_attrib.cc
#11 18.56 [247/496] Compiling x_all.cc
#11 18.83 [248/496] Compiling x_algor.cc
#11 19.07 [249/496] Compiling x509spki.cc
#11 19.38 [250/496] Compiling x509rset.cc
#11 19.64 [251/496] Compiling x509name.cc
#11 20.00 [252/496] Compiling x509cset.cc
#11 20.23 [253/496] Compiling x509_vpm.cc
#11 20.62 [254/496] Compiling x509_vfy.cc
#11 20.81 [255/496] Compiling x509_v3.cc
#11 21.12 [256/496] Compiling x509_txt.cc
#11 21.38 [257/496] Compiling x509_trs.cc
#11 21.70 [258/496] Compiling x509_set.cc
#11 21.99 [259/496] Compiling x509_req.cc
#11 22.27 [260/496] Compiling x509_obj.cc
#11 22.58 [261/496] Compiling x509_lu.cc
#11 22.86 [262/496] Compiling x509_ext.cc
#11 23.12 [263/496] Compiling x509_def.cc
#11 23.38 [264/496] Compiling x509_d2.cc
#11 23.71 [265/496] Compiling x509_cmp.cc
#11 23.95 [266/496] Compiling x509_att.cc
#11 24.23 [267/496] Compiling x509.cc
#11 24.56 [268/496] Compiling v3_utl.cc
#11 24.78 [269/496] Compiling v3_skey.cc
#11 25.14 [270/496] Compiling v3_purp.cc
#11 25.30 [271/496] Compiling v3_prn.cc
#11 25.69 [272/496] Compiling v3_pmaps.cc
#11 25.90 [273/496] Compiling v3_pcons.cc
#11 26.28 [274/496] Compiling v3_ocsp.cc
#11 26.49 [275/496] Compiling v3_ncons.cc
#11 26.85 [276/496] Compiling v3_lib.cc
#11 27.14 [277/496] Compiling v3_int.cc
#11 27.49 [278/496] Compiling v3_info.cc
#11 27.69 [279/496] Compiling v3_ia5.cc
#11 28.09 [280/496] Compiling v3_genn.cc
#11 28.28 [281/496] Compiling v3_extku.cc
#11 28.64 [282/496] Compiling v3_enum.cc
#11 28.85 [283/496] Compiling v3_crld.cc
#11 29.20 [284/496] Compiling v3_cpols.cc
#11 29.47 [285/496] Compiling v3_conf.cc
#11 29.79 [286/496] Compiling v3_bitst.cc
#11 30.10 [287/496] Compiling v3_bcons.cc
#11 30.41 [288/496] Compiling v3_alt.cc
#11 30.69 [289/496] Compiling v3_akeya.cc
#11 30.99 [290/496] Compiling v3_akey.cc
#11 31.25 [291/496] Compiling t_x509a.cc
#11 31.56 [292/496] Compiling t_x509.cc
#11 31.81 [293/496] Compiling t_req.cc
#11 32.10 [294/496] Compiling t_crl.cc
#11 32.42 [295/496] Compiling rsa_pss.cc
#11 32.72 [296/496] Compiling policy.cc
#11 32.94 [297/496] Compiling name_print.cc
#11 33.04 [298/496] Compiling i2d_pr.cc
#11 33.51 [299/496] Compiling by_file.cc
#11 33.64 [300/496] Compiling by_dir.cc
#11 34.11 [301/496] Compiling asn1_gen.cc
#11 34.24 [302/496] Compiling algorithm.cc
#11 34.70 [303/496] Compiling a_verify.cc
#11 34.83 [304/496] Compiling a_sign.cc
#11 35.21 [305/496] Compiling a_digest.cc
#11 35.23 [306/496] Compiling voprf.cc
#11 35.65 [307/496] Compiling pmbtoken.cc
#11 35.72 [308/496] Compiling trust_token.cc
#11 35.90 [309/496] Compiling thread_win.cc
#11 36.00 [310/496] Compiling thread_pthread.cc
#11 36.18 [311/496] Compiling thread_none.cc
#11 36.23 [312/496] Compiling thread.cc
#11 36.50 [313/496] Compiling stack.cc
#11 36.69 [314/496] Compiling spake2plus.cc
#11 36.79 [315/496] Compiling slhdsa.cc
#11 36.95 [316/496] Compiling siphash.cc
#11 37.02 [317/496] Compiling sha512.cc
#11 37.18 [318/496] Compiling sha256.cc
#11 37.25 [319/496] Compiling sha1.cc
#11 37.45 [320/496] Compiling rsa_print.cc
#11 37.49 [321/496] Compiling rsa_extra.cc
#11 37.82 [322/496] Compiling rsa_crypt.cc
#11 38.09 [323/496] Compiling refcount.cc
#11 38.12 [324/496] Compiling rsa_asn1.cc
#11 38.33 [325/496] Compiling rc4.cc
#11 38.43 [326/496] Compiling windows.cc
#11 38.64 [327/496] Compiling urandom.cc
#11 38.65 [328/496] Compiling trusty.cc
#11 38.87 [329/496] Compiling rand.cc
#11 38.92 [330/496] Compiling passive.cc
#11 39.08 [331/496] Compiling ios.cc
#11 39.13 [332/496] Compiling getentropy.cc
#11 39.36 [333/496] Compiling forkunsafe.cc
#11 39.41 [334/496] Compiling fork_detect.cc
#11 39.59 [335/496] Compiling deterministic.cc
#11 39.77 [336/496] Compiling pool.cc
#11 39.80 [337/496] Compiling poly1305_arm_asm.S
#11 40.00 [338/496] Compiling poly1305_vec.cc
#11 40.13 [339/496] Compiling poly1305_arm.cc
#11 40.28 [340/496] Compiling poly1305.cc
#11 40.82 [341/496] Compiling pkcs8_x509.cc
#11 40.90 [342/496] Compiling pkcs8.cc
#11 41.37 [343/496] Compiling p5_pbev2.cc
#11 41.50 [344/496] Compiling pkcs7_x509.cc
#11 41.72 [345/496] Compiling pkcs7.cc
#11 42.02 [346/496] Compiling pem_xaux.cc
#11 42.23 [347/496] Compiling pem_x509.cc
#11 42.56 [348/496] Compiling pem_pkey.cc
#11 42.80 [349/496] Compiling pem_pk8.cc
#11 43.10 [350/496] Compiling pem_oth.cc
#11 43.40 [351/496] Compiling pem_lib.cc
#11 43.63 [352/496] Compiling pem_info.cc
#11 43.94 [353/496] Compiling obj_xref.cc
#11 43.97 [354/496] Compiling pem_all.cc
#11 44.21 [355/496] Compiling mlkem.cc
#11 44.44 [356/496] Compiling mldsa.cc
#11 44.48 [357/496] Compiling obj.cc
#11 44.76 [358/496] Compiling mem.cc
#11 44.83 [359/496] Compiling md5.cc
#11 45.08 [360/496] Compiling md4.cc
#11 45.09 [361/496] Compiling lhash.cc
#11 45.44 [362/496] Compiling kyber.cc
#11 45.50 [363/496] Compiling poly_rq_mul.S
#11 45.62 [364/496] Compiling hrss.cc
#11 45.87 [365/496] Compiling fuzzer_mode.cc
#11 45.89 [366/496] Compiling fips_shared_support.cc
#11 45.90 [367/496] Compiling hpke.cc
#11 46.16 [368/496] Compiling ex_data.cc
#11 46.53 [369/496] Compiling sign.cc
#11 46.87 [370/496] Compiling scrypt.cc
#11 47.23 [371/496] Compiling print.cc
#11 47.51 [372/496] Compiling pbkdf.cc
#11 47.86 [373/496] Compiling p_x25519_asn1.cc
#11 48.20 [374/496] Compiling p_x25519.cc
#11 48.59 [375/496] Compiling p_rsa_asn1.cc
#11 49.08 [376/496] Compiling p_rsa.cc
#11 49.44 [377/496] Compiling p_hkdf.cc
#11 49.80 [378/496] Compiling p_ed25519_asn1.cc
#11 50.15 [379/496] Compiling p_ed25519.cc
#11 50.60 [380/496] Compiling p_ec_asn1.cc
#11 51.10 [381/496] Compiling p_ec.cc
#11 51.64 [382/496] Compiling p_dsa_asn1.cc
#11 52.20 [383/496] Compiling p_dh_asn1.cc
#11 52.66 [384/496] Compiling p_dh.cc
#11 53.22 [385/496] Compiling evp_ctx.cc
#11 53.76 [386/496] Compiling evp_asn1.cc
#11 54.22 [387/496] Compiling evp.cc
#11 54.27 [388/496] Compiling bcm.cc
#11 54.73 [389/496] Compiling err.cc
#11 54.78 [390/496] Compiling engine.cc
#11 55.21 [391/496] Compiling ecdsa_p1363.cc
#11 55.40 [392/496] Compiling ecdsa_asn1.cc
#11 55.68 [393/496] Compiling ecdh.cc
#11 56.05 [394/496] Compiling hash_to_curve.cc
#11 56.28 [395/496] Compiling ec_derive.cc
#11 56.80 [396/496] Compiling ec_asn1.cc
#11 56.88 [397/496] Compiling dsa_asn1.cc
#11 57.19 [398/496] Compiling dsa.cc
#11 57.29 [399/496] Compiling digest_extra.cc
#11 57.57 [400/496] Compiling params.cc
#11 57.69 [401/496] Compiling dh_asn1.cc
#11 57.88 [402/496] Compiling des.cc
#11 58.14 [403/496] Compiling spake25519.cc
#11 58.55 [404/496] Compiling curve25519.cc
#11 58.58 [405/496] Compiling x25519-asm-arm.S
#11 58.66 [406/496] Compiling curve25519_64_adx.cc
#11 58.86 [407/496] Compiling crypto.cc
#11 58.94 [408/496] Compiling cpu_intel.cc
#11 59.12 [409/496] Compiling cpu_arm_linux.cc
#11 59.20 [410/496] Compiling cpu_arm_freebsd.cc
#11 59.41 [411/496] Compiling cpu_aarch64_win.cc
#11 59.47 [412/496] Compiling cpu_aarch64_sysreg.cc
#11 59.64 [413/496] Compiling cpu_aarch64_openbsd.cc
#11 59.73 [414/496] Compiling cpu_aarch64_linux.cc
#11 59.89 [415/496] Compiling cpu_aarch64_fuchsia.cc
#11 59.98 [416/496] Compiling cpu_aarch64_apple.cc
#11 60.20 [417/496] Compiling conf.cc
#11 60.49 [418/496] Compiling tls_cbc.cc
#11 60.53 [419/496] Compiling cms.cc
#11 60.76 [420/496] Compiling get_cipher.cc
#11 60.82 [421/496] Compiling e_tls.cc
#11 61.05 [422/496] Compiling e_rc4.cc
#11 61.12 [423/496] Compiling e_rc2.cc
#11 61.33 [424/496] Compiling e_null.cc
#11 61.42 [425/496] Compiling e_des.cc
#11 61.66 [426/496] Compiling e_chacha20poly1305.cc
#11 61.77 [427/496] Compiling e_aesgcmsiv.cc
#11 61.96 [428/496] Compiling e_aeseax.cc
#11 62.06 [429/496] Compiling e_aesctrhmac.cc
#11 62.19 [430/496] Compiling derive_key.cc
#11 62.33 [431/496] Compiling chacha.cc
#11 62.52 [432/496] Compiling unicode.cc
#11 62.73 [433/496] Compiling cbs.cc
#11 62.86 [434/496] Compiling cbb.cc
#11 63.06 [435/496] Compiling ber.cc
#11 63.24 [436/496] Compiling asn1_compat.cc
#11 63.33 [437/496] Compiling buf.cc
#11 63.47 [438/496] Compiling sqrt.cc
#11 63.69 [439/496] Compiling exponentiation.cc
#11 63.79 [440/496] Compiling div.cc
#11 64.07 [441/496] Compiling bn_asn1.cc
#11 64.08 [442/496] Compiling convert.cc
#11 64.33 [443/496] Compiling printf.cc
#11 64.48 [444/496] Compiling blake2.cc
#11 64.64 [445/496] Compiling pair.cc
#11 64.77 [446/496] Compiling hexdump.cc
#11 64.94 [447/496] Compiling file.cc
#11 65.09 [448/496] Compiling fd.cc
#11 65.24 [449/496] Compiling errno.cc
#11 65.39 [450/496] Compiling bio_mem.cc
#11 65.57 [451/496] Compiling bio.cc
#11 65.67 [452/496] Compiling base64.cc
#11 65.96 [453/496] Compiling tasn_typ.cc
#11 65.99 [454/496] Compiling tasn_utl.cc
#11 66.27 [455/496] Compiling tasn_fre.cc
#11 66.33 [456/496] Compiling tasn_new.cc
#11 66.59 [457/496] Compiling tasn_enc.cc
#11 66.77 [458/496] Compiling tasn_dec.cc
#11 66.88 [459/496] Compiling posix_time.cc
#11 67.03 [460/496] Compiling f_string.cc
#11 67.16 [461/496] Compiling f_int.cc
#11 67.32 [462/496] Compiling asn_pack.cc
#11 67.43 [463/496] Compiling asn1_par.cc
#11 67.70 [464/496] Compiling asn1_lib.cc
#11 67.78 [465/496] Compiling a_utctm.cc
#11 68.16 [466/496] Compiling a_strex.cc
#11 68.21 [467/496] Compiling a_strnid.cc
#11 68.44 [468/496] Compiling a_octet.cc
#11 68.62 [469/496] Compiling a_object.cc
#11 68.77 [470/496] Compiling a_mbstr.cc
#11 69.00 [471/496] Compiling a_int.cc
#11 69.04 [472/496] Compiling a_i2d_fp.cc
#11 69.32 [473/496] Compiling a_dup.cc
#11 69.35 [474/496] Compiling a_gentm.cc
#11 69.58 [475/496] Compiling a_d2i_fp.cc
#11 69.68 [476/496] Compiling a_bool.cc
#11 69.93 [477/496] Compiling aes.cc
#11 69.93 [478/496] Write sources
#11 69.98 [479/496] Compiling a_bitstr.cc
#11 71.22 [481/501] Compiling CryptoBoringWrapper BoringSSLAEAD.swift
#11 71.22 [482/501] Compiling CryptoBoringWrapper CryptoKitErrors_boring.swift
#11 71.22 [483/501] Compiling CryptoBoringWrapper EllipticCurve.swift
#11 71.22 [484/501] Compiling CryptoBoringWrapper EllipticCurvePoint.swift
#11 71.22 [485/501] Emitting module CryptoBoringWrapper
#11 71.86 [486/504] Compiling CryptoBoringWrapper ArbitraryPrecisionInteger.swift
#11 71.86 [487/504] Compiling CryptoBoringWrapper FiniteFieldArithmeticContext.swift
#11 71.86 [488/504] Compiling CryptoBoringWrapper RandomBytes.swift
#11 71.94 [489/505] Wrapping AST for CryptoBoringWrapper for debugging
#11 73.32 [491/530] Emitting module Crypto
#11 74.65 [492/554] Compiling Crypto AES-GCM.swift
#11 74.65 [493/554] Compiling Crypto AES-GCM_boring.swift
#11 74.65 [494/554] Compiling Crypto ChaChaPoly_boring.swift
#11 74.65 [495/554] Compiling Crypto ChaChaPoly.swift
#11 74.65 [496/554] Compiling Crypto Cipher.swift
#11 74.65 [497/554] Compiling Crypto Nonces.swift
#11 74.65 [498/554] Compiling Crypto ASN1.swift
#11 74.65 [499/554] Compiling Crypto ASN1Any.swift
#11 74.65 [500/554] Compiling Crypto ASN1BitString.swift
#11 74.65 [501/554] Compiling Crypto ASN1Boolean.swift
#11 74.65 [502/554] Compiling Crypto ASN1Identifier.swift
#11 74.65 [503/554] Compiling Crypto ASN1Integer.swift
#11 74.65 [504/554] Compiling Crypto ASN1Null.swift
#11 74.65 [505/554] Compiling Crypto ASN1OctetString.swift
#11 74.65 [506/554] Compiling Crypto ASN1Strings.swift
#11 74.65 [507/554] Compiling Crypto ArraySliceBigint.swift
#11 74.66 [508/554] Compiling Crypto GeneralizedTime.swift
#11 74.66 [509/554] Compiling Crypto ObjectIdentifier.swift
#11 74.66 [510/554] Compiling Crypto ECDSASignature.swift
#11 74.66 [511/554] Compiling Crypto PEMDocument.swift
#11 74.66 [512/554] Compiling Crypto PKCS8PrivateKey.swift
#11 74.66 [513/554] Compiling Crypto SEC1PrivateKey.swift
#11 74.66 [514/554] Compiling Crypto SubjectPublicKeyInfo.swift
#11 74.66 [515/554] Compiling Crypto CryptoError_boring.swift
#11 75.43 [516/577] Compiling Crypto CryptoKitErrors.swift
#11 75.43 [517/577] Compiling Crypto Digest_boring.swift
#11 75.43 [518/577] Compiling Crypto Digest.swift
#11 75.43 [519/577] Compiling Crypto Digests.swift
#11 75.44 [520/577] Compiling Crypto HashFunctions.swift
#11 75.44 [521/577] Compiling Crypto HashFunctions_SHA2.swift
#11 75.44 [522/577] Compiling Crypto HashFunctions_SHA3.swift
#11 75.44 [523/577] Compiling Crypto Digest_xkcp.swift
#11 75.44 [524/577] Compiling Crypto HPKE-AEAD.swift
#11 75.44 [525/577] Compiling Crypto HPKE-Ciphersuite.swift
#11 75.44 [526/577] Compiling Crypto HPKE-KDF.swift
#11 75.44 [527/577] Compiling Crypto HPKE-KexKeyDerivation.swift
#11 75.44 [528/577] Compiling Crypto HPKE-LabeledExtract.swift
#11 75.44 [529/577] Compiling Crypto HPKE-Utils.swift
#11 75.44 [530/577] Compiling Crypto DHKEM.swift
#11 75.44 [531/577] Compiling Crypto HPKE-KEM-Curve25519.swift
#11 75.44 [532/577] Compiling Crypto HPKE-NIST-EC-KEMs.swift
#11 75.44 [533/577] Compiling Crypto HPKE-KEM.swift
#11 75.44 [534/577] Compiling Crypto HPKE-Errors.swift
#11 75.44 [535/577] Compiling Crypto HPKE.swift
#11 75.44 [536/577] Compiling Crypto HPKE-Context.swift
#11 75.44 [537/577] Compiling Crypto HPKE-KeySchedule.swift
#11 75.44 [538/577] Compiling Crypto HPKE-Modes.swift
#11 75.44 [539/577] Compiling Crypto Insecure.swift
#11 78.01 [540/600] Compiling Crypto Insecure_HashFunctions.swift
#11 78.02 [541/600] Compiling Crypto MLKEM_boring.swift
#11 78.02 [542/600] Compiling Crypto MLKEM_wrapper.swift
#11 78.02 [543/600] Compiling Crypto XWing_boring.swift
#11 78.02 [544/600] Compiling Crypto KEM-Errors.swift
#11 78.02 [545/600] Compiling Crypto KEM.swift
#11 78.02 [546/600] Compiling Crypto MLKEM.swift
#11 78.02 [547/600] Compiling Crypto XWing.swift
#11 78.02 [548/600] Compiling Crypto ECDH_boring.swift
#11 78.02 [549/600] Compiling Crypto DH.swift
#11 78.02 [550/600] Compiling Crypto ECDH.swift
#11 78.02 [551/600] Compiling Crypto ANSIx963.swift
#11 78.02 [552/600] Compiling Crypto HKDF.swift
#11 78.02 [553/600] Compiling Crypto AESWrap.swift
#11 78.02 [554/600] Compiling Crypto AESWrap_boring.swift
#11 78.02 [555/600] Compiling Crypto Ed25519_boring.swift
#11 78.02 [556/600] Compiling Crypto NISTCurvesKeys_boring.swift
#11 78.03 [557/600] Compiling Crypto X25519Keys_boring.swift
#11 78.03 [558/600] Compiling Crypto Curve25519.swift
#11 78.03 [559/600] Compiling Crypto Ed25519Keys.swift
#11 78.03 [560/600] Compiling Crypto NISTCurvesKeys.swift
#11 78.03 [561/600] Compiling Crypto X25519Keys.swift
#11 78.03 [562/600] Compiling Crypto SymmetricKeys.swift
#11 79.08 [563/600] Compiling Crypto HMAC.swift
#11 79.08 [564/600] Compiling Crypto MACFunctions.swift
#11 79.08 [565/600] Compiling Crypto MessageAuthenticationCode.swift
#11 79.08 [566/600] Compiling Crypto AES.swift
#11 79.08 [567/600] Compiling Crypto ECDSASignature_boring.swift
#11 79.08 [568/600] Compiling Crypto ECDSA_boring.swift
#11 79.08 [569/600] Compiling Crypto EdDSA_boring.swift
#11 79.08 [570/600] Compiling Crypto MLDSA_boring.swift
#11 79.08 [571/600] Compiling Crypto MLDSA_wrapper.swift
#11 79.08 [572/600] Compiling Crypto ECDSA.swift
#11 79.08 [573/600] Compiling Crypto Ed25519.swift
#11 79.08 [574/600] Compiling Crypto MLDSA.swift
#11 79.08 [575/600] Compiling Crypto Signature.swift
#11 79.08 [576/600] Compiling Crypto CryptoKitErrors_boring.swift
#11 79.08 [577/600] Compiling Crypto Optional+withUnsafeBytes_boring.swift
#11 79.08 [578/600] Compiling Crypto RNG_boring.swift
#11 79.08 [579/600] Compiling Crypto SafeCompare_boring.swift
#11 79.08 [580/600] Compiling Crypto Zeroization_boring.swift
#11 79.08 [581/600] Compiling Crypto _CryptoModuleAnchor.swift
#11 79.08 [582/600] Compiling Crypto PrettyBytes.swift
#11 79.08 [583/600] Compiling Crypto SafeCompare.swift
#11 79.08 [584/600] Compiling Crypto SecureBytes.swift
#11 79.08 [585/600] Compiling Crypto Zeroization.swift
#11 79.20 [586/601] Wrapping AST for Crypto for debugging
#11 80.09 [588/619] Emitting module Auth
#11 83.59 [589/636] Compiling Auth AuthAdmin.swift
#11 83.60 [590/636] Compiling Auth AuthAdminOAuth.swift
#11 83.60 [591/636] Compiling Auth AuthClient.swift
#11 83.60 [592/636] Compiling Auth AuthClientConfiguration.swift
#11 83.60 [593/636] Compiling Auth AuthError.swift
#11 83.60 [594/636] Compiling Auth AuthMFA.swift
#11 83.60 [595/636] Compiling Auth AuthOAuthServer.swift
#11 83.60 [596/636] Compiling Auth AuthStateChangeListener.swift
#11 83.60 [597/636] Compiling Auth Defaults.swift
#11 83.60 [598/636] Compiling Auth Deprecated.swift
#11 83.60 [599/636] Compiling Auth Exports.swift
#11 83.60 [600/636] Compiling Auth APIClient.swift
#11 83.60 [601/636] Compiling Auth CodeVerifierStorage.swift
#11 83.60 [602/636] Compiling Auth Constants.swift
#11 83.60 [603/636] Compiling Auth Dependencies.swift
#11 83.60 [604/636] Compiling Auth EventEmitter.swift
#11 83.60 [605/636] Compiling Auth FixedWidthInteger+Random.swift
#11 86.37 [606/636] Compiling Auth Helpers.swift
#11 86.37 [607/636] Compiling Auth JWK+RSA.swift
#11 86.37 [608/636] Compiling Auth JWTAlgorithm.swift
#11 86.37 [609/636] Compiling Auth Keychain.swift
#11 86.37 [610/636] Compiling Auth PKCE.swift
#11 86.37 [611/636] Compiling Auth SessionManager.swift
#11 86.37 [612/636] Compiling Auth SessionStorage.swift
#11 86.37 [613/636] Compiling Auth URLOpener.swift
#11 86.37 [614/636] Compiling Auth AuthLocalStorage.swift
#11 86.37 [615/636] Compiling Auth KeychainLocalStorage.swift
#11 86.37 [616/636] Compiling Auth WinCredLocalStorage.swift
#11 86.37 [617/636] Compiling Auth Types.swift
#11 86.37 [618/636] Compiling Auth AuthAdmin+Passkey.swift
#11 86.37 [619/636] Compiling Auth AuthClient+Passkey.swift
#11 86.37 [620/636] Compiling Auth AuthMFA+WebAuthn.swift
#11 86.37 [621/636] Compiling Auth WebAuthnAuthenticator.swift
#11 86.37 [622/636] Compiling Auth WebAuthnTypes.swift
#11 86.46 [623/637] Wrapping AST for Auth for debugging
#11 87.90 [625/640] Compiling NidaaIntegration Models.swift
#11 87.90 [626/640] Compiling NidaaIntegration NidaaClient.swift
#11 87.90 [627/640] Emitting module NidaaIntegration
#11 88.27 [628/642] Compiling NidaaIntegration Storage.swift
#11 88.27 [629/642] Compiling NidaaIntegration Transport.swift
#11 88.50 [631/648] Emitting module NidaaIntegrationTests
#11 88.80 [632/650] Emitting module IntegrationTrialCLI
#11 88.80 [633/650] Compiling IntegrationTrialCLI LocalMailbox.swift
#11 89.33 [634/651] Compiling NidaaIntegrationTests StorageBoundaryTests.swift
#11 89.33 [635/651] Compiling NidaaIntegrationTests TestTransport.swift
#11 89.49 [636/651] Compiling NidaaIntegrationTests ClientReviewRegressionTests.swift
#11 89.49 [637/651] Compiling NidaaIntegrationTests ClientSafetyTests.swift
#11 89.57 [638/652] Wrapping AST for NidaaIntegration for debugging
#11 89.60 [639/652] Wrapping AST for NidaaIntegrationTests for debugging
#11 89.61 [640/652] /swifttrial/.build/x86_64-unknown-linux-gnu/debug/NidaaIntegrationPackageDiscoveredTests.derived/all-discovered-tests.swift
#11 89.61 [641/652] Write sources
#11 90.33 [643/654] Compiling IntegrationTrialCLI Trial.swift
#11 90.41 [644/655] Wrapping AST for IntegrationTrialCLI for debugging
#11 90.41 [645/655] Write Objects.LinkFileList
#11 90.94 [646/655] Linking IntegrationTrialCLI
#11 91.08 [648/655] Compiling NidaaIntegrationPackageDiscoveredTests NidaaIntegrationTests.swift
#11 91.08 [649/655] Emitting module NidaaIntegrationPackageDiscoveredTests
#11 91.16 [650/656] Compiling NidaaIntegrationPackageDiscoveredTests all-discovered-tests.swift
#11 91.19 [651/657] /swifttrial/.build/x86_64-unknown-linux-gnu/debug/NidaaIntegrationPackageTests.derived/runner.swift
#11 91.19 [652/657] Write sources
#11 91.22 [653/657] Wrapping AST for NidaaIntegrationPackageDiscoveredTests for debugging
#11 93.91 [655/659] Emitting module NidaaIntegrationPackageTests
#11 93.91 [656/659] Compiling NidaaIntegrationPackageTests runner.swift
#11 94.00 [657/660] Wrapping AST for NidaaIntegrationPackageTests for debugging
#11 94.00 [658/660] Write Objects.LinkFileList
#11 94.45 [659/660] Linking NidaaIntegrationPackageTests.xctest
#11 94.45 Build complete! (93.87s)
#11 94.51 Test Suite 'All tests' started at 2026-09-29 03:21:30.267
#11 94.51 Test Suite 'debug.xctest' started at 2026-09-29 03:21:30.268
#11 94.51 Test Suite 'ClientReviewRegressionTests' started at 2026-09-29 03:21:30.268
#11 94.51 Test Case 'ClientReviewRegressionTests.testCorruptPendingStorageCannotPublishAuthenticatedAccount' started at 2026-09-29 03:21:30.268
#11 94.51 Test Case 'ClientReviewRegressionTests.testCorruptPendingStorageCannotPublishAuthenticatedAccount' passed (0.008 seconds)
#11 94.51 Test Case 'ClientReviewRegressionTests.testDomainRevocationClearsPreviouslyFetchedAccountData' started at 2026-09-29 03:21:30.277
#11 94.51 Test Case 'ClientReviewRegressionTests.testDomainRevocationClearsPreviouslyFetchedAccountData' passed (0.003 seconds)
#11 94.51 Test Case 'ClientReviewRegressionTests.testMismatchedPendingOwnerCannotPublishAuthenticatedAccount' started at 2026-09-29 03:21:30.280
#11 94.51 Test Case 'ClientReviewRegressionTests.testMismatchedPendingOwnerCannotPublishAuthenticatedAccount' passed (0.002 seconds)
#11 94.51 Test Case 'ClientReviewRegressionTests.testRevokedRefreshClearsCacheButRetainsUnknownForReauthentication' started at 2026-09-29 03:21:30.281
#11 94.51 Test Case 'ClientReviewRegressionTests.testRevokedRefreshClearsCacheButRetainsUnknownForReauthentication' passed (0.003 seconds)
#11 94.51 Test Case 'ClientReviewRegressionTests.testUnrecognizedLookupStatusCannotReleaseUnknownOperation' started at 2026-09-29 03:21:30.284
#11 94.51 Test Case 'ClientReviewRegressionTests.testUnrecognizedLookupStatusCannotReleaseUnknownOperation' passed (0.002 seconds)
#11 94.51 Test Suite 'ClientReviewRegressionTests' passed at 2026-09-29 03:21:30.286
#11 94.51 	 Executed 5 tests, with 0 failures (0 unexpected) in 0.017 (0.017) seconds
#11 94.51 Test Suite 'ClientSafetyTests' started at 2026-09-29 03:21:30.286
#11 94.51 Test Case 'ClientSafetyTests.testAccountSwitchClearsOtherAccountsPendingAndCachedDetails' started at 2026-09-29 03:21:30.286
#11 94.51 Test Case 'ClientSafetyTests.testAccountSwitchClearsOtherAccountsPendingAndCachedDetails' passed (0.003 seconds)
#11 94.51 Test Case 'ClientSafetyTests.testDelayedOldAuthCannotOverwriteNewSessionsStorage' started at 2026-09-29 03:21:30.289
#11 94.51 Test Case 'ClientSafetyTests.testDelayedOldAuthCannotOverwriteNewSessionsStorage' passed (0.004 seconds)
#11 94.51 Test Case 'ClientSafetyTests.testDelayedOldCommandResponseCannotMutateNewAccount' started at 2026-09-29 03:21:30.292
#11 94.51 Test Case 'ClientSafetyTests.testDelayedOldCommandResponseCannotMutateNewAccount' passed (0.003 seconds)
#11 94.51 Test Case 'ClientSafetyTests.testDelayedOldSyncCannotRepopulateAfterSameAccountRelogin' started at 2026-09-29 03:21:30.295
#11 94.51 Test Case 'ClientSafetyTests.testDelayedOldSyncCannotRepopulateAfterSameAccountRelogin' passed (0.003 seconds)
#11 94.51 Test Case 'ClientSafetyTests.testLogoutWipesBeforeAwaitingServerAndOfflineLogoutIsHonest' started at 2026-09-29 03:21:30.298
#11 94.51 Test Case 'ClientSafetyTests.testLogoutWipesBeforeAwaitingServerAndOfflineLogoutIsHonest' passed (0.003 seconds)
#11 94.51 Test Case 'ClientSafetyTests.testMalformedOrMismatchedReceiptStaysUnknown' started at 2026-09-29 03:21:30.301
#11 94.51 Test Case 'ClientSafetyTests.testMalformedOrMismatchedReceiptStaysUnknown' passed (0.003 seconds)
#11 94.51 Test Case 'ClientSafetyTests.testNeverSentDraftAndReconnectDoNotDispatch' started at 2026-09-29 03:21:30.304
#11 94.51 Test Case 'ClientSafetyTests.testNeverSentDraftAndReconnectDoNotDispatch' passed (0.001 seconds)
#11 94.51 Test Case 'ClientSafetyTests.testOutOfOrderSnapshotCannotReopenTerminalAlert' started at 2026-09-29 03:21:30.306
#11 94.51 Test Case 'ClientSafetyTests.testOutOfOrderSnapshotCannotReopenTerminalAlert' passed (0.001 seconds)
#11 94.51 Test Case 'ClientSafetyTests.testSecurePendingWriteFailurePreventsPost' started at 2026-09-29 03:21:30.307
#11 94.51 Test Case 'ClientSafetyTests.testSecurePendingWriteFailurePreventsPost' passed (0.001 seconds)
#11 94.51 Test Case 'ClientSafetyTests.testStaleDraftRemainsNeverSentWithoutNetworkMutation' started at 2026-09-29 03:21:30.308
#11 94.51 Test Case 'ClientSafetyTests.testStaleDraftRemainsNeverSentWithoutNetworkMutation' passed (0.001 seconds)
#11 94.51 Test Case 'ClientSafetyTests.testTombstonesRemoveDetailsAndPartialSnapshotFailsClosed' started at 2026-09-29 03:21:30.309
#11 94.51 Test Case 'ClientSafetyTests.testTombstonesRemoveDetailsAndPartialSnapshotFailsClosed' passed (0.002 seconds)
#11 94.54 Test Case 'ClientSafetyTests.testTransportFailureRetainsUnknownAndSameOperationLookupOnly' started at 2026-09-29 03:21:30.311
#11 94.54 Test Case 'ClientSafetyTests.testTransportFailureRetainsUnknownAndSameOperationLookupOnly' passed (0.002 seconds)
#11 94.54 Test Case 'ClientSafetyTests.testUnknownReceipt404CannotBecomeNeverSentOrBeDiscarded' started at 2026-09-29 03:21:30.313
#11 94.54 Test Case 'ClientSafetyTests.testUnknownReceipt404CannotBecomeNeverSentOrBeDiscarded' passed (0.002 seconds)
#11 94.54 Test Case 'ClientSafetyTests.testUnknownStateSurvivesSameAccountReauthenticationWithoutResend' started at 2026-09-29 03:21:30.314
#11 94.54 Test Case 'ClientSafetyTests.testUnknownStateSurvivesSameAccountReauthenticationWithoutResend' passed (0.002 seconds)
#11 94.54 Test Case 'ClientSafetyTests.testVerificationAccountSwitchRejectsPreviousAccountsDelayedSync' started at 2026-09-29 03:21:30.316
#11 94.54 Test Case 'ClientSafetyTests.testVerificationAccountSwitchRejectsPreviousAccountsDelayedSync' passed (0.003 seconds)
#11 94.54 Test Suite 'ClientSafetyTests' passed at 2026-09-29 03:21:30.320
#11 94.54 	 Executed 15 tests, with 0 failures (0 unexpected) in 0.034 (0.034) seconds
#11 94.54 Test Suite 'StorageBoundaryTests' started at 2026-09-29 03:21:30.320
#11 94.54 Test Case 'StorageBoundaryTests.testClearingAuthPreservesUncertainPendingReceiptForReauthentication' started at 2026-09-29 03:21:30.320
#11 94.54 Test Case 'StorageBoundaryTests.testClearingAuthPreservesUncertainPendingReceiptForReauthentication' passed (0.0 seconds)
#11 94.54 Test Case 'StorageBoundaryTests.testClearingOneEnvironmentDoesNotClearAnotherEnvironment' started at 2026-09-29 03:21:30.320
#11 94.54 Test Case 'StorageBoundaryTests.testClearingOneEnvironmentDoesNotClearAnotherEnvironment' passed (0.0 seconds)
#11 94.54 Test Case 'StorageBoundaryTests.testEnvironmentRejectsExternalCredentialsQueriesAndPaths' started at 2026-09-29 03:21:30.320
#11 94.54 Test Case 'StorageBoundaryTests.testEnvironmentRejectsExternalCredentialsQueriesAndPaths' passed (0.0 seconds)
#11 94.54 Test Case 'StorageBoundaryTests.testInvalidatedAuthCallbackCannotRecreateCredentials' started at 2026-09-29 03:21:30.320
#11 94.54 Test Case 'StorageBoundaryTests.testInvalidatedAuthCallbackCannotRecreateCredentials' passed (0.0 seconds)
#11 94.54 Test Suite 'StorageBoundaryTests' passed at 2026-09-29 03:21:30.320
#11 94.54 	 Executed 4 tests, with 0 failures (0 unexpected) in 0.001 (0.001) seconds
#11 94.54 Test Suite 'debug.xctest' passed at 2026-09-29 03:21:30.320
#11 94.54 	 Executed 24 tests, with 0 failures (0 unexpected) in 0.052 (0.052) seconds
#11 94.54 Test Suite 'All tests' passed at 2026-09-29 03:21:30.320
#11 94.54 	 Executed 24 tests, with 0 failures (0 unexpected) in 0.052 (0.052) seconds
#11 94.54 ◇ Test run started.
#11 94.54 ↳ Testing Library Version: 6.2.4 (5ee435b15ad40ec)
#11 94.54 ↳ Target Platform: x86_64-unknown-linux-gnu
#11 94.54 ✔ Test run with 0 tests in 0 suites passed after 0.001 seconds.
#11 DONE 94.6s

#12 [6/6] RUN swift build -j 2 --product IntegrationTrialCLI
#12 2.258 [0/1] Planning build
#12 2.283 Building for debugging...
#12 2.356 [0/2] Write swift-version-24593BA9C3E375BF.txt
#12 2.395 Build of product 'IntegrationTrialCLI' complete! (1.98s)
#12 DONE 2.4s

#13 exporting to image
#13 exporting layers
#13 exporting layers 2.4s done
#13 writing image sha256:f9774119905ec118e9a72ebccbd2b5a0de4cd775a5c82ab6235235319b900f65 done
#13 naming to docker.io/library/nidaa-integration-swift:local done
#13 DONE 2.4s

#14 resolving provenance for metadata file
#14 DONE 0.0s
 swift-trial  Built
STAGE isolated_environment
PASS isolated environment configuration
STAGE account_A_signup
PASS account_A_signup
STAGE account_A_local_inbox
PASS account_A_local_inbox
STAGE account_A_sdk_email_verification
PASS account_A_sdk_email_verification
STAGE account_A_sdk_password_login
PASS account_A_sdk_password_login
STAGE account_B_signup
PASS account_B_signup
STAGE account_B_local_inbox
PASS account_B_local_inbox
STAGE account_B_sdk_email_verification
PASS account_B_sdk_email_verification
STAGE account_B_sdk_password_login
PASS account_B_sdk_password_login
STAGE account_C_signup
PASS account_C_signup
STAGE account_C_local_inbox
PASS account_C_local_inbox
STAGE account_C_sdk_email_verification
PASS account_C_sdk_email_verification
STAGE account_C_sdk_password_login
PASS account_C_sdk_password_login
PASS official Auth signup, local inbox verification and password login for three isolated accounts
PASS two independent recipient sessions use one stable account identity
PASS explicit target-bound consent; unauthorized invite acceptance and reverse sending denied
PASS shared HTTP alert retrieval on both recipient sessions; third-account access denied
PASS acknowledgement, opening and explicit response observed by sender; conflicting second response rejected
PASS same-operation lookup and official Auth refresh retain identity
PASS current-session logout clears its local replica without logging out the other recipient session
Swift integration trial PASSED: real local GoTrue, HTTP and PostgreSQL; no external email or notifications
Linux credentials used isolated process memory. Apple Keychain and Simulator UI are separate test evidence.
