#1 [internal] load local bake definitions
#1 reading from stdin 444B done
#1 DONE 0.0s

#2 [internal] load build definition from Dockerfile.swift
#2 transferring dockerfile: 495B done
#2 DONE 0.0s

#3 [auth] library/swift:pull token for registry-1.docker.io
#3 DONE 0.0s

#4 [internal] load metadata for docker.io/library/swift:6.2.4-noble
#4 DONE 0.4s

#5 [internal] load .dockerignore
#5 transferring context: 203B done
#5 DONE 0.0s

#6 [internal] load build context
#6 transferring context: 90.51kB 0.0s done
#6 DONE 0.0s

#7 [1/6] FROM docker.io/library/swift:6.2.4-noble@sha256:9bea530093ffff8cf6c259991715ee843fe4d0f932e612f7f4b79cca6e00db87
#7 resolve docker.io/library/swift:6.2.4-noble@sha256:9bea530093ffff8cf6c259991715ee843fe4d0f932e612f7f4b79cca6e00db87 done
#7 sha256:5dda2037e4b0d49a2669d4f4e1e442a17d67ff0d6158d48d6c90499ca406829c 174B / 174B 0.1s done
#7 sha256:9bea530093ffff8cf6c259991715ee843fe4d0f932e612f7f4b79cca6e00db87 2.62kB / 2.62kB done
#7 sha256:5d644ebece6bab22511ae477406c0a20910fe92ea6a818f6bf58a4db0c1329b9 1.73kB / 1.73kB done
#7 sha256:823c2b86be15e6150ed3049c98b36976caff763b0fdfc8867a099b1dfe6f14d5 5.63kB / 5.63kB done
#7 sha256:f4c3b601e7b1edd985ee303064a9da9cbc7a5b4d7d6e516aa1493bf30b43f58b 5.24MB / 129.77MB 0.1s
#7 sha256:cfb19389a38fdab8e0793fe74a03a7f970c7294e6f7868c1262883db29dd857a 1.05MB / 1.03GB 0.1s
#7 sha256:f4c3b601e7b1edd985ee303064a9da9cbc7a5b4d7d6e516aa1493bf30b43f58b 78.64MB / 129.77MB 0.3s
#7 sha256:f4c3b601e7b1edd985ee303064a9da9cbc7a5b4d7d6e516aa1493bf30b43f58b 129.77MB / 129.77MB 0.5s done
#7 sha256:cfb19389a38fdab8e0793fe74a03a7f970c7294e6f7868c1262883db29dd857a 82.84MB / 1.03GB 0.5s
#7 sha256:cfb19389a38fdab8e0793fe74a03a7f970c7294e6f7868c1262883db29dd857a 136.31MB / 1.03GB 0.6s
#7 extracting sha256:f4c3b601e7b1edd985ee303064a9da9cbc7a5b4d7d6e516aa1493bf30b43f58b 0.1s
#7 sha256:cfb19389a38fdab8e0793fe74a03a7f970c7294e6f7868c1262883db29dd857a 226.49MB / 1.03GB 0.8s
#7 sha256:cfb19389a38fdab8e0793fe74a03a7f970c7294e6f7868c1262883db29dd857a 355.47MB / 1.03GB 1.1s
#7 sha256:cfb19389a38fdab8e0793fe74a03a7f970c7294e6f7868c1262883db29dd857a 436.21MB / 1.03GB 1.3s
#7 sha256:cfb19389a38fdab8e0793fe74a03a7f970c7294e6f7868c1262883db29dd857a 537.92MB / 1.03GB 1.5s
#7 sha256:cfb19389a38fdab8e0793fe74a03a7f970c7294e6f7868c1262883db29dd857a 590.35MB / 1.03GB 1.6s
#7 sha256:cfb19389a38fdab8e0793fe74a03a7f970c7294e6f7868c1262883db29dd857a 670.04MB / 1.03GB 1.8s
#7 sha256:cfb19389a38fdab8e0793fe74a03a7f970c7294e6f7868c1262883db29dd857a 750.78MB / 1.03GB 2.0s
#7 sha256:cfb19389a38fdab8e0793fe74a03a7f970c7294e6f7868c1262883db29dd857a 827.33MB / 1.03GB 2.2s
#7 sha256:cfb19389a38fdab8e0793fe74a03a7f970c7294e6f7868c1262883db29dd857a 903.87MB / 1.03GB 2.4s
#7 sha256:cfb19389a38fdab8e0793fe74a03a7f970c7294e6f7868c1262883db29dd857a 981.47MB / 1.03GB 2.6s
#7 sha256:cfb19389a38fdab8e0793fe74a03a7f970c7294e6f7868c1262883db29dd857a 1.03GB / 1.03GB 5.0s done
#7 extracting sha256:f4c3b601e7b1edd985ee303064a9da9cbc7a5b4d7d6e516aa1493bf30b43f58b 5.2s
#7 extracting sha256:f4c3b601e7b1edd985ee303064a9da9cbc7a5b4d7d6e516aa1493bf30b43f58b 5.2s done
#7 extracting sha256:cfb19389a38fdab8e0793fe74a03a7f970c7294e6f7868c1262883db29dd857a
#7 extracting sha256:cfb19389a38fdab8e0793fe74a03a7f970c7294e6f7868c1262883db29dd857a 5.0s
#7 extracting sha256:cfb19389a38fdab8e0793fe74a03a7f970c7294e6f7868c1262883db29dd857a 10.1s
#7 extracting sha256:cfb19389a38fdab8e0793fe74a03a7f970c7294e6f7868c1262883db29dd857a 14.4s done
#7 extracting sha256:5dda2037e4b0d49a2669d4f4e1e442a17d67ff0d6158d48d6c90499ca406829c
#7 extracting sha256:5dda2037e4b0d49a2669d4f4e1e442a17d67ff0d6158d48d6c90499ca406829c done
#7 DONE 24.2s

#8 [2/6] WORKDIR /swifttrial
#8 DONE 0.0s

#9 [3/6] COPY IntegrationClient/ ./
#9 DONE 0.0s

#10 [4/6] RUN swift --version > /swifttrial/swift-version.txt && swift package resolve
#10 0.719 Fetching https://github.com/apple/swift-asn1.git
#10 0.720 Fetching https://github.com/pointfreeco/swift-concurrency-extras
#10 0.721 Fetching https://github.com/apple/swift-crypto.git
#10 0.981 [1/1058] Fetching swift-concurrency-extras
#10 1.004 [467/3044] Fetching swift-concurrency-extras, swift-asn1
#10 1.019 [1577/21617] Fetching swift-concurrency-extras, swift-asn1, swift-crypto
#10 1.090 Fetched https://github.com/pointfreeco/swift-concurrency-extras from cache (0.37s)
#10 1.091 Fetched https://github.com/apple/swift-asn1.git from cache (0.37s)
#10 1.092 Fetching https://github.com/pointfreeco/xctest-dynamic-overlay
#10 1.095 Fetching https://github.com/supabase/supabase-swift.git
#10 1.098 [743/18573] Fetching swift-crypto
#10 1.500 [4645/21300] Fetching swift-crypto, xctest-dynamic-overlay
#10 1.752 [18701/54990] Fetching swift-crypto, xctest-dynamic-overlay, supabase-swift
#10 2.433 Fetched https://github.com/apple/swift-crypto.git from cache (1.71s)
#10 2.437 Fetching https://github.com/apple/swift-http-types.git
#10 2.660 Fetched https://github.com/pointfreeco/xctest-dynamic-overlay from cache (1.57s)
#10 2.662 Fetching https://github.com/pointfreeco/swift-clocks
#10 2.672 Fetched https://github.com/supabase/supabase-swift.git from cache (1.58s)
#10 2.734 [1/1939] Fetching swift-http-types
#10 2.810 Fetched https://github.com/apple/swift-http-types.git from cache (0.37s)
#10 2.901 [1/1446] Fetching swift-clocks
#10 2.954 Fetched https://github.com/pointfreeco/swift-clocks from cache (0.29s)
#10 2.959 Creating working copy for https://github.com/supabase/supabase-swift.git
#10 2.959 Creating working copy for https://github.com/pointfreeco/swift-clocks
#10 2.960 Creating working copy for https://github.com/apple/swift-crypto.git
#10 2.968 Creating working copy for https://github.com/apple/swift-http-types.git
#10 3.011 Working copy of https://github.com/pointfreeco/swift-clocks resolved at 1.1.1
#10 3.011 Creating working copy for https://github.com/pointfreeco/swift-concurrency-extras
#10 3.067 Working copy of https://github.com/pointfreeco/swift-concurrency-extras resolved at 1.4.1
#10 3.074 Creating working copy for https://github.com/pointfreeco/xctest-dynamic-overlay
#10 3.111 Working copy of https://github.com/pointfreeco/xctest-dynamic-overlay resolved at 1.13.1
#10 3.115 Creating working copy for https://github.com/apple/swift-asn1.git
#10 3.123 Working copy of https://github.com/apple/swift-http-types.git resolved at 1.8.0
#10 3.139 Working copy of https://github.com/supabase/supabase-swift.git resolved at 2.55.2
#10 3.178 Working copy of https://github.com/apple/swift-asn1.git resolved at 1.7.3
#10 3.329 Working copy of https://github.com/apple/swift-crypto.git resolved at 4.5.2
#10 DONE 6.3s

#11 [5/6] RUN swift test -j 2 2>&1 | tee /swifttrial/unit-tests.log
#11 3.821 Building for debugging...
#11 4.260 [0/407] Compiling a_mbstr.cc
#11 4.304 [1/407] Compiling a_object.cc
#11 4.304 [2/407] Write sources
#11 4.318 [13/407] Write swift-version-24593BA9C3E375BF.txt
#11 4.331 [14/407] Compiling CXKCPShims shims.c
#11 4.340 [15/407] Compiling SimpleFIPS202.c
#11 6.471 [17/425] Emitting module IssueReporting
#11 9.043 [18/436] Emitting module HTTPTypes
#11 9.043 [19/436] Compiling HTTPTypes HTTP2ErrorCode.swift
#11 9.045 [20/436] Compiling HTTPTypes HTTP3ErrorCode.swift
#11 9.045 [21/436] Compiling HTTPTypes HTTPField.swift
#11 9.046 [22/436] Compiling HTTPTypes HTTPFieldName.swift
#11 9.046 [23/436] Compiling HTTPTypes HTTPFieldValue.swift
#11 10.41 [24/441] Compiling IssueReporting IssueReporter.swift
#11 10.41 [25/441] Compiling IssueReporting BreakpointReporter.swift
#11 10.41 [26/441] Compiling IssueReporting DefaultReporter.swift
#11 10.41 [27/441] Compiling IssueReporting FatalErrorReporter.swift
#11 10.41 [28/441] Compiling IssueReporting IssueSeverity.swift
#11 10.41 [29/441] Compiling IssueReporting ReportIssue.swift
#11 10.41 [30/441] Compiling IssueReporting _Test.swift
#11 10.41 [31/441] Compiling IssueReporting TestContext.swift
#11 10.41 [32/441] Compiling IssueReporting Unimplemented.swift
#11 10.41 [33/441] Compiling IssueReporting WithExpectedIssue.swift
#11 10.41 [34/441] Compiling IssueReporting WithIssueContext.swift
#11 10.46 [40/441] Compiling HTTPTypes HTTPFields.swift
#11 10.46 [41/441] Compiling HTTPTypes HTTPParsedFields.swift
#11 10.46 [42/441] Compiling HTTPTypes HTTPRequest+URL.swift
#11 10.46 [43/441] Compiling HTTPTypes HTTPRequest.swift
#11 10.46 [44/441] Compiling HTTPTypes HTTPResponse.swift
#11 10.46 [45/441] Compiling IssueReporting IsTesting.swift
#11 10.69 [47/449] Emitting module ConcurrencyExtras
#11 10.93 [48/454] Compiling ConcurrencyExtras ActorIsolated.swift
#11 10.93 [49/454] Compiling ConcurrencyExtras AnyHashableSendable.swift
#11 10.93 [50/454] Compiling ConcurrencyExtras AsyncStream.swift
#11 10.93 [51/454] Compiling ConcurrencyExtras AsyncThrowingStream.swift
#11 10.93 [52/454] Compiling ConcurrencyExtras Locking.swift
#11 10.93 [53/454] Compiling ConcurrencyExtras UncheckedBox.swift
#11 11.06 [54/454] Compiling ConcurrencyExtras LockIsolated.swift
#11 11.06 [55/454] Compiling ConcurrencyExtras MainSerialExecutor.swift
#11 11.06 [56/454] Compiling ConcurrencyExtras Result.swift
#11 11.06 [57/454] Compiling ConcurrencyExtras Task.swift
#11 11.06 [58/454] Compiling ConcurrencyExtras UncheckedSendable.swift
#11 11.56 [66/464] Compiling Clocks AnyClock.swift
#11 11.56 [67/464] Compiling Clocks ImmediateClock.swift
#11 11.56 [68/464] Emitting module XCTestDynamicOverlay
#11 11.63 [71/465] Compiling Clocks Lock.swift
#11 11.63 [72/465] Compiling Clocks _AsyncTimerSequence.swift
#11 11.63 [73/465] Emitting module Clocks
#11 11.66 [74/469] Compiling XCTestDynamicOverlay Fail.swift
#11 11.72 [75/470] Wrapping AST for IssueReporting for debugging
#11 11.75 [76/470] Wrapping AST for XCTestDynamicOverlay for debugging
#11 11.79 [77/470] Wrapping AST for HTTPTypes for debugging
#11 11.82 [78/470] Wrapping AST for ConcurrencyExtras for debugging
#11 11.84 [79/470] Compiling KeccakSponge.c
#11 12.08 [80/470] Compiling KeccakP-1600-opt64.c
#11 12.10 [82/470] Compiling Clocks SwiftUI.swift
#11 12.10 [83/470] Compiling Clocks TestClock.swift
#11 12.10 [84/470] Compiling Clocks Timer.swift
#11 12.10 [85/470] Compiling Clocks UnimplementedClock.swift
#11 12.10 [85/470] Compiling KeccakHash.c
#11 12.16 [87/471] Compiling fiat_p256_adx_sqr.S
#11 12.35 [88/484] Compiling CCryptoBoringSSLShims shims.c
#11 12.38 [89/484] Wrapping AST for Clocks for debugging
#11 12.41 [90/484] Compiling fiat_p256_adx_mul.S
#11 12.45 [91/484] Compiling fiat_curve25519_adx_square.S
#11 12.48 [92/484] Compiling fiat_curve25519_adx_mul.S
#11 12.51 [93/484] Compiling md5-x86_64-linux.S
#11 12.57 [94/484] Compiling md5-x86_64-apple.S
#11 12.62 [95/484] Compiling md5-586-linux.S
#11 12.65 [96/484] Compiling md5-586-apple.S
#11 12.89 [97/484] Compiling err_data.cc
#11 12.95 [98/484] Compiling chacha20_poly1305_x86_64-linux.S
#11 12.98 [99/484] Compiling chacha20_poly1305_x86_64-apple.S
#11 13.01 [100/484] Compiling chacha20_poly1305_armv8-win.S
#11 13.04 [101/484] Compiling chacha20_poly1305_armv8-linux.S
#11 13.07 [102/484] Compiling chacha20_poly1305_armv8-apple.S
#11 13.11 [103/484] Compiling chacha-x86_64-linux.S
#11 13.14 [104/484] Compiling chacha-x86_64-apple.S
#11 13.17 [105/484] Compiling chacha-x86-linux.S
#11 13.21 [106/484] Compiling chacha-x86-apple.S
#11 13.24 [107/484] Compiling chacha-armv8-win.S
#11 13.25 [109/484] Emitting module Helpers
#11 13.25 [110/484] Compiling Helpers APIKeyFormat.swift
#11 13.25 [111/484] Compiling Helpers AnyJSON+Codable.swift
#11 13.25 [112/484] Compiling Helpers AnyJSON.swift
#11 13.25 [113/484] Compiling Helpers Base64URL.swift
#11 13.25 [114/484] Compiling Helpers Codable.swift
#11 13.25 [115/484] Compiling Helpers DateFormatter.swift
#11 13.25 [116/484] Compiling Helpers EventEmitter.swift
#11 13.25 [117/484] Compiling Helpers FoundationExtensions.swift
#11 13.25 [118/484] Compiling Helpers HTTPClient.swift
#11 13.25 [119/484] Compiling Helpers HTTPFields.swift
#11 13.25 [120/484] Compiling Helpers HTTPRequest.swift
#11 13.25 [121/484] Compiling Helpers HTTPResponse.swift
#11 13.28 [121/495] Compiling chacha-armv8-linux.S
#11 13.31 [122/495] Compiling chacha-armv8-apple.S
#11 13.34 [123/495] Compiling chacha-armv4-linux.S
#11 13.38 [124/495] Compiling aes128gcmsiv-x86_64-linux.S
#11 13.42 [125/495] Compiling aes128gcmsiv-x86_64-apple.S
#11 13.46 [126/495] Compiling x86_64-mont5-linux.S
#11 13.49 [127/495] Compiling x86_64-mont5-apple.S
#11 13.53 [128/495] Compiling x86_64-mont-linux.S
#11 13.56 [129/495] Compiling x86_64-mont-apple.S
#11 13.60 [130/495] Compiling x86-mont-linux.S
#11 13.63 [131/495] Compiling x86-mont-apple.S
#11 13.66 [132/495] Compiling vpaes-x86_64-linux.S
#11 13.70 [133/495] Compiling vpaes-x86_64-apple.S
#11 13.73 [134/495] Compiling vpaes-x86-linux.S
#11 13.76 [135/495] Compiling vpaes-x86-apple.S
#11 13.79 [136/495] Compiling vpaes-armv8-win.S
#11 13.83 [137/495] Compiling vpaes-armv8-linux.S
#11 13.86 [138/495] Compiling vpaes-armv8-apple.S
#11 13.89 [139/495] Compiling vpaes-armv7-linux.S
#11 13.93 [140/495] Compiling sha512-x86_64-linux.S
#11 13.96 [141/495] Compiling sha512-x86_64-apple.S
#11 13.99 [142/495] Compiling sha512-armv8-win.S
#11 14.02 [143/495] Compiling sha512-armv8-linux.S
#11 14.06 [144/495] Compiling sha512-armv8-apple.S
#11 14.09 [145/495] Compiling sha512-armv4-linux.S
#11 14.12 [146/495] Compiling sha512-586-linux.S
#11 14.14 [148/495] Compiling Helpers LoggerInterceptor.swift
#11 14.14 [149/495] Compiling Helpers RetryRequestInterceptor.swift
#11 14.14 [150/495] Compiling Helpers JWT.swift
#11 14.14 [151/495] Compiling Helpers OSLogSupabaseLogger.swift
#11 14.14 [152/495] Compiling Helpers SupabaseLogger.swift
#11 14.14 [153/495] Compiling Helpers PostgRESTFilterValue.swift
#11 14.14 [154/495] Compiling Helpers HTTPError.swift
#11 14.14 [155/495] Compiling Helpers PostgrestError.swift
#11 14.14 [156/495] Compiling Helpers Task+withTimeout.swift
#11 14.14 [157/495] Compiling Helpers TaskLocalHelpers.swift
#11 14.14 [158/495] Compiling Helpers Version.swift
#11 14.16 [158/496] Compiling sha512-586-apple.S
#11 14.20 [160/496] Compiling sha256-x86_64-linux.S
#11 14.22 [161/496] Compiling sha256-x86_64-apple.S
#11 14.24 [162/496] Wrapping AST for Helpers for debugging
#11 14.26 [163/496] Compiling sha256-armv8-win.S
#11 14.27 [164/496] Compiling sha256-armv8-linux.S
#11 14.29 [165/496] Compiling sha256-armv8-apple.S
#11 14.30 [166/496] Compiling sha256-armv4-linux.S
#11 14.32 [167/496] Compiling sha256-586-linux.S
#11 14.34 [168/496] Compiling sha256-586-apple.S
#11 14.37 [169/496] Compiling sha1-x86_64-apple.S
#11 14.37 [170/496] Compiling sha1-x86_64-linux.S
#11 14.40 [171/496] Compiling sha1-armv8-win.S
#11 14.40 [172/496] Compiling sha1-armv8-linux.S
#11 14.43 [173/496] Compiling sha1-armv8-apple.S
#11 14.44 [174/496] Compiling sha1-armv4-large-linux.S
#11 14.46 [175/496] Compiling sha1-586-linux.S
#11 14.47 [176/496] Compiling sha1-586-apple.S
#11 14.50 [177/496] Compiling rsaz-avx2-linux.S
#11 14.50 [178/496] Compiling rsaz-avx2-apple.S
#11 14.53 [179/496] Compiling rdrand-x86_64-apple.S
#11 14.53 [180/496] Compiling rdrand-x86_64-linux.S
#11 14.56 [181/496] Compiling p256_beeu-x86_64-asm-apple.S
#11 14.57 [182/496] Compiling p256_beeu-x86_64-asm-linux.S
#11 14.60 [183/496] Compiling p256_beeu-armv8-asm-linux.S
#11 14.60 [184/496] Compiling p256_beeu-armv8-asm-win.S
#11 14.64 [185/496] Compiling p256_beeu-armv8-asm-apple.S
#11 14.66 [186/496] Compiling p256-x86_64-asm-linux.S
#11 14.69 [187/496] Compiling p256-x86_64-asm-apple.S
#11 14.69 [188/496] Compiling p256-armv8-asm-win.S
#11 14.72 [189/496] Compiling p256-armv8-asm-apple.S
#11 14.73 [190/496] Compiling p256-armv8-asm-linux.S
#11 14.76 [191/496] Compiling ghashv8-armv8-linux.S
#11 14.76 [191/496] Compiling ghashv8-armv8-win.S
#11 14.79 [193/496] Compiling ghashv8-armv7-linux.S
#11 14.79 [194/496] Compiling ghashv8-armv8-apple.S
#11 14.82 [195/496] Compiling ghash-x86_64-apple.S
#11 14.83 [196/496] Compiling ghash-x86_64-linux.S
#11 14.86 [197/496] Compiling ghash-x86-linux.S
#11 14.86 [198/496] Compiling ghash-x86-apple.S
#11 14.89 [199/496] Compiling ghash-ssse3-x86_64-linux.S
#11 14.89 [200/496] Compiling ghash-ssse3-x86_64-apple.S
#11 14.93 [201/496] Compiling ghash-ssse3-x86-apple.S
#11 14.93 [202/496] Compiling ghash-ssse3-x86-linux.S
#11 14.96 [203/496] Compiling ghash-neon-armv8-linux.S
#11 14.97 [204/496] Compiling ghash-neon-armv8-win.S
#11 15.00 [205/496] Compiling ghash-armv4-linux.S
#11 15.00 [206/496] Compiling ghash-neon-armv8-apple.S
#11 15.03 [207/496] Compiling co-586-apple.S
#11 15.03 [208/496] Compiling co-586-linux.S
#11 15.06 [209/496] Compiling bsaes-armv7-linux.S
#11 15.06 [210/496] Compiling bn-armv8-win.S
#11 15.09 [211/496] Compiling bn-armv8-linux.S
#11 15.09 [212/496] Compiling bn-armv8-apple.S
#11 15.13 [213/496] Compiling bn-586-apple.S
#11 15.13 [214/496] Compiling bn-586-linux.S
#11 15.16 [215/496] Compiling armv8-mont-linux.S
#11 15.16 [216/496] Compiling armv8-mont-win.S
#11 15.19 [217/496] Compiling armv4-mont-linux.S
#11 15.19 [218/496] Compiling armv8-mont-apple.S
#11 15.22 [219/496] Compiling aesv8-gcm-armv8-linux.S
#11 15.23 [220/496] Compiling aesv8-gcm-armv8-win.S
#11 15.26 [221/496] Compiling aesv8-armv8-win.S
#11 15.26 [222/496] Compiling aesv8-gcm-armv8-apple.S
#11 15.29 [223/496] Compiling aesv8-armv8-apple.S
#11 15.29 [224/496] Compiling aesv8-armv8-linux.S
#11 15.33 [225/496] Compiling aesv8-armv7-linux.S
#11 15.33 [226/496] Compiling aesni-x86_64-linux.S
#11 15.36 [227/496] Compiling aesni-x86_64-apple.S
#11 15.36 [228/496] Compiling aesni-x86-linux.S
#11 15.39 [229/496] Compiling aesni-x86-apple.S
#11 15.40 [230/496] Compiling aesni-gcm-x86_64-linux.S
#11 15.42 [231/496] Compiling aesni-gcm-x86_64-apple.S
#11 15.43 [232/496] Compiling aes-gcm-avx512-x86_64-linux.S
#11 15.45 [233/496] Compiling aes-gcm-avx512-x86_64-apple.S
#11 15.47 [234/496] Compiling aes-gcm-avx2-x86_64-linux.S
#11 15.48 [235/496] Compiling aes-gcm-avx2-x86_64-apple.S
#11 15.75 [236/496] Compiling xwing.cc
#11 16.10 [237/496] Compiling x_x509a.cc
#11 16.38 [238/496] Compiling x_x509.cc
#11 16.65 [239/496] Compiling x_spki.cc
#11 16.94 [240/496] Compiling x_sig.cc
#11 17.25 [241/496] Compiling x_req.cc
#11 17.61 [242/496] Compiling x_pubkey.cc
#11 17.86 [243/496] Compiling x_name.cc
#11 18.19 [244/496] Compiling x_exten.cc
#11 18.44 [245/496] Compiling x_crl.cc
#11 18.74 [246/496] Compiling x_attrib.cc
#11 19.10 [247/496] Compiling x_all.cc
#11 19.45 [248/496] Compiling x_algor.cc
#11 19.63 [249/496] Compiling x509spki.cc
#11 20.03 [250/496] Compiling x509rset.cc
#11 20.21 [251/496] Compiling x509name.cc
#11 20.59 [252/496] Compiling x509cset.cc
#11 20.79 [253/496] Compiling x509_vpm.cc
#11 21.27 [254/496] Compiling x509_vfy.cc
#11 21.39 [255/496] Compiling x509_v3.cc
#11 21.77 [256/496] Compiling x509_txt.cc
#11 21.96 [257/496] Compiling x509_trs.cc
#11 22.35 [258/496] Compiling x509_set.cc
#11 22.56 [259/496] Compiling x509_req.cc
#11 22.92 [260/496] Compiling x509_obj.cc
#11 23.18 [261/496] Compiling x509_lu.cc
#11 23.55 [262/496] Compiling x509_ext.cc
#11 23.70 [263/496] Compiling x509_def.cc
#11 24.07 [264/496] Compiling x509_d2.cc
#11 24.28 [265/496] Compiling x509_cmp.cc
#11 24.64 [266/496] Compiling x509_att.cc
#11 24.79 [267/496] Compiling x509.cc
#11 25.33 [268/496] Compiling v3_utl.cc
#11 25.44 [269/496] Compiling v3_skey.cc
#11 25.90 [270/496] Compiling v3_purp.cc
#11 25.96 [271/496] Compiling v3_prn.cc
#11 26.46 [272/496] Compiling v3_pmaps.cc
#11 26.52 [273/496] Compiling v3_pcons.cc
#11 27.02 [274/496] Compiling v3_ocsp.cc
#11 27.12 [275/496] Compiling v3_ncons.cc
#11 27.63 [276/496] Compiling v3_lib.cc
#11 27.73 [277/496] Compiling v3_int.cc
#11 28.24 [278/496] Compiling v3_info.cc
#11 28.28 [279/496] Compiling v3_ia5.cc
#11 28.83 [280/496] Compiling v3_genn.cc
#11 28.85 [281/496] Compiling v3_extku.cc
#11 29.44 [282/496] Compiling v3_enum.cc
#11 29.47 [283/496] Compiling v3_crld.cc
#11 30.01 [284/496] Compiling v3_cpols.cc
#11 30.09 [285/496] Compiling v3_conf.cc
#11 30.56 [286/496] Compiling v3_bitst.cc
#11 30.66 [287/496] Compiling v3_bcons.cc
#11 31.14 [288/496] Compiling v3_alt.cc
#11 31.22 [289/496] Compiling v3_akeya.cc
#11 31.76 [290/496] Compiling v3_akey.cc
#11 31.82 [291/496] Compiling t_x509a.cc
#11 32.33 [292/496] Compiling t_x509.cc
#11 32.38 [293/496] Compiling t_req.cc
#11 32.84 [294/496] Compiling t_crl.cc
#11 32.96 [295/496] Compiling rsa_pss.cc
#11 33.45 [296/496] Compiling policy.cc
#11 33.50 [297/496] Compiling name_print.cc
#11 33.80 [298/496] Compiling i2d_pr.cc
#11 34.10 [299/496] Compiling by_file.cc
#11 34.40 [300/496] Compiling by_dir.cc
#11 34.69 [301/496] Compiling asn1_gen.cc
#11 34.96 [302/496] Compiling algorithm.cc
#11 35.28 [303/496] Compiling a_verify.cc
#11 35.59 [304/496] Compiling a_sign.cc
#11 35.83 [305/496] Compiling a_digest.cc
#11 36.06 [306/496] Compiling voprf.cc
#11 36.35 [307/496] Compiling trust_token.cc
#11 36.49 [308/496] Compiling pmbtoken.cc
#11 36.61 [309/496] Compiling thread_win.cc
#11 36.76 [310/496] Compiling thread_pthread.cc
#11 36.86 [311/496] Compiling thread_none.cc
#11 36.97 [312/496] Compiling thread.cc
#11 37.14 [313/496] Compiling stack.cc
#11 37.40 [314/496] Compiling spake2plus.cc
#11 37.47 [315/496] Compiling slhdsa.cc
#11 37.69 [316/496] Compiling siphash.cc
#11 37.71 [317/496] Compiling sha512.cc
#11 37.94 [318/496] Compiling sha256.cc
#11 37.97 [319/496] Compiling sha1.cc
#11 38.20 [320/496] Compiling rsa_extra.cc
#11 38.20 [321/496] Compiling rsa_print.cc
#11 38.55 [322/496] Compiling rsa_crypt.cc
#11 38.79 [323/496] Compiling rsa_asn1.cc
#11 38.82 [324/496] Compiling refcount.cc
#11 39.01 [325/496] Compiling rc4.cc
#11 39.09 [326/496] Compiling windows.cc
#11 39.30 [327/496] Compiling urandom.cc
#11 39.30 [328/496] Compiling trusty.cc
#11 39.55 [329/496] Compiling rand.cc
#11 39.60 [330/496] Compiling passive.cc
#11 39.77 [331/496] Compiling ios.cc
#11 39.82 [332/496] Compiling getentropy.cc
#11 40.07 [333/496] Compiling forkunsafe.cc
#11 40.12 [334/496] Compiling fork_detect.cc
#11 40.30 [335/496] Compiling deterministic.cc
#11 40.48 [336/496] Compiling pool.cc
#11 40.51 [337/496] Compiling poly1305_arm_asm.S
#11 40.66 [338/496] Compiling poly1305_vec.cc
#11 40.78 [339/496] Compiling poly1305_arm.cc
#11 40.93 [340/496] Compiling poly1305.cc
#11 41.39 [341/496] Compiling pkcs8_x509.cc
#11 41.50 [342/496] Compiling pkcs8.cc
#11 41.99 [343/496] Compiling p5_pbev2.cc
#11 42.15 [344/496] Compiling pkcs7_x509.cc
#11 42.34 [345/496] Compiling pkcs7.cc
#11 42.67 [346/496] Compiling pem_xaux.cc
#11 42.86 [347/496] Compiling pem_x509.cc
#11 43.20 [348/496] Compiling pem_pkey.cc
#11 43.41 [349/496] Compiling pem_pk8.cc
#11 43.75 [350/496] Compiling pem_oth.cc
#11 44.01 [351/496] Compiling pem_lib.cc
#11 44.34 [352/496] Compiling pem_info.cc
#11 44.61 [353/496] Compiling pem_all.cc
#11 44.65 [354/496] Compiling obj_xref.cc
#11 44.88 [355/496] Compiling mlkem.cc
#11 45.12 [356/496] Compiling mldsa.cc
#11 45.17 [357/496] Compiling obj.cc
#11 45.43 [358/496] Compiling mem.cc
#11 45.50 [359/496] Compiling md5.cc
#11 45.79 [360/496] Compiling md4.cc
#11 45.80 [361/496] Compiling lhash.cc
#11 46.13 [362/496] Compiling kyber.cc
#11 46.23 [363/496] Compiling poly_rq_mul.S
#11 46.35 [364/496] Compiling hrss.cc
#11 46.60 [365/496] Compiling fuzzer_mode.cc
#11 46.62 [366/496] Compiling fips_shared_support.cc
#11 46.62 [367/496] Compiling hpke.cc
#11 46.89 [368/496] Compiling ex_data.cc
#11 47.26 [369/496] Compiling sign.cc
#11 47.56 [370/496] Compiling scrypt.cc
#11 47.93 [371/496] Compiling print.cc
#11 48.21 [372/496] Compiling pbkdf.cc
#11 48.57 [373/496] Compiling p_x25519_asn1.cc
#11 48.93 [374/496] Compiling p_x25519.cc
#11 49.31 [375/496] Compiling p_rsa_asn1.cc
#11 49.77 [376/496] Compiling p_rsa.cc
#11 50.13 [377/496] Compiling p_hkdf.cc
#11 50.50 [378/496] Compiling p_ed25519_asn1.cc
#11 50.84 [379/496] Compiling p_ed25519.cc
#11 51.25 [380/496] Compiling p_ec_asn1.cc
#11 51.63 [381/496] Compiling p_ec.cc
#11 52.06 [382/496] Compiling p_dsa_asn1.cc
#11 52.45 [383/496] Compiling p_dh_asn1.cc
#11 52.82 [384/496] Compiling p_dh.cc
#11 53.21 [385/496] Compiling evp_ctx.cc
#11 53.73 [386/496] Compiling evp_asn1.cc
#11 54.12 [387/496] Compiling evp.cc
#11 54.40 [388/496] Compiling bcm.cc
#11 54.45 [389/496] Compiling err.cc
#11 54.75 [390/496] Compiling engine.cc
#11 54.76 [391/496] Compiling ecdsa_p1363.cc
#11 55.09 [392/496] Compiling ecdh.cc
#11 55.21 [393/496] Compiling ecdsa_asn1.cc
#11 55.47 [394/496] Compiling hash_to_curve.cc
#11 55.57 [395/496] Compiling ec_derive.cc
#11 55.97 [396/496] Compiling ec_asn1.cc
#11 56.01 [397/496] Compiling dsa_asn1.cc
#11 56.38 [398/496] Compiling dsa.cc
#11 56.43 [399/496] Compiling digest_extra.cc
#11 56.76 [400/496] Compiling params.cc
#11 56.85 [401/496] Compiling dh_asn1.cc
#11 57.07 [402/496] Compiling des.cc
#11 57.30 [403/496] Compiling spake25519.cc
#11 57.71 [404/496] Compiling curve25519.cc
#11 57.74 [405/496] Compiling x25519-asm-arm.S
#11 57.84 [406/496] Compiling curve25519_64_adx.cc
#11 58.02 [407/496] Compiling crypto.cc
#11 58.12 [408/496] Compiling cpu_intel.cc
#11 58.28 [409/496] Compiling cpu_arm_linux.cc
#11 58.38 [410/496] Compiling cpu_arm_freebsd.cc
#11 58.54 [411/496] Compiling cpu_aarch64_win.cc
#11 58.64 [412/496] Compiling cpu_aarch64_sysreg.cc
#11 58.77 [413/496] Compiling cpu_aarch64_openbsd.cc
#11 58.93 [414/496] Compiling cpu_aarch64_linux.cc
#11 59.06 [415/496] Compiling cpu_aarch64_fuchsia.cc
#11 59.20 [416/496] Compiling cpu_aarch64_apple.cc
#11 59.38 [417/496] Compiling conf.cc
#11 59.67 [418/496] Compiling tls_cbc.cc
#11 59.76 [419/496] Compiling cms.cc
#11 59.98 [420/496] Compiling get_cipher.cc
#11 60.10 [421/496] Compiling e_tls.cc
#11 60.27 [422/496] Compiling e_rc4.cc
#11 60.38 [423/496] Compiling e_rc2.cc
#11 60.55 [424/496] Compiling e_null.cc
#11 60.67 [425/496] Compiling e_des.cc
#11 60.86 [426/496] Compiling e_chacha20poly1305.cc
#11 61.00 [427/496] Compiling e_aesgcmsiv.cc
#11 61.17 [428/496] Compiling e_aeseax.cc
#11 61.28 [429/496] Compiling e_aesctrhmac.cc
#11 61.40 [430/496] Compiling derive_key.cc
#11 61.55 [431/496] Compiling chacha.cc
#11 61.73 [432/496] Compiling unicode.cc
#11 61.95 [433/496] Compiling cbs.cc
#11 62.09 [434/496] Compiling cbb.cc
#11 62.30 [435/496] Compiling ber.cc
#11 62.47 [436/496] Compiling asn1_compat.cc
#11 62.58 [437/496] Compiling buf.cc
#11 62.71 [438/496] Compiling sqrt.cc
#11 62.90 [439/496] Compiling exponentiation.cc
#11 62.99 [440/496] Compiling div.cc
#11 63.27 [441/496] Compiling bn_asn1.cc
#11 63.32 [442/496] Compiling convert.cc
#11 63.57 [443/496] Compiling printf.cc
#11 63.67 [444/496] Compiling blake2.cc
#11 63.87 [445/496] Compiling pair.cc
#11 63.96 [446/496] Compiling hexdump.cc
#11 64.20 [447/496] Compiling file.cc
#11 64.28 [448/496] Compiling fd.cc
#11 64.49 [449/496] Compiling errno.cc
#11 64.58 [450/496] Compiling bio_mem.cc
#11 64.83 [451/496] Compiling bio.cc
#11 64.85 [452/496] Compiling base64.cc
#11 65.17 [453/496] Compiling tasn_typ.cc
#11 65.26 [454/496] Compiling tasn_utl.cc
#11 65.53 [455/496] Compiling tasn_new.cc
#11 65.54 [456/496] Compiling tasn_fre.cc
#11 65.87 [457/496] Compiling tasn_enc.cc
#11 65.96 [458/496] Compiling tasn_dec.cc
#11 66.15 [459/496] Compiling posix_time.cc
#11 66.25 [460/496] Compiling f_string.cc
#11 66.44 [461/496] Compiling f_int.cc
#11 66.53 [462/496] Compiling asn_pack.cc
#11 66.70 [463/496] Compiling asn1_par.cc
#11 66.91 [464/496] Compiling asn1_lib.cc
#11 67.03 [465/496] Compiling a_utctm.cc
#11 67.32 [466/496] Compiling a_type.cc
#11 67.40 [467/496] Compiling a_time.cc
#11 67.78 [468/496] Compiling a_strex.cc
#11 67.83 [469/496] Compiling a_strnid.cc
#11 68.05 [470/496] Compiling a_octet.cc
#11 68.21 [471/496] Compiling a_int.cc
#11 68.34 [472/496] Compiling a_i2d_fp.cc
#11 68.55 [473/496] Compiling a_gentm.cc
#11 68.61 [474/496] Compiling a_dup.cc
#11 68.83 [475/496] Compiling a_d2i_fp.cc
#11 68.94 [476/496] Compiling a_bool.cc
#11 69.16 [477/496] Compiling aes.cc
#11 69.16 [478/496] Write sources
#11 69.20 [479/496] Compiling a_bitstr.cc
#11 69.77 [481/501] Emitting module CryptoBoringWrapper
#11 70.30 [482/504] Compiling CryptoBoringWrapper BoringSSLAEAD.swift
#11 70.30 [483/504] Compiling CryptoBoringWrapper CryptoKitErrors_boring.swift
#11 70.30 [484/504] Compiling CryptoBoringWrapper EllipticCurve.swift
#11 70.30 [485/504] Compiling CryptoBoringWrapper EllipticCurvePoint.swift
#11 70.45 [486/504] Compiling CryptoBoringWrapper ArbitraryPrecisionInteger.swift
#11 70.45 [487/504] Compiling CryptoBoringWrapper FiniteFieldArithmeticContext.swift
#11 70.45 [488/504] Compiling CryptoBoringWrapper RandomBytes.swift
#11 70.52 [489/505] Wrapping AST for CryptoBoringWrapper for debugging
#11 71.93 [491/530] Emitting module Crypto
#11 73.24 [492/554] Compiling Crypto AES-GCM.swift
#11 73.24 [493/554] Compiling Crypto AES-GCM_boring.swift
#11 73.24 [494/554] Compiling Crypto ChaChaPoly_boring.swift
#11 73.24 [495/554] Compiling Crypto ChaChaPoly.swift
#11 73.24 [496/554] Compiling Crypto Cipher.swift
#11 73.24 [497/554] Compiling Crypto Nonces.swift
#11 73.24 [498/554] Compiling Crypto ASN1.swift
#11 73.24 [499/554] Compiling Crypto ASN1Any.swift
#11 73.24 [500/554] Compiling Crypto ASN1BitString.swift
#11 73.24 [501/554] Compiling Crypto ASN1Boolean.swift
#11 73.24 [502/554] Compiling Crypto ASN1Identifier.swift
#11 73.24 [503/554] Compiling Crypto ASN1Integer.swift
#11 73.24 [504/554] Compiling Crypto ASN1Null.swift
#11 73.24 [505/554] Compiling Crypto ASN1OctetString.swift
#11 73.24 [506/554] Compiling Crypto ASN1Strings.swift
#11 73.24 [507/554] Compiling Crypto ArraySliceBigint.swift
#11 73.24 [508/554] Compiling Crypto GeneralizedTime.swift
#11 73.24 [509/554] Compiling Crypto ObjectIdentifier.swift
#11 73.24 [510/554] Compiling Crypto ECDSASignature.swift
#11 73.24 [511/554] Compiling Crypto PEMDocument.swift
#11 73.24 [512/554] Compiling Crypto PKCS8PrivateKey.swift
#11 73.24 [513/554] Compiling Crypto SEC1PrivateKey.swift
#11 73.24 [514/554] Compiling Crypto SubjectPublicKeyInfo.swift
#11 73.24 [515/554] Compiling Crypto CryptoError_boring.swift
#11 74.07 [516/577] Compiling Crypto CryptoKitErrors.swift
#11 74.07 [517/577] Compiling Crypto Digest_boring.swift
#11 74.08 [518/577] Compiling Crypto Digest.swift
#11 74.08 [519/577] Compiling Crypto Digests.swift
#11 74.08 [520/577] Compiling Crypto HashFunctions.swift
#11 74.08 [521/577] Compiling Crypto HashFunctions_SHA2.swift
#11 74.08 [522/577] Compiling Crypto HashFunctions_SHA3.swift
#11 74.08 [523/577] Compiling Crypto Digest_xkcp.swift
#11 74.08 [524/577] Compiling Crypto HPKE-AEAD.swift
#11 74.08 [525/577] Compiling Crypto HPKE-Ciphersuite.swift
#11 74.08 [526/577] Compiling Crypto HPKE-KDF.swift
#11 74.08 [527/577] Compiling Crypto HPKE-KexKeyDerivation.swift
#11 74.08 [528/577] Compiling Crypto HPKE-LabeledExtract.swift
#11 74.08 [529/577] Compiling Crypto HPKE-Utils.swift
#11 74.08 [530/577] Compiling Crypto DHKEM.swift
#11 74.08 [531/577] Compiling Crypto HPKE-KEM-Curve25519.swift
#11 74.08 [532/577] Compiling Crypto HPKE-NIST-EC-KEMs.swift
#11 74.08 [533/577] Compiling Crypto HPKE-KEM.swift
#11 74.08 [534/577] Compiling Crypto HPKE-Errors.swift
#11 74.08 [535/577] Compiling Crypto HPKE.swift
#11 74.08 [536/577] Compiling Crypto HPKE-Context.swift
#11 74.08 [537/577] Compiling Crypto HPKE-KeySchedule.swift
#11 74.08 [538/577] Compiling Crypto HPKE-Modes.swift
#11 74.08 [539/577] Compiling Crypto Insecure.swift
#11 77.19 [540/600] Compiling Crypto Insecure_HashFunctions.swift
#11 77.19 [541/600] Compiling Crypto MLKEM_boring.swift
#11 77.19 [542/600] Compiling Crypto MLKEM_wrapper.swift
#11 77.19 [543/600] Compiling Crypto XWing_boring.swift
#11 77.19 [544/600] Compiling Crypto KEM-Errors.swift
#11 77.19 [545/600] Compiling Crypto KEM.swift
#11 77.19 [546/600] Compiling Crypto MLKEM.swift
#11 77.19 [547/600] Compiling Crypto XWing.swift
#11 77.19 [548/600] Compiling Crypto ECDH_boring.swift
#11 77.19 [549/600] Compiling Crypto DH.swift
#11 77.19 [550/600] Compiling Crypto ECDH.swift
#11 77.19 [551/600] Compiling Crypto ANSIx963.swift
#11 77.19 [552/600] Compiling Crypto HKDF.swift
#11 77.19 [553/600] Compiling Crypto AESWrap.swift
#11 77.19 [554/600] Compiling Crypto AESWrap_boring.swift
#11 77.19 [555/600] Compiling Crypto Ed25519_boring.swift
#11 77.19 [556/600] Compiling Crypto NISTCurvesKeys_boring.swift
#11 77.19 [557/600] Compiling Crypto X25519Keys_boring.swift
#11 77.19 [558/600] Compiling Crypto Curve25519.swift
#11 77.19 [559/600] Compiling Crypto Ed25519Keys.swift
#11 77.19 [560/600] Compiling Crypto NISTCurvesKeys.swift
#11 77.19 [561/600] Compiling Crypto X25519Keys.swift
#11 77.19 [562/600] Compiling Crypto SymmetricKeys.swift
#11 77.94 [563/600] Compiling Crypto HMAC.swift
#11 77.94 [564/600] Compiling Crypto MACFunctions.swift
#11 77.94 [565/600] Compiling Crypto MessageAuthenticationCode.swift
#11 77.94 [566/600] Compiling Crypto AES.swift
#11 77.94 [567/600] Compiling Crypto ECDSASignature_boring.swift
#11 77.94 [568/600] Compiling Crypto ECDSA_boring.swift
#11 77.94 [569/600] Compiling Crypto EdDSA_boring.swift
#11 77.94 [570/600] Compiling Crypto MLDSA_boring.swift
#11 77.94 [571/600] Compiling Crypto MLDSA_wrapper.swift
#11 77.94 [572/600] Compiling Crypto ECDSA.swift
#11 77.94 [573/600] Compiling Crypto Ed25519.swift
#11 77.94 [574/600] Compiling Crypto MLDSA.swift
#11 77.94 [575/600] Compiling Crypto Signature.swift
#11 77.94 [576/600] Compiling Crypto CryptoKitErrors_boring.swift
#11 77.94 [577/600] Compiling Crypto Optional+withUnsafeBytes_boring.swift
#11 77.94 [578/600] Compiling Crypto RNG_boring.swift
#11 77.94 [579/600] Compiling Crypto SafeCompare_boring.swift
#11 77.94 [580/600] Compiling Crypto Zeroization_boring.swift
#11 77.94 [581/600] Compiling Crypto _CryptoModuleAnchor.swift
#11 77.94 [582/600] Compiling Crypto PrettyBytes.swift
#11 77.94 [583/600] Compiling Crypto SafeCompare.swift
#11 77.94 [584/600] Compiling Crypto SecureBytes.swift
#11 77.94 [585/600] Compiling Crypto Zeroization.swift
#11 78.06 [586/601] Wrapping AST for Crypto for debugging
#11 79.03 [588/619] Emitting module Auth
#11 81.97 [589/636] Compiling Auth AuthAdmin.swift
#11 81.97 [590/636] Compiling Auth AuthAdminOAuth.swift
#11 81.97 [591/636] Compiling Auth AuthClient.swift
#11 81.97 [592/636] Compiling Auth AuthClientConfiguration.swift
#11 81.97 [593/636] Compiling Auth AuthError.swift
#11 81.97 [594/636] Compiling Auth AuthMFA.swift
#11 81.98 [595/636] Compiling Auth AuthOAuthServer.swift
#11 81.98 [596/636] Compiling Auth AuthStateChangeListener.swift
#11 81.98 [597/636] Compiling Auth Defaults.swift
#11 81.98 [598/636] Compiling Auth Deprecated.swift
#11 81.98 [599/636] Compiling Auth Exports.swift
#11 81.98 [600/636] Compiling Auth APIClient.swift
#11 81.98 [601/636] Compiling Auth CodeVerifierStorage.swift
#11 81.98 [602/636] Compiling Auth Constants.swift
#11 81.98 [603/636] Compiling Auth Dependencies.swift
#11 81.98 [604/636] Compiling Auth EventEmitter.swift
#11 81.98 [605/636] Compiling Auth FixedWidthInteger+Random.swift
#11 85.37 [606/636] Compiling Auth Helpers.swift
#11 85.37 [607/636] Compiling Auth JWK+RSA.swift
#11 85.37 [608/636] Compiling Auth JWTAlgorithm.swift
#11 85.37 [609/636] Compiling Auth Keychain.swift
#11 85.37 [610/636] Compiling Auth PKCE.swift
#11 85.37 [611/636] Compiling Auth SessionManager.swift
#11 85.37 [612/636] Compiling Auth SessionStorage.swift
#11 85.37 [613/636] Compiling Auth URLOpener.swift
#11 85.37 [614/636] Compiling Auth AuthLocalStorage.swift
#11 85.37 [615/636] Compiling Auth KeychainLocalStorage.swift
#11 85.37 [616/636] Compiling Auth WinCredLocalStorage.swift
#11 85.37 [617/636] Compiling Auth Types.swift
#11 85.37 [618/636] Compiling Auth AuthAdmin+Passkey.swift
#11 85.37 [619/636] Compiling Auth AuthClient+Passkey.swift
#11 85.37 [620/636] Compiling Auth AuthMFA+WebAuthn.swift
#11 85.37 [621/636] Compiling Auth WebAuthnAuthenticator.swift
#11 85.37 [622/636] Compiling Auth WebAuthnTypes.swift
#11 85.46 [623/637] Wrapping AST for Auth for debugging
#11 86.93 [625/640] Emitting module NidaaIntegration
#11 86.93 [626/640] Compiling NidaaIntegration Models.swift
#11 86.93 [627/640] Compiling NidaaIntegration NidaaClient.swift
#11 87.30 [628/642] Compiling NidaaIntegration Storage.swift
#11 87.30 [629/642] Compiling NidaaIntegration Transport.swift
#11 87.73 [631/648] Compiling IntegrationTrialCLI LocalMailbox.swift
#11 87.73 [632/648] Emitting module IntegrationTrialCLI
#11 88.52 [633/649] Emitting module NidaaIntegrationTests
#11 88.52 [634/649] Compiling NidaaIntegrationTests ClientReviewRegressionTests.swift
#11 88.52 [635/649] Compiling NidaaIntegrationTests ClientSafetyTests.swift
#11 89.04 [636/651] Compiling NidaaIntegrationTests StorageBoundaryTests.swift
#11 89.04 [637/651] Compiling NidaaIntegrationTests TestTransport.swift
#11 89.06 [638/652] Compiling IntegrationTrialCLI Trial.swift
#11 89.12 [640/653] Wrapping AST for NidaaIntegration for debugging
#11 89.12 [641/653] /swifttrial/.build/x86_64-unknown-linux-gnu/debug/NidaaIntegrationPackageDiscoveredTests.derived/all-discovered-tests.swift
#11 89.13 [642/653] Wrapping AST for NidaaIntegrationTests for debugging
#11 89.13 [643/653] Write sources
#11 89.15 [644/653] Wrapping AST for IntegrationTrialCLI for debugging
#11 89.15 [645/653] Write Objects.LinkFileList
#11 89.69 [646/655] Linking IntegrationTrialCLI
#11 90.51 [648/655] Emitting module NidaaIntegrationPackageDiscoveredTests
#11 90.51 [649/655] Compiling NidaaIntegrationPackageDiscoveredTests NidaaIntegrationTests.swift
#11 90.59 [650/656] Compiling NidaaIntegrationPackageDiscoveredTests all-discovered-tests.swift
#11 90.63 [651/657] /swifttrial/.build/x86_64-unknown-linux-gnu/debug/NidaaIntegrationPackageTests.derived/runner.swift
#11 90.63 [652/657] Write sources
#11 90.66 [653/657] Wrapping AST for NidaaIntegrationPackageDiscoveredTests for debugging
#11 93.34 [655/659] Emitting module NidaaIntegrationPackageTests
#11 93.34 [656/659] Compiling NidaaIntegrationPackageTests runner.swift
#11 93.44 [657/660] Wrapping AST for NidaaIntegrationPackageTests for debugging
#11 93.44 [658/660] Write Objects.LinkFileList
#11 93.90 [659/660] Linking NidaaIntegrationPackageTests.xctest
#11 93.91 Build complete! (93.34s)
#11 94.07 Test Suite 'All tests' started at 2026-09-29 02:23:48.398
#11 94.07 Test Suite 'debug.xctest' started at 2026-09-29 02:23:48.399
#11 94.07 Test Suite 'ClientReviewRegressionTests' started at 2026-09-29 02:23:48.399
#11 94.07 Test Case 'ClientReviewRegressionTests.testCorruptPendingStorageCannotPublishAuthenticatedAccount' started at 2026-09-29 02:23:48.399
#11 94.07 Test Case 'ClientReviewRegressionTests.testCorruptPendingStorageCannotPublishAuthenticatedAccount' passed (0.108 seconds)
#11 94.07 Test Case 'ClientReviewRegressionTests.testDomainRevocationClearsPreviouslyFetchedAccountData' started at 2026-09-29 02:23:48.507
#11 94.07 Test Case 'ClientReviewRegressionTests.testDomainRevocationClearsPreviouslyFetchedAccountData' passed (0.003 seconds)
#11 94.07 Test Case 'ClientReviewRegressionTests.testMismatchedPendingOwnerCannotPublishAuthenticatedAccount' started at 2026-09-29 02:23:48.510
#11 94.07 Test Case 'ClientReviewRegressionTests.testMismatchedPendingOwnerCannotPublishAuthenticatedAccount' passed (0.002 seconds)
#11 94.07 Test Case 'ClientReviewRegressionTests.testRevokedRefreshClearsCacheButRetainsUnknownForReauthentication' started at 2026-09-29 02:23:48.512
#11 94.07 Test Case 'ClientReviewRegressionTests.testRevokedRefreshClearsCacheButRetainsUnknownForReauthentication' passed (0.003 seconds)
#11 94.07 Test Case 'ClientReviewRegressionTests.testUnrecognizedLookupStatusCannotReleaseUnknownOperation' started at 2026-09-29 02:23:48.515
#11 94.07 Test Case 'ClientReviewRegressionTests.testUnrecognizedLookupStatusCannotReleaseUnknownOperation' passed (0.002 seconds)
#11 94.07 Test Suite 'ClientReviewRegressionTests' passed at 2026-09-29 02:23:48.517
#11 94.07 	 Executed 5 tests, with 0 failures (0 unexpected) in 0.118 (0.118) seconds
#11 94.07 Test Suite 'ClientSafetyTests' started at 2026-09-29 02:23:48.517
#11 94.07 Test Case 'ClientSafetyTests.testAccountSwitchClearsOtherAccountsPendingAndCachedDetails' started at 2026-09-29 02:23:48.517
#11 94.07 Test Case 'ClientSafetyTests.testAccountSwitchClearsOtherAccountsPendingAndCachedDetails' passed (0.003 seconds)
#11 94.07 Test Case 'ClientSafetyTests.testDelayedOldAuthCannotOverwriteNewSessionsStorage' started at 2026-09-29 02:23:48.520
#11 94.07 Test Case 'ClientSafetyTests.testDelayedOldAuthCannotOverwriteNewSessionsStorage' passed (0.004 seconds)
#11 94.07 Test Case 'ClientSafetyTests.testDelayedOldCommandResponseCannotMutateNewAccount' started at 2026-09-29 02:23:48.524
#11 94.07 Test Case 'ClientSafetyTests.testDelayedOldCommandResponseCannotMutateNewAccount' passed (0.003 seconds)
#11 94.07 Test Case 'ClientSafetyTests.testDelayedOldSyncCannotRepopulateAfterSameAccountRelogin' started at 2026-09-29 02:23:48.526
#11 94.07 Test Case 'ClientSafetyTests.testDelayedOldSyncCannotRepopulateAfterSameAccountRelogin' passed (0.003 seconds)
#11 94.07 Test Case 'ClientSafetyTests.testLogoutWipesBeforeAwaitingServerAndOfflineLogoutIsHonest' started at 2026-09-29 02:23:48.529
#11 94.07 Test Case 'ClientSafetyTests.testLogoutWipesBeforeAwaitingServerAndOfflineLogoutIsHonest' passed (0.003 seconds)
#11 94.07 Test Case 'ClientSafetyTests.testMalformedOrMismatchedReceiptStaysUnknown' started at 2026-09-29 02:23:48.532
#11 94.07 Test Case 'ClientSafetyTests.testMalformedOrMismatchedReceiptStaysUnknown' passed (0.004 seconds)
#11 94.07 Test Case 'ClientSafetyTests.testNeverSentDraftAndReconnectDoNotDispatch' started at 2026-09-29 02:23:48.536
#11 94.07 Test Case 'ClientSafetyTests.testNeverSentDraftAndReconnectDoNotDispatch' passed (0.001 seconds)
#11 94.07 Test Case 'ClientSafetyTests.testOutOfOrderSnapshotCannotReopenTerminalAlert' started at 2026-09-29 02:23:48.537
#11 94.07 Test Case 'ClientSafetyTests.testOutOfOrderSnapshotCannotReopenTerminalAlert' passed (0.001 seconds)
#11 94.07 Test Case 'ClientSafetyTests.testSecurePendingWriteFailurePreventsPost' started at 2026-09-29 02:23:48.539
#11 94.07 Test Case 'ClientSafetyTests.testSecurePendingWriteFailurePreventsPost' passed (0.001 seconds)
#11 94.07 Test Case 'ClientSafetyTests.testStaleDraftRemainsNeverSentWithoutNetworkMutation' started at 2026-09-29 02:23:48.540
#11 94.07 Test Case 'ClientSafetyTests.testStaleDraftRemainsNeverSentWithoutNetworkMutation' passed (0.001 seconds)
#11 94.07 Test Case 'ClientSafetyTests.testTombstonesRemoveDetailsAndPartialSnapshotFailsClosed' started at 2026-09-29 02:23:48.541
#11 94.07 Test Case 'ClientSafetyTests.testTombstonesRemoveDetailsAndPartialSnapshotFailsClosed' passed (0.002 seconds)
#11 94.20 Test Case 'ClientSafetyTests.testTransportFailureRetainsUnknownAndSameOperationLookupOnly' started at 2026-09-29 02:23:48.543
#11 94.20 Test Case 'ClientSafetyTests.testTransportFailureRetainsUnknownAndSameOperationLookupOnly' passed (0.002 seconds)
#11 94.20 Test Case 'ClientSafetyTests.testUnknownReceipt404CannotBecomeNeverSentOrBeDiscarded' started at 2026-09-29 02:23:48.545
#11 94.20 Test Case 'ClientSafetyTests.testUnknownReceipt404CannotBecomeNeverSentOrBeDiscarded' passed (0.102 seconds)
#11 94.20 Test Case 'ClientSafetyTests.testUnknownStateSurvivesSameAccountReauthenticationWithoutResend' started at 2026-09-29 02:23:48.647
#11 94.20 Test Case 'ClientSafetyTests.testUnknownStateSurvivesSameAccountReauthenticationWithoutResend' passed (0.002 seconds)
#11 94.20 Test Case 'ClientSafetyTests.testVerificationAccountSwitchRejectsPreviousAccountsDelayedSync' started at 2026-09-29 02:23:48.649
#11 94.20 Test Case 'ClientSafetyTests.testVerificationAccountSwitchRejectsPreviousAccountsDelayedSync' passed (0.003 seconds)
#11 94.20 Test Suite 'ClientSafetyTests' passed at 2026-09-29 02:23:48.653
#11 94.20 	 Executed 15 tests, with 0 failures (0 unexpected) in 0.135 (0.135) seconds
#11 94.20 Test Suite 'StorageBoundaryTests' started at 2026-09-29 02:23:48.653
#11 94.20 Test Case 'StorageBoundaryTests.testClearingAuthPreservesUncertainPendingReceiptForReauthentication' started at 2026-09-29 02:23:48.653
#11 94.20 Test Case 'StorageBoundaryTests.testClearingAuthPreservesUncertainPendingReceiptForReauthentication' passed (0.0 seconds)
#11 94.20 Test Case 'StorageBoundaryTests.testClearingOneEnvironmentDoesNotClearAnotherEnvironment' started at 2026-09-29 02:23:48.653
#11 94.20 Test Case 'StorageBoundaryTests.testClearingOneEnvironmentDoesNotClearAnotherEnvironment' passed (0.0 seconds)
#11 94.20 Test Case 'StorageBoundaryTests.testEnvironmentRejectsExternalCredentialsQueriesAndPaths' started at 2026-09-29 02:23:48.653
#11 94.20 Test Case 'StorageBoundaryTests.testEnvironmentRejectsExternalCredentialsQueriesAndPaths' passed (0.0 seconds)
#11 94.20 Test Case 'StorageBoundaryTests.testInvalidatedAuthCallbackCannotRecreateCredentials' started at 2026-09-29 02:23:48.653
#11 94.20 Test Case 'StorageBoundaryTests.testInvalidatedAuthCallbackCannotRecreateCredentials' passed (0.0 seconds)
#11 94.20 Test Suite 'StorageBoundaryTests' passed at 2026-09-29 02:23:48.653
#11 94.20 	 Executed 4 tests, with 0 failures (0 unexpected) in 0.001 (0.001) seconds
#11 94.20 Test Suite 'debug.xctest' passed at 2026-09-29 02:23:48.653
#11 94.20 	 Executed 24 tests, with 0 failures (0 unexpected) in 0.254 (0.254) seconds
#11 94.20 Test Suite 'All tests' passed at 2026-09-29 02:23:48.653
#11 94.20 	 Executed 24 tests, with 0 failures (0 unexpected) in 0.254 (0.254) seconds
#11 94.20 ◇ Test run started.
#11 94.20 ↳ Testing Library Version: 6.2.4 (5ee435b15ad40ec)
#11 94.20 ↳ Target Platform: x86_64-unknown-linux-gnu
#11 94.20 ✔ Test run with 0 tests in 0 suites passed after 0.001 seconds.
#11 DONE 94.3s

#12 [6/6] RUN swift build -j 2 --product IntegrationTrialCLI
#12 2.262 [0/1] Planning build
#12 2.288 Building for debugging...
#12 2.351 [0/2] Write swift-version-24593BA9C3E375BF.txt
#12 2.395 Build of product 'IntegrationTrialCLI' complete! (2.01s)
#12 DONE 2.4s

#13 exporting to image
#13 exporting layers
#13 exporting layers 2.4s done
#13 writing image sha256:53f0e206e3014ea1d300df75a51ef2952633269970f2c5aa31ff26765c30a60d done
#13 naming to docker.io/library/nidaa-integration-swift:local done
#13 DONE 2.4s

#14 resolving provenance for metadata file
#14 DONE 0.0s
 swift-trial  Built
STAGE isolated_environment
PASS isolated environment configuration
STAGE account_A_signup
PASS account_A_signup
STAGE account_A_local_inbox
PASS account_A_local_inbox
STAGE account_A_sdk_email_verification
PASS account_A_sdk_email_verification
STAGE account_A_sdk_password_login
PASS account_A_sdk_password_login
STAGE account_B_signup
PASS account_B_signup
STAGE account_B_local_inbox
PASS account_B_local_inbox
STAGE account_B_sdk_email_verification
PASS account_B_sdk_email_verification
STAGE account_B_sdk_password_login
PASS account_B_sdk_password_login
STAGE account_C_signup
PASS account_C_signup
STAGE account_C_local_inbox
PASS account_C_local_inbox
STAGE account_C_sdk_email_verification
PASS account_C_sdk_email_verification
STAGE account_C_sdk_password_login
PASS account_C_sdk_password_login
PASS official Auth signup, local inbox verification and password login for three isolated accounts
PASS two independent recipient sessions use one stable account identity
PASS explicit target-bound consent; unauthorized invite acceptance and reverse sending denied
PASS shared HTTP alert retrieval on both recipient sessions; third-account access denied
PASS acknowledgement, opening and explicit response observed by sender; conflicting second response rejected
PASS same-operation lookup and official Auth refresh retain identity
PASS current-session logout clears its local replica without logging out the other recipient session
Swift integration trial PASSED: real local GoTrue, HTTP and PostgreSQL; no external email or notifications
Linux credentials used isolated process memory. Apple Keychain and Simulator UI are separate test evidence.
