#1 [internal] load local bake definitions
#1 reading from stdin 444B done
#1 DONE 0.0s

#2 [internal] load build definition from Dockerfile.swift
#2 transferring dockerfile: 495B done
#2 DONE 0.0s

#3 [auth] library/swift:pull token for registry-1.docker.io
#3 DONE 0.0s

#4 [internal] load metadata for docker.io/library/swift:6.2.4-noble
#4 DONE 1.1s

#5 [internal] load .dockerignore
#5 transferring context: 203B done
#5 DONE 0.0s

#6 [internal] load build context
#6 transferring context: 90.00kB 0.0s done
#6 DONE 0.0s

#7 [1/6] FROM docker.io/library/swift:6.2.4-noble@sha256:9bea530093ffff8cf6c259991715ee843fe4d0f932e612f7f4b79cca6e00db87
#7 resolve docker.io/library/swift:6.2.4-noble@sha256:9bea530093ffff8cf6c259991715ee843fe4d0f932e612f7f4b79cca6e00db87 done
#7 sha256:823c2b86be15e6150ed3049c98b36976caff763b0fdfc8867a099b1dfe6f14d5 5.63kB / 5.63kB done
#7 sha256:f4c3b601e7b1edd985ee303064a9da9cbc7a5b4d7d6e516aa1493bf30b43f58b 0B / 129.77MB 0.1s
#7 sha256:cfb19389a38fdab8e0793fe74a03a7f970c7294e6f7868c1262883db29dd857a 0B / 1.03GB 0.1s
#7 sha256:5dda2037e4b0d49a2669d4f4e1e442a17d67ff0d6158d48d6c90499ca406829c 0B / 174B 0.1s
#7 sha256:9bea530093ffff8cf6c259991715ee843fe4d0f932e612f7f4b79cca6e00db87 2.62kB / 2.62kB done
#7 sha256:5d644ebece6bab22511ae477406c0a20910fe92ea6a818f6bf58a4db0c1329b9 1.73kB / 1.73kB done
#7 sha256:f4c3b601e7b1edd985ee303064a9da9cbc7a5b4d7d6e516aa1493bf30b43f58b 26.21MB / 129.77MB 0.2s
#7 sha256:5dda2037e4b0d49a2669d4f4e1e442a17d67ff0d6158d48d6c90499ca406829c 174B / 174B 0.1s done
#7 sha256:f4c3b601e7b1edd985ee303064a9da9cbc7a5b4d7d6e516aa1493bf30b43f58b 60.82MB / 129.77MB 0.3s
#7 sha256:f4c3b601e7b1edd985ee303064a9da9cbc7a5b4d7d6e516aa1493bf30b43f58b 129.77MB / 129.77MB 0.5s
#7 sha256:cfb19389a38fdab8e0793fe74a03a7f970c7294e6f7868c1262883db29dd857a 135.27MB / 1.03GB 0.5s
#7 sha256:cfb19389a38fdab8e0793fe74a03a7f970c7294e6f7868c1262883db29dd857a 284.16MB / 1.03GB 0.8s
#7 sha256:cfb19389a38fdab8e0793fe74a03a7f970c7294e6f7868c1262883db29dd857a 336.59MB / 1.03GB 0.9s
#7 sha256:f4c3b601e7b1edd985ee303064a9da9cbc7a5b4d7d6e516aa1493bf30b43f58b 129.77MB / 129.77MB 1.1s done
#7 sha256:cfb19389a38fdab8e0793fe74a03a7f970c7294e6f7868c1262883db29dd857a 448.79MB / 1.03GB 1.1s
#7 sha256:cfb19389a38fdab8e0793fe74a03a7f970c7294e6f7868c1262883db29dd857a 516.95MB / 1.03GB 1.2s
#7 extracting sha256:f4c3b601e7b1edd985ee303064a9da9cbc7a5b4d7d6e516aa1493bf30b43f58b 0.1s
#7 sha256:cfb19389a38fdab8e0793fe74a03a7f970c7294e6f7868c1262883db29dd857a 584.06MB / 1.03GB 1.3s
#7 sha256:cfb19389a38fdab8e0793fe74a03a7f970c7294e6f7868c1262883db29dd857a 648.02MB / 1.03GB 1.5s
#7 sha256:cfb19389a38fdab8e0793fe74a03a7f970c7294e6f7868c1262883db29dd857a 713.03MB / 1.03GB 1.6s
#7 sha256:cfb19389a38fdab8e0793fe74a03a7f970c7294e6f7868c1262883db29dd857a 819.99MB / 1.03GB 1.8s
#7 sha256:cfb19389a38fdab8e0793fe74a03a7f970c7294e6f7868c1262883db29dd857a 976.22MB / 1.03GB 2.1s
#7 sha256:cfb19389a38fdab8e0793fe74a03a7f970c7294e6f7868c1262883db29dd857a 1.03GB / 1.03GB 2.2s
#7 extracting sha256:f4c3b601e7b1edd985ee303064a9da9cbc7a5b4d7d6e516aa1493bf30b43f58b 5.2s done
#7 sha256:cfb19389a38fdab8e0793fe74a03a7f970c7294e6f7868c1262883db29dd857a 1.03GB / 1.03GB 7.2s
#7 sha256:cfb19389a38fdab8e0793fe74a03a7f970c7294e6f7868c1262883db29dd857a 1.03GB / 1.03GB 7.9s done
#7 extracting sha256:cfb19389a38fdab8e0793fe74a03a7f970c7294e6f7868c1262883db29dd857a
#7 extracting sha256:cfb19389a38fdab8e0793fe74a03a7f970c7294e6f7868c1262883db29dd857a 5.1s
#7 extracting sha256:cfb19389a38fdab8e0793fe74a03a7f970c7294e6f7868c1262883db29dd857a 10.1s
#7 extracting sha256:cfb19389a38fdab8e0793fe74a03a7f970c7294e6f7868c1262883db29dd857a 12.3s done
#7 extracting sha256:5dda2037e4b0d49a2669d4f4e1e442a17d67ff0d6158d48d6c90499ca406829c
#7 extracting sha256:5dda2037e4b0d49a2669d4f4e1e442a17d67ff0d6158d48d6c90499ca406829c done
#7 DONE 33.3s

#8 [2/6] WORKDIR /swifttrial
#8 DONE 0.0s

#9 [3/6] COPY IntegrationClient/ ./
#9 DONE 0.0s

#10 [4/6] RUN swift --version > /swifttrial/swift-version.txt && swift package resolve
#10 0.602 Fetching https://github.com/pointfreeco/xctest-dynamic-overlay
#10 0.602 Fetching https://github.com/supabase/supabase-swift.git
#10 0.602 Fetching https://github.com/pointfreeco/swift-concurrency-extras
#10 1.237 [1/1058] Fetching swift-concurrency-extras
#10 1.353 [520/3785] Fetching swift-concurrency-extras, xctest-dynamic-overlay
#10 1.724 Fetched https://github.com/pointfreeco/swift-concurrency-extras from cache (1.12s)
#10 1.725 Fetched https://github.com/pointfreeco/xctest-dynamic-overlay from cache (1.12s)
#10 1.726 Fetching https://github.com/apple/swift-http-types.git
#10 1.727 Fetching https://github.com/pointfreeco/swift-clocks
#10 1.747 [1/33690] Fetching supabase-swift
#10 2.187 [33691/35629] Fetching supabase-swift, swift-http-types
#10 2.250 [34079/37075] Fetching supabase-swift, swift-http-types, swift-clocks
#10 2.443 Fetched https://github.com/apple/swift-http-types.git from cache (0.72s)
#10 2.444 [35108/35136] Fetching supabase-swift, swift-clocks
#10 2.445 Fetching https://github.com/apple/swift-asn1.git
#10 2.515 Fetched https://github.com/pointfreeco/swift-clocks from cache (0.79s)
#10 2.516 Fetching https://github.com/apple/swift-crypto.git
#10 2.530 Fetched https://github.com/supabase/supabase-swift.git from cache (1.93s)
#10 2.793 [1/1986] Fetching swift-asn1
#10 2.849 [458/20559] Fetching swift-asn1, swift-crypto
#10 3.026 Fetched https://github.com/apple/swift-asn1.git from cache (0.58s)
#10 3.027 [743/18573] Fetching swift-crypto
#10 4.145 Fetched https://github.com/apple/swift-crypto.git from cache (1.63s)
#10 4.149 Creating working copy for https://github.com/pointfreeco/xctest-dynamic-overlay
#10 4.149 Creating working copy for https://github.com/apple/swift-http-types.git
#10 4.149 Creating working copy for https://github.com/supabase/supabase-swift.git
#10 4.151 Creating working copy for https://github.com/pointfreeco/swift-clocks
#10 4.233 Working copy of https://github.com/pointfreeco/xctest-dynamic-overlay resolved at 1.13.1
#10 4.237 Creating working copy for https://github.com/apple/swift-crypto.git
#10 4.359 Working copy of https://github.com/pointfreeco/swift-clocks resolved at 1.1.1
#10 4.359 Creating working copy for https://github.com/pointfreeco/swift-concurrency-extras
#10 4.376 Creating working copy for https://github.com/apple/swift-asn1.git
#10 4.526 Working copy of https://github.com/apple/swift-http-types.git resolved at 1.8.0
#10 4.527 Working copy of https://github.com/supabase/supabase-swift.git resolved at 2.55.2
#10 4.541 Working copy of https://github.com/pointfreeco/swift-concurrency-extras resolved at 1.4.1
#10 4.563 Working copy of https://github.com/apple/swift-asn1.git resolved at 1.7.3
#10 4.732 Working copy of https://github.com/apple/swift-crypto.git resolved at 4.5.2
#10 DONE 7.7s

#11 [5/6] RUN swift test -j 2 2>&1 | tee /swifttrial/unit-tests.log
#11 3.635 Building for debugging...
#11 3.954 [0/407] Compiling sqrt.cc
#11 4.000 [1/407] Write swift-version-24593BA9C3E375BF.txt
#11 4.000 [2/407] Write sources
#11 4.032 [9/407] Compiling p_ec.cc
#11 5.228 [11/425] Emitting module IssueReporting
#11 6.838 [12/436] Compiling HTTPTypes HTTP2ErrorCode.swift
#11 6.839 [13/436] Compiling HTTPTypes HTTP3ErrorCode.swift
#11 6.839 [14/436] Compiling HTTPTypes HTTPField.swift
#11 6.839 [15/436] Compiling HTTPTypes HTTPFieldName.swift
#11 6.839 [16/436] Compiling HTTPTypes HTTPFieldValue.swift
#11 6.839 [17/436] Emitting module HTTPTypes
#11 7.639 [18/441] Compiling IssueReporting IssueReporter.swift
#11 7.639 [19/441] Compiling IssueReporting BreakpointReporter.swift
#11 7.639 [20/441] Compiling IssueReporting DefaultReporter.swift
#11 7.639 [21/441] Compiling IssueReporting FatalErrorReporter.swift
#11 7.639 [22/441] Compiling IssueReporting IssueSeverity.swift
#11 7.639 [23/441] Compiling IssueReporting ReportIssue.swift
#11 7.639 [24/441] Compiling IssueReporting _Test.swift
#11 7.639 [25/441] Compiling IssueReporting TestContext.swift
#11 7.639 [26/441] Compiling IssueReporting Unimplemented.swift
#11 7.639 [27/441] Compiling IssueReporting WithExpectedIssue.swift
#11 7.639 [28/441] Compiling IssueReporting WithIssueContext.swift
#11 7.693 [34/441] Compiling HTTPTypes HTTPFields.swift
#11 7.693 [35/441] Compiling HTTPTypes HTTPParsedFields.swift
#11 7.693 [36/441] Compiling HTTPTypes HTTPRequest+URL.swift
#11 7.693 [37/441] Compiling HTTPTypes HTTPRequest.swift
#11 7.693 [38/441] Compiling HTTPTypes HTTPResponse.swift
#11 7.693 [39/441] Compiling IssueReporting IsTesting.swift
#11 7.784 [40/442] Write sources
#11 8.014 [43/445] Compiling XCTestDynamicOverlay Deprecations.swift
#11 8.014 [44/445] Compiling XCTestDynamicOverlay Exports.swift
#11 8.014 [45/445] Emitting module XCTestDynamicOverlay
#11 8.067 [51/447] Wrapping AST for IssueReporting for debugging
#11 8.080 [53/447] Compiling XCTestDynamicOverlay Fail.swift
#11 8.087 [53/448] Wrapping AST for HTTPTypes for debugging
#11 8.087 [54/448] Write sources
#11 8.116 [57/448] Compiling CXKCPShims shims.c
#11 8.134 [58/455] Wrapping AST for XCTestDynamicOverlay for debugging
#11 8.148 [59/455] Compiling SimpleFIPS202.c
#11 8.164 [60/455] Compiling KeccakSponge.c
#11 8.236 [62/455] Emitting module ConcurrencyExtras
#11 8.313 [62/460] Compiling KeccakP-1600-opt64.c
#11 8.328 [63/460] Compiling KeccakHash.c
#11 8.362 [65/460] Compiling ConcurrencyExtras ActorIsolated.swift
#11 8.362 [66/460] Compiling ConcurrencyExtras AnyHashableSendable.swift
#11 8.362 [67/460] Compiling ConcurrencyExtras AsyncStream.swift
#11 8.362 [68/460] Compiling ConcurrencyExtras AsyncThrowingStream.swift
#11 8.362 [69/460] Compiling ConcurrencyExtras Locking.swift
#11 8.362 [70/460] Compiling ConcurrencyExtras UncheckedBox.swift
#11 8.450 [70/460] Compiling CCryptoBoringSSLShims shims.c
#11 8.470 [72/460] Compiling ConcurrencyExtras LockIsolated.swift
#11 8.470 [73/460] Compiling ConcurrencyExtras MainSerialExecutor.swift
#11 8.470 [74/460] Compiling ConcurrencyExtras Result.swift
#11 8.470 [75/460] Compiling ConcurrencyExtras Task.swift
#11 8.470 [76/460] Compiling ConcurrencyExtras UncheckedSendable.swift
#11 8.531 [77/461] Compiling fiat_p256_adx_mul.S
#11 8.563 [78/466] Compiling fiat_p256_adx_sqr.S
#11 8.589 [79/466] Wrapping AST for ConcurrencyExtras for debugging
#11 8.620 [80/466] Compiling fiat_curve25519_adx_square.S
#11 8.648 [81/466] Compiling fiat_curve25519_adx_mul.S
#11 8.671 [82/466] Compiling md5-x86_64-linux.S
#11 8.689 [83/466] Compiling md5-x86_64-apple.S
#11 8.707 [84/466] Compiling md5-586-linux.S
#11 8.724 [85/466] Compiling md5-586-apple.S
#11 8.823 [87/466] Compiling Clocks AnyClock.swift
#11 8.823 [88/466] Compiling Clocks ImmediateClock.swift
#11 8.823 [89/466] Compiling Clocks Lock.swift
#11 8.823 [90/466] Compiling Clocks _AsyncTimerSequence.swift
#11 8.823 [91/466] Emitting module Clocks
#11 8.844 [91/470] Compiling err_data.cc
#11 8.899 [92/470] Compiling chacha20_poly1305_x86_64-linux.S
#11 8.919 [93/470] Compiling chacha20_poly1305_x86_64-apple.S
#11 8.937 [94/470] Compiling chacha20_poly1305_armv8-win.S
#11 8.957 [95/470] Compiling chacha20_poly1305_armv8-linux.S
#11 8.973 [96/470] Compiling chacha20_poly1305_armv8-apple.S
#11 8.994 [97/470] Compiling chacha-x86_64-linux.S
#11 9.013 [98/470] Compiling chacha-x86_64-apple.S
#11 9.029 [99/470] Compiling chacha-x86-linux.S
#11 9.046 [100/470] Compiling chacha-x86-apple.S
#11 9.063 [101/470] Compiling chacha-armv8-win.S
#11 9.148 [103/470] Compiling Clocks SwiftUI.swift
#11 9.148 [104/470] Compiling Clocks TestClock.swift
#11 9.148 [105/470] Compiling Clocks Timer.swift
#11 9.148 [106/470] Compiling Clocks UnimplementedClock.swift
#11 9.216 [107/471] Compiling chacha-armv8-linux.S
#11 9.239 [108/471] Compiling chacha-armv8-apple.S
#11 9.239 [109/471] Compiling chacha-armv4-linux.S
#11 9.262 [110/471] Wrapping AST for Clocks for debugging
#11 9.298 [111/484] Compiling aes128gcmsiv-x86_64-linux.S
#11 9.321 [112/484] Compiling aes128gcmsiv-x86_64-apple.S
#11 9.353 [113/484] Compiling x86_64-mont5-linux.S
#11 9.377 [114/484] Compiling x86_64-mont5-apple.S
#11 9.403 [115/484] Compiling x86_64-mont-linux.S
#11 9.427 [116/484] Compiling x86_64-mont-apple.S
#11 9.449 [117/484] Compiling x86-mont-linux.S
#11 9.472 [118/484] Compiling x86-mont-apple.S
#11 9.474 [120/484] Emitting module Helpers
#11 9.495 [120/495] Compiling vpaes-x86_64-linux.S
#11 9.522 [121/495] Compiling vpaes-x86_64-apple.S
#11 9.543 [122/495] Compiling vpaes-x86-linux.S
#11 9.567 [123/495] Compiling vpaes-x86-apple.S
#11 9.591 [124/495] Compiling vpaes-armv8-win.S
#11 9.613 [125/495] Compiling vpaes-armv8-linux.S
#11 9.636 [126/495] Compiling vpaes-armv8-apple.S
#11 9.658 [127/495] Compiling vpaes-armv7-linux.S
#11 9.687 [128/495] Compiling sha512-x86_64-linux.S
#11 9.709 [129/495] Compiling sha512-x86_64-apple.S
#11 9.731 [130/495] Compiling sha512-armv8-win.S
#11 9.753 [131/495] Compiling sha512-armv8-linux.S
#11 9.790 [132/495] Compiling sha512-armv8-apple.S
#11 9.813 [133/495] Compiling sha512-armv4-linux.S
#11 9.835 [134/495] Compiling sha512-586-linux.S
#11 9.896 [136/495] Compiling Helpers APIKeyFormat.swift
#11 9.897 [137/495] Compiling Helpers AnyJSON+Codable.swift
#11 9.897 [138/495] Compiling Helpers AnyJSON.swift
#11 9.897 [139/495] Compiling Helpers Base64URL.swift
#11 9.897 [140/495] Compiling Helpers Codable.swift
#11 9.897 [141/495] Compiling Helpers DateFormatter.swift
#11 9.897 [142/495] Compiling Helpers EventEmitter.swift
#11 9.897 [143/495] Compiling Helpers FoundationExtensions.swift
#11 9.897 [144/495] Compiling Helpers HTTPClient.swift
#11 9.897 [145/495] Compiling Helpers HTTPFields.swift
#11 9.897 [146/495] Compiling Helpers HTTPRequest.swift
#11 9.897 [147/495] Compiling Helpers HTTPResponse.swift
#11 9.906 [147/495] Compiling sha512-586-apple.S
#11 9.960 [148/495] Compiling sha256-x86_64-linux.S
#11 9.982 [149/495] Compiling sha256-x86_64-apple.S
#11 10.00 [150/495] Compiling sha256-armv8-win.S
#11 10.02 [151/495] Compiling sha256-armv8-linux.S
#11 10.04 [152/495] Compiling sha256-armv8-apple.S
#11 10.06 [153/495] Compiling sha256-armv4-linux.S
#11 10.07 [155/495] Compiling Helpers LoggerInterceptor.swift
#11 10.07 [156/495] Compiling Helpers RetryRequestInterceptor.swift
#11 10.07 [157/495] Compiling Helpers JWT.swift
#11 10.07 [158/495] Compiling Helpers OSLogSupabaseLogger.swift
#11 10.07 [159/495] Compiling Helpers SupabaseLogger.swift
#11 10.07 [160/495] Compiling Helpers PostgRESTFilterValue.swift
#11 10.07 [161/495] Compiling Helpers HTTPError.swift
#11 10.07 [162/495] Compiling Helpers PostgrestError.swift
#11 10.07 [163/495] Compiling Helpers Task+withTimeout.swift
#11 10.07 [164/495] Compiling Helpers TaskLocalHelpers.swift
#11 10.07 [165/495] Compiling Helpers Version.swift
#11 10.08 [165/496] Compiling sha256-586-linux.S
#11 10.09 [167/496] Compiling sha256-586-apple.S
#11 10.12 [168/496] Compiling sha1-x86_64-apple.S
#11 10.12 [169/496] Compiling sha1-x86_64-linux.S
#11 10.14 [170/496] Compiling sha1-armv8-win.S
#11 10.14 [171/496] Wrapping AST for Helpers for debugging
#11 10.16 [172/496] Compiling sha1-armv8-apple.S
#11 10.25 [173/496] Compiling sha1-armv8-linux.S
#11 10.26 [174/496] Compiling sha1-armv4-large-linux.S
#11 10.27 [175/496] Compiling sha1-586-linux.S
#11 10.28 [176/496] Compiling sha1-586-apple.S
#11 10.30 [177/496] Compiling rsaz-avx2-linux.S
#11 10.30 [178/496] Compiling rsaz-avx2-apple.S
#11 10.32 [179/496] Compiling rdrand-x86_64-apple.S
#11 10.32 [180/496] Compiling rdrand-x86_64-linux.S
#11 10.33 [181/496] Compiling p256_beeu-x86_64-asm-apple.S
#11 10.33 [182/496] Compiling p256_beeu-x86_64-asm-linux.S
#11 10.35 [183/496] Compiling p256_beeu-armv8-asm-win.S
#11 10.35 [184/496] Compiling p256_beeu-armv8-asm-linux.S
#11 10.37 [185/496] Compiling p256_beeu-armv8-asm-apple.S
#11 10.38 [186/496] Compiling p256-x86_64-asm-linux.S
#11 10.39 [187/496] Compiling p256-x86_64-asm-apple.S
#11 10.40 [188/496] Compiling p256-armv8-asm-win.S
#11 10.41 [189/496] Compiling p256-armv8-asm-linux.S
#11 10.41 [190/496] Compiling p256-armv8-asm-apple.S
#11 10.42 [191/496] Compiling ghashv8-armv8-win.S
#11 10.43 [192/496] Compiling ghashv8-armv8-linux.S
#11 10.44 [193/496] Compiling ghashv8-armv8-apple.S
#11 10.45 [194/496] Compiling ghashv8-armv7-linux.S
#11 10.46 [195/496] Compiling ghash-x86_64-linux.S
#11 10.47 [196/496] Compiling ghash-x86_64-apple.S
#11 10.48 [197/496] Compiling ghash-x86-linux.S
#11 10.49 [198/496] Compiling ghash-x86-apple.S
#11 10.50 [199/496] Compiling ghash-ssse3-x86_64-linux.S
#11 10.51 [200/496] Compiling ghash-ssse3-x86_64-apple.S
#11 10.52 [201/496] Compiling ghash-ssse3-x86-linux.S
#11 10.53 [202/496] Compiling ghash-ssse3-x86-apple.S
#11 10.54 [203/496] Compiling ghash-neon-armv8-linux.S
#11 10.56 [204/496] Compiling ghash-neon-armv8-apple.S
#11 10.58 [205/496] Compiling ghash-neon-armv8-win.S
#11 10.58 [206/496] Compiling ghash-armv4-linux.S
#11 10.59 [207/496] Compiling co-586-linux.S
#11 10.61 [208/496] Compiling co-586-apple.S
#11 10.61 [209/496] Compiling bsaes-armv7-linux.S
#11 10.62 [210/496] Compiling bn-armv8-win.S
#11 10.63 [211/496] Compiling bn-armv8-linux.S
#11 10.64 [212/496] Compiling bn-armv8-apple.S
#11 10.65 [213/496] Compiling bn-586-linux.S
#11 10.67 [214/496] Compiling bn-586-apple.S
#11 10.67 [215/496] Compiling armv8-mont-win.S
#11 10.68 [216/496] Compiling armv8-mont-linux.S
#11 10.69 [217/496] Compiling armv8-mont-apple.S
#11 10.70 [218/496] Compiling armv4-mont-linux.S
#11 10.71 [219/496] Compiling aesv8-gcm-armv8-win.S
#11 10.72 [220/496] Compiling aesv8-gcm-armv8-linux.S
#11 10.73 [221/496] Compiling aesv8-gcm-armv8-apple.S
#11 10.74 [222/496] Compiling aesv8-armv8-win.S
#11 10.75 [223/496] Compiling aesv8-armv8-linux.S
#11 10.76 [224/496] Compiling aesv8-armv8-apple.S
#11 10.77 [225/496] Compiling aesv8-armv7-linux.S
#11 10.78 [226/496] Compiling aesni-x86_64-linux.S
#11 10.78 [227/496] Compiling aesni-x86_64-apple.S
#11 10.80 [228/496] Compiling aesni-x86-apple.S
#11 10.82 [229/496] Compiling aesni-gcm-x86_64-linux.S
#11 10.84 [230/496] Compiling aesni-gcm-x86_64-apple.S
#11 10.86 [231/496] Compiling aes-gcm-avx512-x86_64-linux.S
#11 10.87 [232/496] Compiling aes-gcm-avx512-x86_64-apple.S
#11 10.89 [233/496] Compiling aes-gcm-avx2-x86_64-linux.S
#11 10.91 [234/496] Compiling aes-gcm-avx2-x86_64-apple.S
#11 10.92 [235/496] Compiling aesni-x86-linux.S
#11 11.07 [236/496] Compiling xwing.cc
#11 11.27 [237/496] Compiling x_x509a.cc
#11 11.42 [238/496] Compiling x_x509.cc
#11 11.55 [239/496] Compiling x_spki.cc
#11 11.68 [240/496] Compiling x_sig.cc
#11 11.84 [241/496] Compiling x_req.cc
#11 12.00 [242/496] Compiling x_pubkey.cc
#11 12.13 [243/496] Compiling x_name.cc
#11 12.28 [244/496] Compiling x_exten.cc
#11 12.42 [245/496] Compiling x_crl.cc
#11 12.56 [246/496] Compiling x_attrib.cc
#11 12.73 [247/496] Compiling x_all.cc
#11 12.89 [248/496] Compiling x_algor.cc
#11 12.99 [249/496] Compiling x509spki.cc
#11 13.17 [250/496] Compiling x509rset.cc
#11 13.30 [251/496] Compiling x509name.cc
#11 13.46 [252/496] Compiling x509cset.cc
#11 13.58 [253/496] Compiling x509_vpm.cc
#11 13.75 [254/496] Compiling x509_vfy.cc
#11 13.87 [255/496] Compiling x509_v3.cc
#11 14.01 [256/496] Compiling x509_txt.cc
#11 14.14 [257/496] Compiling x509_trs.cc
#11 14.30 [258/496] Compiling x509_set.cc
#11 14.43 [259/496] Compiling x509_req.cc
#11 14.58 [260/496] Compiling x509_obj.cc
#11 14.73 [261/496] Compiling x509_lu.cc
#11 14.87 [262/496] Compiling x509_ext.cc
#11 14.98 [263/496] Compiling x509_def.cc
#11 15.13 [264/496] Compiling x509_d2.cc
#11 15.27 [265/496] Compiling x509_cmp.cc
#11 15.43 [266/496] Compiling x509_att.cc
#11 15.54 [267/496] Compiling x509.cc
#11 15.75 [268/496] Compiling v3_utl.cc
#11 15.82 [269/496] Compiling v3_skey.cc
#11 16.04 [270/496] Compiling v3_purp.cc
#11 16.08 [271/496] Compiling v3_prn.cc
#11 16.32 [272/496] Compiling v3_pmaps.cc
#11 16.35 [273/496] Compiling v3_pcons.cc
#11 16.59 [274/496] Compiling v3_ocsp.cc
#11 16.64 [275/496] Compiling v3_ncons.cc
#11 16.88 [276/496] Compiling v3_lib.cc
#11 16.93 [277/496] Compiling v3_int.cc
#11 17.19 [278/496] Compiling v3_info.cc
#11 17.19 [279/496] Compiling v3_ia5.cc
#11 17.49 [280/496] Compiling v3_genn.cc
#11 17.50 [281/496] Compiling v3_extku.cc
#11 17.77 [282/496] Compiling v3_enum.cc
#11 17.79 [283/496] Compiling v3_crld.cc
#11 18.05 [284/496] Compiling v3_cpols.cc
#11 18.09 [285/496] Compiling v3_conf.cc
#11 18.32 [286/496] Compiling v3_bitst.cc
#11 18.36 [287/496] Compiling v3_bcons.cc
#11 18.61 [288/496] Compiling v3_alt.cc
#11 18.63 [289/496] Compiling v3_akeya.cc
#11 18.89 [290/496] Compiling v3_akey.cc
#11 18.91 [291/496] Compiling t_x509a.cc
#11 19.18 [292/496] Compiling t_x509.cc
#11 19.19 [293/496] Compiling t_req.cc
#11 19.46 [294/496] Compiling t_crl.cc
#11 19.49 [295/496] Compiling rsa_pss.cc
#11 19.75 [296/496] Compiling name_print.cc
#11 19.76 [297/496] Compiling policy.cc
#11 19.91 [298/496] Compiling i2d_pr.cc
#11 20.04 [299/496] Compiling by_file.cc
#11 20.21 [300/496] Compiling by_dir.cc
#11 20.34 [301/496] Compiling asn1_gen.cc
#11 20.49 [302/496] Compiling algorithm.cc
#11 20.62 [303/496] Compiling a_verify.cc
#11 20.79 [304/496] Compiling a_sign.cc
#11 20.89 [305/496] Compiling a_digest.cc
#11 21.01 [306/496] Compiling voprf.cc
#11 21.16 [307/496] Compiling trust_token.cc
#11 21.22 [308/496] Compiling pmbtoken.cc
#11 21.29 [309/496] Compiling thread_win.cc
#11 21.36 [310/496] Compiling thread_pthread.cc
#11 21.42 [311/496] Compiling thread_none.cc
#11 21.48 [312/496] Compiling thread.cc
#11 21.57 [313/496] Compiling stack.cc
#11 21.68 [314/496] Compiling spake2plus.cc
#11 21.71 [315/496] Compiling slhdsa.cc
#11 21.80 [316/496] Compiling siphash.cc
#11 21.81 [317/496] Compiling sha512.cc
#11 21.93 [318/496] Compiling sha256.cc
#11 21.95 [319/496] Compiling sha1.cc
#11 22.06 [320/496] Compiling rsa_extra.cc
#11 22.08 [321/496] Compiling rsa_print.cc
#11 22.26 [322/496] Compiling rsa_crypt.cc
#11 22.39 [323/496] Compiling rsa_asn1.cc
#11 22.40 [324/496] Compiling refcount.cc
#11 22.50 [325/496] Compiling rc4.cc
#11 22.52 [326/496] Compiling windows.cc
#11 22.62 [327/496] Compiling trusty.cc
#11 22.63 [328/496] Compiling urandom.cc
#11 22.73 [329/496] Compiling rand.cc
#11 22.76 [330/496] Compiling passive.cc
#11 22.85 [331/496] Compiling ios.cc
#11 22.88 [332/496] Compiling getentropy.cc
#11 22.98 [333/496] Compiling forkunsafe.cc
#11 23.01 [334/496] Compiling fork_detect.cc
#11 23.08 [335/496] Compiling deterministic.cc
#11 23.18 [336/496] Compiling pool.cc
#11 23.20 [337/496] Compiling poly1305_arm_asm.S
#11 23.25 [338/496] Compiling poly1305_vec.cc
#11 23.32 [339/496] Compiling poly1305_arm.cc
#11 23.38 [340/496] Compiling poly1305.cc
#11 23.65 [341/496] Compiling pkcs8_x509.cc
#11 23.68 [342/496] Compiling pkcs8.cc
#11 23.96 [343/496] Compiling p5_pbev2.cc
#11 24.00 [344/496] Compiling pkcs7_x509.cc
#11 24.13 [345/496] Compiling pkcs7.cc
#11 24.25 [346/496] Compiling pem_xaux.cc
#11 24.38 [347/496] Compiling pem_x509.cc
#11 24.50 [348/496] Compiling pem_pkey.cc
#11 24.64 [349/496] Compiling pem_pk8.cc
#11 24.75 [350/496] Compiling pem_oth.cc
#11 24.94 [351/496] Compiling pem_lib.cc
#11 25.01 [352/496] Compiling pem_info.cc
#11 25.16 [353/496] Compiling obj_xref.cc
#11 25.21 [354/496] Compiling pem_all.cc
#11 25.32 [355/496] Compiling mlkem.cc
#11 25.43 [356/496] Compiling obj.cc
#11 25.43 [357/496] Compiling mldsa.cc
#11 25.56 [358/496] Compiling mem.cc
#11 25.59 [359/496] Compiling md5.cc
#11 25.72 [360/496] Compiling lhash.cc
#11 25.74 [361/496] Compiling md4.cc
#11 25.90 [362/496] Compiling kyber.cc
#11 25.94 [363/496] Compiling poly_rq_mul.S
#11 26.03 [364/496] Compiling hrss.cc
#11 26.16 [365/496] Compiling hpke.cc
#11 26.16 [366/496] Compiling fuzzer_mode.cc
#11 26.17 [367/496] Compiling fips_shared_support.cc
#11 26.31 [368/496] Compiling ex_data.cc
#11 26.48 [369/496] Compiling sign.cc
#11 26.63 [370/496] Compiling scrypt.cc
#11 26.82 [371/496] Compiling print.cc
#11 26.98 [372/496] Compiling pbkdf.cc
#11 27.16 [373/496] Compiling p_x25519_asn1.cc
#11 27.33 [374/496] Compiling p_x25519.cc
#11 27.52 [375/496] Compiling p_rsa_asn1.cc
#11 27.75 [376/496] Compiling p_rsa.cc
#11 27.92 [377/496] Compiling p_hkdf.cc
#11 28.09 [378/496] Compiling p_ed25519_asn1.cc
#11 28.26 [379/496] Compiling p_ed25519.cc
#11 28.46 [380/496] Compiling p_ec_asn1.cc
#11 28.66 [381/496] Compiling p_dsa_asn1.cc
#11 28.84 [382/496] Compiling p_dh_asn1.cc
#11 29.05 [383/496] Compiling p_dh.cc
#11 29.32 [384/496] Compiling evp_ctx.cc
#11 29.72 [385/496] Compiling evp_asn1.cc
#11 29.96 [386/496] Compiling evp.cc
#11 30.19 [387/496] Compiling err.cc
#11 30.42 [388/496] Compiling engine.cc
#11 30.66 [389/496] Compiling ecdsa_p1363.cc
#11 30.73 [390/496] Compiling bcm.cc
#11 30.87 [391/496] Compiling ecdh.cc
#11 30.93 [392/496] Compiling ecdsa_asn1.cc
#11 31.11 [393/496] Compiling hash_to_curve.cc
#11 31.17 [394/496] Compiling ec_derive.cc
#11 31.46 [395/496] Compiling ec_asn1.cc
#11 31.50 [396/496] Compiling dsa_asn1.cc
#11 31.67 [397/496] Compiling dsa.cc
#11 31.73 [398/496] Compiling digest_extra.cc
#11 31.91 [399/496] Compiling params.cc
#11 31.99 [400/496] Compiling dh_asn1.cc
#11 32.10 [401/496] Compiling des.cc
#11 32.34 [402/496] Compiling spake25519.cc
#11 32.63 [403/496] Compiling curve25519_64_adx.cc
#11 32.66 [404/496] Compiling x25519-asm-arm.S
#11 32.69 [405/496] Compiling curve25519.cc
#11 32.80 [406/496] Compiling crypto.cc
#11 32.85 [407/496] Compiling cpu_intel.cc
#11 32.92 [408/496] Compiling cpu_arm_linux.cc
#11 33.00 [409/496] Compiling cpu_arm_freebsd.cc
#11 33.04 [410/496] Compiling cpu_aarch64_win.cc
#11 33.13 [411/496] Compiling cpu_aarch64_sysreg.cc
#11 33.15 [412/496] Compiling cpu_aarch64_openbsd.cc
#11 33.25 [413/496] Compiling cpu_aarch64_linux.cc
#11 33.27 [414/496] Compiling cpu_aarch64_fuchsia.cc
#11 33.37 [415/496] Compiling cpu_aarch64_apple.cc
#11 33.42 [416/496] Compiling conf.cc
#11 33.56 [417/496] Compiling tls_cbc.cc
#11 33.63 [418/496] Compiling cms.cc
#11 33.70 [419/496] Compiling get_cipher.cc
#11 33.79 [420/496] Compiling e_tls.cc
#11 33.84 [421/496] Compiling e_rc4.cc
#11 33.97 [422/496] Compiling e_rc2.cc
#11 34.02 [423/496] Compiling e_null.cc
#11 34.14 [424/496] Compiling e_des.cc
#11 34.18 [425/496] Compiling e_chacha20poly1305.cc
#11 34.31 [426/496] Compiling e_aesgcmsiv.cc
#11 34.33 [427/496] Compiling e_aeseax.cc
#11 34.45 [428/496] Compiling derive_key.cc
#11 34.46 [429/496] Compiling e_aesctrhmac.cc
#11 34.58 [430/496] Compiling chacha.cc
#11 34.62 [431/496] Compiling unicode.cc
#11 34.80 [432/496] Compiling cbb.cc
#11 34.80 [433/496] Compiling cbs.cc
#11 34.96 [434/496] Compiling ber.cc
#11 34.98 [435/496] Compiling asn1_compat.cc
#11 35.11 [436/496] Compiling buf.cc
#11 35.15 [437/496] Compiling exponentiation.cc
#11 35.29 [438/496] Compiling div.cc
#11 35.40 [439/496] Compiling convert.cc
#11 35.44 [440/496] Compiling bn_asn1.cc
#11 35.56 [441/496] Compiling printf.cc
#11 35.60 [442/496] Compiling blake2.cc
#11 35.71 [443/496] Compiling pair.cc
#11 35.75 [444/496] Compiling hexdump.cc
#11 35.86 [445/496] Compiling file.cc
#11 35.90 [446/496] Compiling fd.cc
#11 36.02 [447/496] Compiling errno.cc
#11 36.05 [448/496] Compiling bio_mem.cc
#11 36.18 [449/496] Compiling base64.cc
#11 36.20 [450/496] Compiling bio.cc
#11 36.35 [451/496] Compiling tasn_typ.cc
#11 36.38 [452/496] Compiling tasn_utl.cc
#11 36.52 [453/496] Compiling tasn_fre.cc
#11 36.53 [454/496] Compiling tasn_new.cc
#11 36.68 [455/496] Compiling tasn_enc.cc
#11 36.73 [456/496] Compiling tasn_dec.cc
#11 36.82 [457/496] Compiling posix_time.cc
#11 36.86 [458/496] Compiling f_string.cc
#11 36.94 [459/496] Compiling f_int.cc
#11 37.00 [460/496] Compiling asn_pack.cc
#11 37.10 [461/496] Compiling asn1_par.cc
#11 37.22 [462/496] Compiling asn1_lib.cc
#11 37.30 [463/496] Compiling a_utctm.cc
#11 37.43 [464/496] Compiling a_type.cc
#11 37.48 [465/496] Compiling a_time.cc
#11 37.67 [466/496] Compiling a_strex.cc
#11 37.68 [467/496] Compiling a_strnid.cc
#11 37.80 [468/496] Compiling a_octet.cc
#11 37.88 [469/496] Compiling a_object.cc
#11 37.98 [470/496] Compiling a_mbstr.cc
#11 38.09 [471/496] Compiling a_int.cc
#11 38.12 [472/496] Compiling a_i2d_fp.cc
#11 38.25 [473/496] Compiling a_dup.cc
#11 38.25 [474/496] Compiling a_gentm.cc
#11 38.38 [475/496] Compiling a_d2i_fp.cc
#11 38.42 [476/496] Compiling a_bool.cc
#11 38.52 [477/496] Compiling aes.cc
#11 38.52 [478/496] Write sources
#11 38.57 [479/496] Compiling a_bitstr.cc
#11 39.44 [481/501] Compiling CryptoBoringWrapper BoringSSLAEAD.swift
#11 39.44 [482/501] Compiling CryptoBoringWrapper CryptoKitErrors_boring.swift
#11 39.44 [483/501] Compiling CryptoBoringWrapper EllipticCurve.swift
#11 39.44 [484/501] Compiling CryptoBoringWrapper EllipticCurvePoint.swift
#11 39.44 [485/501] Emitting module CryptoBoringWrapper
#11 39.85 [486/504] Compiling CryptoBoringWrapper ArbitraryPrecisionInteger.swift
#11 39.85 [487/504] Compiling CryptoBoringWrapper FiniteFieldArithmeticContext.swift
#11 39.85 [488/504] Compiling CryptoBoringWrapper RandomBytes.swift
#11 39.92 [489/505] Wrapping AST for CryptoBoringWrapper for debugging
#11 41.65 [491/530] Compiling Crypto AES-GCM.swift
#11 41.65 [492/530] Compiling Crypto AES-GCM_boring.swift
#11 41.65 [493/530] Compiling Crypto ChaChaPoly_boring.swift
#11 41.65 [494/530] Compiling Crypto ChaChaPoly.swift
#11 41.65 [495/530] Compiling Crypto Cipher.swift
#11 41.65 [496/530] Compiling Crypto Nonces.swift
#11 41.65 [497/530] Compiling Crypto ASN1.swift
#11 41.65 [498/530] Compiling Crypto ASN1Any.swift
#11 41.65 [499/530] Compiling Crypto ASN1BitString.swift
#11 41.65 [500/530] Compiling Crypto ASN1Boolean.swift
#11 41.65 [501/530] Compiling Crypto ASN1Identifier.swift
#11 41.65 [502/530] Compiling Crypto ASN1Integer.swift
#11 41.65 [503/530] Compiling Crypto ASN1Null.swift
#11 41.65 [504/530] Compiling Crypto ASN1OctetString.swift
#11 41.65 [505/530] Compiling Crypto ASN1Strings.swift
#11 41.65 [506/530] Compiling Crypto ArraySliceBigint.swift
#11 41.65 [507/530] Compiling Crypto GeneralizedTime.swift
#11 41.65 [508/530] Compiling Crypto ObjectIdentifier.swift
#11 41.65 [509/530] Compiling Crypto ECDSASignature.swift
#11 41.65 [510/530] Compiling Crypto PEMDocument.swift
#11 41.65 [511/530] Compiling Crypto PKCS8PrivateKey.swift
#11 41.65 [512/530] Compiling Crypto SEC1PrivateKey.swift
#11 41.65 [513/530] Compiling Crypto SubjectPublicKeyInfo.swift
#11 41.65 [514/530] Compiling Crypto CryptoError_boring.swift
#11 41.65 [515/530] Emitting module Crypto
#11 42.98 [516/577] Compiling Crypto CryptoKitErrors.swift
#11 42.98 [517/577] Compiling Crypto Digest_boring.swift
#11 42.98 [518/577] Compiling Crypto Digest.swift
#11 42.98 [519/577] Compiling Crypto Digests.swift
#11 42.98 [520/577] Compiling Crypto HashFunctions.swift
#11 42.98 [521/577] Compiling Crypto HashFunctions_SHA2.swift
#11 42.98 [522/577] Compiling Crypto HashFunctions_SHA3.swift
#11 42.98 [523/577] Compiling Crypto Digest_xkcp.swift
#11 42.98 [524/577] Compiling Crypto HPKE-AEAD.swift
#11 42.98 [525/577] Compiling Crypto HPKE-Ciphersuite.swift
#11 42.98 [526/577] Compiling Crypto HPKE-KDF.swift
#11 42.98 [527/577] Compiling Crypto HPKE-KexKeyDerivation.swift
#11 42.98 [528/577] Compiling Crypto HPKE-LabeledExtract.swift
#11 42.98 [529/577] Compiling Crypto HPKE-Utils.swift
#11 42.98 [530/577] Compiling Crypto DHKEM.swift
#11 42.98 [531/577] Compiling Crypto HPKE-KEM-Curve25519.swift
#11 42.98 [532/577] Compiling Crypto HPKE-NIST-EC-KEMs.swift
#11 42.98 [533/577] Compiling Crypto HPKE-KEM.swift
#11 42.98 [534/577] Compiling Crypto HPKE-Errors.swift
#11 42.98 [535/577] Compiling Crypto HPKE.swift
#11 42.98 [536/577] Compiling Crypto HPKE-Context.swift
#11 42.98 [537/577] Compiling Crypto HPKE-KeySchedule.swift
#11 42.98 [538/577] Compiling Crypto HPKE-Modes.swift
#11 42.98 [539/577] Compiling Crypto Insecure.swift
#11 43.88 [540/600] Compiling Crypto Insecure_HashFunctions.swift
#11 43.88 [541/600] Compiling Crypto MLKEM_boring.swift
#11 43.88 [542/600] Compiling Crypto MLKEM_wrapper.swift
#11 43.88 [543/600] Compiling Crypto XWing_boring.swift
#11 43.88 [544/600] Compiling Crypto KEM-Errors.swift
#11 43.88 [545/600] Compiling Crypto KEM.swift
#11 43.88 [546/600] Compiling Crypto MLKEM.swift
#11 43.88 [547/600] Compiling Crypto XWing.swift
#11 43.88 [548/600] Compiling Crypto ECDH_boring.swift
#11 43.88 [549/600] Compiling Crypto DH.swift
#11 43.88 [550/600] Compiling Crypto ECDH.swift
#11 43.88 [551/600] Compiling Crypto ANSIx963.swift
#11 43.88 [552/600] Compiling Crypto HKDF.swift
#11 43.88 [553/600] Compiling Crypto AESWrap.swift
#11 43.88 [554/600] Compiling Crypto AESWrap_boring.swift
#11 43.88 [555/600] Compiling Crypto Ed25519_boring.swift
#11 43.88 [556/600] Compiling Crypto NISTCurvesKeys_boring.swift
#11 43.88 [557/600] Compiling Crypto X25519Keys_boring.swift
#11 43.88 [558/600] Compiling Crypto Curve25519.swift
#11 43.88 [559/600] Compiling Crypto Ed25519Keys.swift
#11 43.88 [560/600] Compiling Crypto NISTCurvesKeys.swift
#11 43.88 [561/600] Compiling Crypto X25519Keys.swift
#11 43.88 [562/600] Compiling Crypto SymmetricKeys.swift
#11 44.97 [563/600] Compiling Crypto HMAC.swift
#11 44.97 [564/600] Compiling Crypto MACFunctions.swift
#11 44.97 [565/600] Compiling Crypto MessageAuthenticationCode.swift
#11 44.97 [566/600] Compiling Crypto AES.swift
#11 44.97 [567/600] Compiling Crypto ECDSASignature_boring.swift
#11 44.97 [568/600] Compiling Crypto ECDSA_boring.swift
#11 44.97 [569/600] Compiling Crypto EdDSA_boring.swift
#11 44.97 [570/600] Compiling Crypto MLDSA_boring.swift
#11 44.97 [571/600] Compiling Crypto MLDSA_wrapper.swift
#11 44.97 [572/600] Compiling Crypto ECDSA.swift
#11 44.97 [573/600] Compiling Crypto Ed25519.swift
#11 44.97 [574/600] Compiling Crypto MLDSA.swift
#11 44.97 [575/600] Compiling Crypto Signature.swift
#11 44.97 [576/600] Compiling Crypto CryptoKitErrors_boring.swift
#11 44.97 [577/600] Compiling Crypto Optional+withUnsafeBytes_boring.swift
#11 44.97 [578/600] Compiling Crypto RNG_boring.swift
#11 44.97 [579/600] Compiling Crypto SafeCompare_boring.swift
#11 44.97 [580/600] Compiling Crypto Zeroization_boring.swift
#11 44.97 [581/600] Compiling Crypto _CryptoModuleAnchor.swift
#11 44.97 [582/600] Compiling Crypto PrettyBytes.swift
#11 44.97 [583/600] Compiling Crypto SafeCompare.swift
#11 44.97 [584/600] Compiling Crypto SecureBytes.swift
#11 44.97 [585/600] Compiling Crypto Zeroization.swift
#11 45.07 [586/601] Wrapping AST for Crypto for debugging
#11 45.70 [588/619] Emitting module Auth
#11 47.07 [589/636] Compiling Auth AuthAdmin.swift
#11 47.07 [590/636] Compiling Auth AuthAdminOAuth.swift
#11 47.07 [591/636] Compiling Auth AuthClient.swift
#11 47.07 [592/636] Compiling Auth AuthClientConfiguration.swift
#11 47.07 [593/636] Compiling Auth AuthError.swift
#11 47.07 [594/636] Compiling Auth AuthMFA.swift
#11 47.07 [595/636] Compiling Auth AuthOAuthServer.swift
#11 47.07 [596/636] Compiling Auth AuthStateChangeListener.swift
#11 47.07 [597/636] Compiling Auth Defaults.swift
#11 47.07 [598/636] Compiling Auth Deprecated.swift
#11 47.07 [599/636] Compiling Auth Exports.swift
#11 47.07 [600/636] Compiling Auth APIClient.swift
#11 47.07 [601/636] Compiling Auth CodeVerifierStorage.swift
#11 47.07 [602/636] Compiling Auth Constants.swift
#11 47.07 [603/636] Compiling Auth Dependencies.swift
#11 47.07 [604/636] Compiling Auth EventEmitter.swift
#11 47.07 [605/636] Compiling Auth FixedWidthInteger+Random.swift
#11 49.40 [606/636] Compiling Auth Helpers.swift
#11 49.40 [607/636] Compiling Auth JWK+RSA.swift
#11 49.40 [608/636] Compiling Auth JWTAlgorithm.swift
#11 49.40 [609/636] Compiling Auth Keychain.swift
#11 49.40 [610/636] Compiling Auth PKCE.swift
#11 49.40 [611/636] Compiling Auth SessionManager.swift
#11 49.40 [612/636] Compiling Auth SessionStorage.swift
#11 49.40 [613/636] Compiling Auth URLOpener.swift
#11 49.40 [614/636] Compiling Auth AuthLocalStorage.swift
#11 49.40 [615/636] Compiling Auth KeychainLocalStorage.swift
#11 49.40 [616/636] Compiling Auth WinCredLocalStorage.swift
#11 49.40 [617/636] Compiling Auth Types.swift
#11 49.40 [618/636] Compiling Auth AuthAdmin+Passkey.swift
#11 49.40 [619/636] Compiling Auth AuthClient+Passkey.swift
#11 49.40 [620/636] Compiling Auth AuthMFA+WebAuthn.swift
#11 49.40 [621/636] Compiling Auth WebAuthnAuthenticator.swift
#11 49.40 [622/636] Compiling Auth WebAuthnTypes.swift
#11 49.47 [623/637] Wrapping AST for Auth for debugging
#11 50.37 [625/640] Emitting module NidaaIntegration
#11 50.37 [626/640] Compiling NidaaIntegration Models.swift
#11 50.37 [627/640] Compiling NidaaIntegration NidaaClient.swift
#11 50.60 [628/642] Compiling NidaaIntegration Storage.swift
#11 50.60 [629/642] Compiling NidaaIntegration Transport.swift
#11 50.87 [631/648] Compiling IntegrationTrialCLI LocalMailbox.swift
#11 50.87 [632/648] Emitting module IntegrationTrialCLI
#11 51.39 [633/649] Emitting module NidaaIntegrationTests
#11 51.39 [634/649] Compiling NidaaIntegrationTests ClientReviewRegressionTests.swift
#11 51.39 [635/649] Compiling NidaaIntegrationTests ClientSafetyTests.swift
#11 51.71 [636/651] Compiling NidaaIntegrationTests StorageBoundaryTests.swift
#11 51.71 [637/651] Compiling NidaaIntegrationTests TestTransport.swift
#11 51.77 [638/652] Wrapping AST for NidaaIntegration for debugging
#11 51.79 [639/652] Wrapping AST for NidaaIntegrationTests for debugging
#11 51.79 [640/652] /swifttrial/.build/x86_64-unknown-linux-gnu/debug/NidaaIntegrationPackageDiscoveredTests.derived/all-discovered-tests.swift
#11 51.79 [641/652] Write sources
#11 51.89 [643/654] Compiling IntegrationTrialCLI Trial.swift
#11 51.94 [644/655] Wrapping AST for IntegrationTrialCLI for debugging
#11 51.94 [645/655] Write Objects.LinkFileList
#11 52.34 [646/655] Linking IntegrationTrialCLI
#11 52.74 [648/655] Emitting module NidaaIntegrationPackageDiscoveredTests
#11 52.74 [649/655] Compiling NidaaIntegrationPackageDiscoveredTests NidaaIntegrationTests.swift
#11 52.80 [650/656] Compiling NidaaIntegrationPackageDiscoveredTests all-discovered-tests.swift
#11 52.82 [651/657] /swifttrial/.build/x86_64-unknown-linux-gnu/debug/NidaaIntegrationPackageTests.derived/runner.swift
#11 52.82 [652/657] Write sources
#11 52.84 [653/657] Wrapping AST for NidaaIntegrationPackageDiscoveredTests for debugging
#11 54.63 [655/659] Compiling NidaaIntegrationPackageTests runner.swift
#11 54.63 [656/659] Emitting module NidaaIntegrationPackageTests
#11 54.72 [657/660] Wrapping AST for NidaaIntegrationPackageTests for debugging
#11 54.72 [658/660] Write Objects.LinkFileList
#11 55.02 [659/660] Linking NidaaIntegrationPackageTests.xctest
#11 55.06 Build complete! (54.14s)
#11 55.30 Test Suite 'All tests' started at 2026-09-29 02:12:40.414
#11 55.30 Test Suite 'debug.xctest' started at 2026-09-29 02:12:40.415
#11 55.30 Test Suite 'ClientReviewRegressionTests' started at 2026-09-29 02:12:40.415
#11 55.30 Test Case 'ClientReviewRegressionTests.testCorruptPendingStorageCannotPublishAuthenticatedAccount' started at 2026-09-29 02:12:40.415
#11 55.30 Test Case 'ClientReviewRegressionTests.testCorruptPendingStorageCannotPublishAuthenticatedAccount' passed (0.006 seconds)
#11 55.30 Test Case 'ClientReviewRegressionTests.testDomainRevocationClearsPreviouslyFetchedAccountData' started at 2026-09-29 02:12:40.421
#11 55.30 Test Case 'ClientReviewRegressionTests.testDomainRevocationClearsPreviouslyFetchedAccountData' passed (0.002 seconds)
#11 55.30 Test Case 'ClientReviewRegressionTests.testMismatchedPendingOwnerCannotPublishAuthenticatedAccount' started at 2026-09-29 02:12:40.423
#11 55.30 Test Case 'ClientReviewRegressionTests.testMismatchedPendingOwnerCannotPublishAuthenticatedAccount' passed (0.001 seconds)
#11 55.30 Test Case 'ClientReviewRegressionTests.testRevokedRefreshClearsCacheButRetainsUnknownForReauthentication' started at 2026-09-29 02:12:40.424
#11 55.30 /swifttrial/Tests/NidaaIntegrationTests/ClientReviewRegressionTests.swift:65: error: ClientReviewRegressionTests.testRevokedRefreshClearsCacheButRetainsUnknownForReauthentication : XCTAssertEqual failed: ("Optional(NidaaIntegration.ClientError.server("authentication_failed"))") is not equal to ("Optional(NidaaIntegration.ClientError.unauthenticated)") - 
#11 55.30 /swifttrial/Tests/NidaaIntegrationTests/ClientReviewRegressionTests.swift:67: error: ClientReviewRegressionTests.testRevokedRefreshClearsCacheButRetainsUnknownForReauthentication : XCTAssertNil failed: "Account(userID: 11111111-1111-4111-8111-111111111111, displayName: "Sami", emailVerified: true)" - 
#11 55.30 Test Case 'ClientReviewRegressionTests.testRevokedRefreshClearsCacheButRetainsUnknownForReauthentication' failed (0.104 seconds)
#11 55.30 Test Case 'ClientReviewRegressionTests.testUnrecognizedLookupStatusCannotReleaseUnknownOperation' started at 2026-09-29 02:12:40.527
#11 55.30 Test Case 'ClientReviewRegressionTests.testUnrecognizedLookupStatusCannotReleaseUnknownOperation' passed (0.001 seconds)
#11 55.30 Test Suite 'ClientReviewRegressionTests' failed at 2026-09-29 02:12:40.529
#11 55.30 	 Executed 5 tests, with 2 failures (0 unexpected) in 0.114 (0.114) seconds
#11 55.30 Test Suite 'ClientSafetyTests' started at 2026-09-29 02:12:40.529
#11 55.30 Test Case 'ClientSafetyTests.testAccountSwitchClearsOtherAccountsPendingAndCachedDetails' started at 2026-09-29 02:12:40.529
#11 55.30 Test Case 'ClientSafetyTests.testAccountSwitchClearsOtherAccountsPendingAndCachedDetails' passed (0.002 seconds)
#11 55.30 Test Case 'ClientSafetyTests.testDelayedOldAuthCannotOverwriteNewSessionsStorage' started at 2026-09-29 02:12:40.531
#11 55.30 Test Case 'ClientSafetyTests.testDelayedOldAuthCannotOverwriteNewSessionsStorage' passed (0.003 seconds)
#11 55.30 Test Case 'ClientSafetyTests.testDelayedOldCommandResponseCannotMutateNewAccount' started at 2026-09-29 02:12:40.534
#11 55.30 Test Case 'ClientSafetyTests.testDelayedOldCommandResponseCannotMutateNewAccount' passed (0.002 seconds)
#11 55.30 Test Case 'ClientSafetyTests.testDelayedOldSyncCannotRepopulateAfterSameAccountRelogin' started at 2026-09-29 02:12:40.536
#11 55.30 Test Case 'ClientSafetyTests.testDelayedOldSyncCannotRepopulateAfterSameAccountRelogin' passed (0.002 seconds)
#11 55.30 Test Case 'ClientSafetyTests.testLogoutWipesBeforeAwaitingServerAndOfflineLogoutIsHonest' started at 2026-09-29 02:12:40.539
#11 55.30 Test Case 'ClientSafetyTests.testLogoutWipesBeforeAwaitingServerAndOfflineLogoutIsHonest' passed (0.002 seconds)
#11 55.30 Test Case 'ClientSafetyTests.testMalformedOrMismatchedReceiptStaysUnknown' started at 2026-09-29 02:12:40.541
#11 55.30 Test Case 'ClientSafetyTests.testMalformedOrMismatchedReceiptStaysUnknown' passed (0.002 seconds)
#11 55.30 Test Case 'ClientSafetyTests.testNeverSentDraftAndReconnectDoNotDispatch' started at 2026-09-29 02:12:40.544
#11 55.30 Test Case 'ClientSafetyTests.testNeverSentDraftAndReconnectDoNotDispatch' passed (0.001 seconds)
#11 55.30 Test Case 'ClientSafetyTests.testOutOfOrderSnapshotCannotReopenTerminalAlert' started at 2026-09-29 02:12:40.544
#11 55.30 Test Case 'ClientSafetyTests.testOutOfOrderSnapshotCannotReopenTerminalAlert' passed (0.102 seconds)
#11 55.34 Test Case 'ClientSafetyTests.testSecurePendingWriteFailurePreventsPost' started at 2026-09-29 02:12:40.646
#11 55.34 Test Case 'ClientSafetyTests.testSecurePendingWriteFailurePreventsPost' passed (0.002 seconds)
#11 55.34 Test Case 'ClientSafetyTests.testStaleDraftRemainsNeverSentWithoutNetworkMutation' started at 2026-09-29 02:12:40.648
#11 55.34 Test Case 'ClientSafetyTests.testStaleDraftRemainsNeverSentWithoutNetworkMutation' passed (0.001 seconds)
#11 55.34 Test Case 'ClientSafetyTests.testTombstonesRemoveDetailsAndPartialSnapshotFailsClosed' started at 2026-09-29 02:12:40.649
#11 55.34 Test Case 'ClientSafetyTests.testTombstonesRemoveDetailsAndPartialSnapshotFailsClosed' passed (0.001 seconds)
#11 55.34 Test Case 'ClientSafetyTests.testTransportFailureRetainsUnknownAndSameOperationLookupOnly' started at 2026-09-29 02:12:40.650
#11 55.34 Test Case 'ClientSafetyTests.testTransportFailureRetainsUnknownAndSameOperationLookupOnly' passed (0.001 seconds)
#11 55.34 Test Case 'ClientSafetyTests.testUnknownReceipt404CannotBecomeNeverSentOrBeDiscarded' started at 2026-09-29 02:12:40.651
#11 55.34 Test Case 'ClientSafetyTests.testUnknownReceipt404CannotBecomeNeverSentOrBeDiscarded' passed (0.001 seconds)
#11 55.34 Test Case 'ClientSafetyTests.testUnknownStateSurvivesSameAccountReauthenticationWithoutResend' started at 2026-09-29 02:12:40.652
#11 55.34 Test Case 'ClientSafetyTests.testUnknownStateSurvivesSameAccountReauthenticationWithoutResend' passed (0.001 seconds)
#11 55.34 Test Case 'ClientSafetyTests.testVerificationAccountSwitchRejectsPreviousAccountsDelayedSync' started at 2026-09-29 02:12:40.654
#11 55.34 Test Case 'ClientSafetyTests.testVerificationAccountSwitchRejectsPreviousAccountsDelayedSync' passed (0.003 seconds)
#11 55.34 Test Suite 'ClientSafetyTests' passed at 2026-09-29 02:12:40.656
#11 55.34 	 Executed 15 tests, with 0 failures (0 unexpected) in 0.127 (0.127) seconds
#11 55.34 Test Suite 'StorageBoundaryTests' started at 2026-09-29 02:12:40.656
#11 55.34 Test Case 'StorageBoundaryTests.testClearingAuthPreservesUncertainPendingReceiptForReauthentication' started at 2026-09-29 02:12:40.656
#11 55.34 Test Case 'StorageBoundaryTests.testClearingAuthPreservesUncertainPendingReceiptForReauthentication' passed (0.0 seconds)
#11 55.34 Test Case 'StorageBoundaryTests.testClearingOneEnvironmentDoesNotClearAnotherEnvironment' started at 2026-09-29 02:12:40.657
#11 55.34 Test Case 'StorageBoundaryTests.testClearingOneEnvironmentDoesNotClearAnotherEnvironment' passed (0.0 seconds)
#11 55.34 Test Case 'StorageBoundaryTests.testEnvironmentRejectsExternalCredentialsQueriesAndPaths' started at 2026-09-29 02:12:40.657
#11 55.34 Test Case 'StorageBoundaryTests.testEnvironmentRejectsExternalCredentialsQueriesAndPaths' passed (0.0 seconds)
#11 55.34 Test Case 'StorageBoundaryTests.testInvalidatedAuthCallbackCannotRecreateCredentials' started at 2026-09-29 02:12:40.657
#11 55.34 Test Case 'StorageBoundaryTests.testInvalidatedAuthCallbackCannotRecreateCredentials' passed (0.0 seconds)
#11 55.34 Test Suite 'StorageBoundaryTests' passed at 2026-09-29 02:12:40.657
#11 55.34 	 Executed 4 tests, with 0 failures (0 unexpected) in 0.001 (0.001) seconds
#11 55.34 Test Suite 'debug.xctest' failed at 2026-09-29 02:12:40.657
#11 55.34 	 Executed 24 tests, with 2 failures (0 unexpected) in 0.242 (0.242) seconds
#11 55.34 Test Suite 'All tests' failed at 2026-09-29 02:12:40.657
#11 55.34 	 Executed 24 tests, with 2 failures (0 unexpected) in 0.242 (0.242) seconds
#11 55.34 ◇ Test run started.
#11 55.34 ↳ Testing Library Version: 6.2.4 (5ee435b15ad40ec)
#11 55.34 ↳ Target Platform: x86_64-unknown-linux-gnu
#11 55.34 ✔ Test run with 0 tests in 0 suites passed after 0.001 seconds.
#11 ERROR: process "/bin/bash -o pipefail -c swift test -j 2 2>&1 | tee /swifttrial/unit-tests.log" did not complete successfully: exit code: 1
------
 > [5/6] RUN swift test -j 2 2>&1 | tee /swifttrial/unit-tests.log:
55.34 Test Suite 'StorageBoundaryTests' passed at 2026-09-29 02:12:40.657
55.34 	 Executed 4 tests, with 0 failures (0 unexpected) in 0.001 (0.001) seconds
55.34 Test Suite 'debug.xctest' failed at 2026-09-29 02:12:40.657
55.34 	 Executed 24 tests, with 2 failures (0 unexpected) in 0.242 (0.242) seconds
55.34 Test Suite 'All tests' failed at 2026-09-29 02:12:40.657
55.34 	 Executed 24 tests, with 2 failures (0 unexpected) in 0.242 (0.242) seconds
55.34 ◇ Test run started.
55.34 ↳ Testing Library Version: 6.2.4 (5ee435b15ad40ec)
55.34 ↳ Target Platform: x86_64-unknown-linux-gnu
55.34 ✔ Test run with 0 tests in 0 suites passed after 0.001 seconds.
------
Dockerfile.swift:7

--------------------

   5 |     # Dependency downloads occur only while building, before private trial runtime.

   6 |     RUN swift --version > /swifttrial/swift-version.txt && swift package resolve

   7 | >>> RUN swift test -j 2 2>&1 | tee /swifttrial/unit-tests.log

   8 |     RUN swift build -j 2 --product IntegrationTrialCLI

   9 |     USER 10001:10001

--------------------

failed to solve: process "/bin/bash -o pipefail -c swift test -j 2 2>&1 | tee /swifttrial/unit-tests.log" did not complete successfully: exit code: 1

Traceback (most recent call last):
  File "/home/runner/work/nidaa-ios-proof/nidaa-ios-proof/Integration/manage.py", line 172, in <module>
    main()
  File "/home/runner/work/nidaa-ios-proof/nidaa-ios-proof/Integration/manage.py", line 162, in main
    run('build', 'swift-trial')
  File "/home/runner/work/nidaa-ios-proof/nidaa-ios-proof/Integration/manage.py", line 22, in run
    return subprocess.run(COMPOSE + list(args), check=True, text=True, capture_output=capture)
           ^^^^^^^^^^^^^^^^^^^^^^^^^^^^^^^^^^^^^^^^^^^^^^^^^^^^^^^^^^^^^^^^^^^^^^^^^^^^^^^^^^^
  File "/usr/lib/python3.12/subprocess.py", line 571, in run
    raise CalledProcessError(retcode, process.args,
subprocess.CalledProcessError: Command '['docker', 'compose', '--project-name', 'nidaa-integration', '--env-file', '/home/runner/work/nidaa-ios-proof/nidaa-ios-proof/Integration/.runtime.env', '-f', '/home/runner/work/nidaa-ios-proof/nidaa-ios-proof/Integration/compose.yml', 'build', 'swift-trial']' returned non-zero exit status 1.
