#1 [internal] load local bake definitions
#1 reading from stdin 444B done
#1 DONE 0.0s

#2 [internal] load build definition from Dockerfile.swift
#2 transferring dockerfile: 495B done
#2 DONE 0.0s

#3 [internal] load metadata for docker.io/library/swift:6.2.4-noble
#3 ...

#4 [auth] library/swift:pull token for registry-1.docker.io
#4 DONE 0.0s

#3 [internal] load metadata for docker.io/library/swift:6.2.4-noble
#3 DONE 0.8s

#5 [internal] load .dockerignore
#5 transferring context: 203B done
#5 DONE 0.0s

#6 [internal] load build context
#6 transferring context: 83.04kB done
#6 DONE 0.0s

#7 [1/6] FROM docker.io/library/swift:6.2.4-noble@sha256:9bea530093ffff8cf6c259991715ee843fe4d0f932e612f7f4b79cca6e00db87
#7 resolve docker.io/library/swift:6.2.4-noble@sha256:9bea530093ffff8cf6c259991715ee843fe4d0f932e612f7f4b79cca6e00db87 done
#7 sha256:f4c3b601e7b1edd985ee303064a9da9cbc7a5b4d7d6e516aa1493bf30b43f58b 0B / 129.77MB 0.1s
#7 sha256:cfb19389a38fdab8e0793fe74a03a7f970c7294e6f7868c1262883db29dd857a 1.05MB / 1.03GB 0.1s
#7 sha256:5dda2037e4b0d49a2669d4f4e1e442a17d67ff0d6158d48d6c90499ca406829c 0B / 174B 0.1s
#7 sha256:9bea530093ffff8cf6c259991715ee843fe4d0f932e612f7f4b79cca6e00db87 2.62kB / 2.62kB done
#7 sha256:5d644ebece6bab22511ae477406c0a20910fe92ea6a818f6bf58a4db0c1329b9 1.73kB / 1.73kB done
#7 sha256:823c2b86be15e6150ed3049c98b36976caff763b0fdfc8867a099b1dfe6f14d5 5.63kB / 5.63kB done
#7 sha256:f4c3b601e7b1edd985ee303064a9da9cbc7a5b4d7d6e516aa1493bf30b43f58b 71.30MB / 129.77MB 0.3s
#7 sha256:5dda2037e4b0d49a2669d4f4e1e442a17d67ff0d6158d48d6c90499ca406829c 174B / 174B 0.2s done
#7 sha256:f4c3b601e7b1edd985ee303064a9da9cbc7a5b4d7d6e516aa1493bf30b43f58b 129.77MB / 129.77MB 0.5s
#7 sha256:cfb19389a38fdab8e0793fe74a03a7f970c7294e6f7868c1262883db29dd857a 98.57MB / 1.03GB 0.5s
#7 sha256:cfb19389a38fdab8e0793fe74a03a7f970c7294e6f7868c1262883db29dd857a 150.99MB / 1.03GB 0.6s
#7 sha256:cfb19389a38fdab8e0793fe74a03a7f970c7294e6f7868c1262883db29dd857a 228.59MB / 1.03GB 0.8s
#7 sha256:cfb19389a38fdab8e0793fe74a03a7f970c7294e6f7868c1262883db29dd857a 327.16MB / 1.03GB 1.0s
#7 extracting sha256:f4c3b601e7b1edd985ee303064a9da9cbc7a5b4d7d6e516aa1493bf30b43f58b
#7 sha256:f4c3b601e7b1edd985ee303064a9da9cbc7a5b4d7d6e516aa1493bf30b43f58b 129.77MB / 129.77MB 1.1s done
#7 sha256:cfb19389a38fdab8e0793fe74a03a7f970c7294e6f7868c1262883db29dd857a 412.09MB / 1.03GB 1.2s
#7 sha256:cfb19389a38fdab8e0793fe74a03a7f970c7294e6f7868c1262883db29dd857a 478.15MB / 1.03GB 1.4s
#7 sha256:cfb19389a38fdab8e0793fe74a03a7f970c7294e6f7868c1262883db29dd857a 555.75MB / 1.03GB 1.6s
#7 sha256:cfb19389a38fdab8e0793fe74a03a7f970c7294e6f7868c1262883db29dd857a 649.07MB / 1.03GB 1.8s
#7 sha256:cfb19389a38fdab8e0793fe74a03a7f970c7294e6f7868c1262883db29dd857a 743.44MB / 1.03GB 2.0s
#7 sha256:cfb19389a38fdab8e0793fe74a03a7f970c7294e6f7868c1262883db29dd857a 842.01MB / 1.03GB 2.2s
#7 sha256:cfb19389a38fdab8e0793fe74a03a7f970c7294e6f7868c1262883db29dd857a 941.62MB / 1.03GB 2.4s
#7 sha256:cfb19389a38fdab8e0793fe74a03a7f970c7294e6f7868c1262883db29dd857a 1.03GB / 1.03GB 2.6s
#7 extracting sha256:f4c3b601e7b1edd985ee303064a9da9cbc7a5b4d7d6e516aa1493bf30b43f58b 3.7s done
#7 sha256:cfb19389a38fdab8e0793fe74a03a7f970c7294e6f7868c1262883db29dd857a 1.03GB / 1.03GB 7.7s
#7 sha256:cfb19389a38fdab8e0793fe74a03a7f970c7294e6f7868c1262883db29dd857a 1.03GB / 1.03GB 8.0s done
#7 extracting sha256:cfb19389a38fdab8e0793fe74a03a7f970c7294e6f7868c1262883db29dd857a
#7 extracting sha256:cfb19389a38fdab8e0793fe74a03a7f970c7294e6f7868c1262883db29dd857a 5.1s
#7 extracting sha256:cfb19389a38fdab8e0793fe74a03a7f970c7294e6f7868c1262883db29dd857a 10.1s
#7 extracting sha256:cfb19389a38fdab8e0793fe74a03a7f970c7294e6f7868c1262883db29dd857a 14.0s done
#7 extracting sha256:5dda2037e4b0d49a2669d4f4e1e442a17d67ff0d6158d48d6c90499ca406829c
#7 extracting sha256:5dda2037e4b0d49a2669d4f4e1e442a17d67ff0d6158d48d6c90499ca406829c done
#7 DONE 34.4s

#8 [2/6] WORKDIR /swifttrial
#8 DONE 0.0s

#9 [3/6] COPY IntegrationClient/ ./
#9 DONE 0.0s

#10 [4/6] RUN swift --version > /swifttrial/swift-version.txt && swift package resolve
#10 0.615 Fetching https://github.com/pointfreeco/swift-clocks
#10 0.615 Fetching https://github.com/apple/swift-asn1.git
#10 0.615 Fetching https://github.com/apple/swift-http-types.git
#10 1.117 [1/1939] Fetching swift-http-types
#10 1.194 [98/3385] Fetching swift-http-types, swift-clocks
#10 1.389 Fetched https://github.com/apple/swift-http-types.git from cache (0.77s)
#10 1.390 [203/1446] Fetching swift-clocks
#10 1.391 Fetching https://github.com/supabase/supabase-swift.git
#10 1.461 Fetched https://github.com/pointfreeco/swift-clocks from cache (0.85s)
#10 1.463 Fetching https://github.com/pointfreeco/swift-concurrency-extras
#10 1.522 [1/1986] Fetching swift-asn1
#10 1.895 Fetched https://github.com/apple/swift-asn1.git from cache (1.28s)
#10 1.897 Fetching https://github.com/apple/swift-crypto.git
#10 2.150 [1/1058] Fetching swift-concurrency-extras
#10 2.379 [530/19620] Fetching swift-concurrency-extras, swift-crypto
#10 2.386 [531/53301] Fetching swift-concurrency-extras, swift-crypto, supabase-swift
#10 2.417 Fetched https://github.com/pointfreeco/swift-concurrency-extras from cache (0.95s)
#10 2.418 Fetching https://github.com/pointfreeco/xctest-dynamic-overlay
#10 2.487 [338/52243] Fetching swift-crypto, supabase-swift
#10 3.022 [25283/54970] Fetching swift-crypto, supabase-swift, xctest-dynamic-overlay
#10 3.634 Fetched https://github.com/supabase/supabase-swift.git from cache (2.24s)
#10 3.709 Fetched https://github.com/pointfreeco/xctest-dynamic-overlay from cache (1.29s)
#10 4.153 Fetched https://github.com/apple/swift-crypto.git from cache (2.26s)
#10 4.157 Creating working copy for https://github.com/apple/swift-http-types.git
#10 4.158 Creating working copy for https://github.com/apple/swift-asn1.git
#10 4.158 Creating working copy for https://github.com/pointfreeco/swift-clocks
#10 4.210 Creating working copy for https://github.com/supabase/supabase-swift.git
#10 4.216 Working copy of https://github.com/pointfreeco/swift-clocks resolved at 1.1.1
#10 4.218 Working copy of https://github.com/apple/swift-asn1.git resolved at 1.7.3
#10 4.218 Creating working copy for https://github.com/pointfreeco/swift-concurrency-extras
#10 4.231 Creating working copy for https://github.com/apple/swift-crypto.git
#10 4.235 Working copy of https://github.com/apple/swift-http-types.git resolved at 1.8.0
#10 4.236 Creating working copy for https://github.com/pointfreeco/xctest-dynamic-overlay
#10 4.237 Working copy of https://github.com/pointfreeco/swift-concurrency-extras resolved at 1.4.1
#10 4.263 Working copy of https://github.com/pointfreeco/xctest-dynamic-overlay resolved at 1.13.1
#10 4.287 Working copy of https://github.com/supabase/supabase-swift.git resolved at 2.55.2
#10 4.462 Working copy of https://github.com/apple/swift-crypto.git resolved at 4.5.2
#10 DONE 7.2s

#11 [5/6] RUN swift test -j 2 2>&1 | tee /swifttrial/unit-tests.log
#11 2.929 Building for debugging...
#11 3.189 [0/407] Compiling p_hkdf.cc
#11 3.193 [1/407] Compiling p_ed25519_asn1.cc
#11 3.193 [1/407] Write sources
#11 3.211 [13/407] Compiling CXKCPShims shims.c
#11 3.226 [14/407] Compiling SimpleFIPS202.c
#11 3.246 [15/407] Write swift-version-24593BA9C3E375BF.txt
#11 3.250 [16/407] Compiling KeccakSponge.c
#11 3.431 [17/419] Compiling KeccakP-1600-opt64.c
#11 4.690 [19/425] Emitting module HTTPTypes
#11 6.766 [20/430] Compiling HTTPTypes HTTP2ErrorCode.swift
#11 6.766 [21/430] Compiling HTTPTypes HTTP3ErrorCode.swift
#11 6.766 [22/430] Compiling HTTPTypes HTTPField.swift
#11 6.767 [23/430] Compiling HTTPTypes HTTPFieldName.swift
#11 6.767 [24/430] Compiling HTTPTypes HTTPFieldValue.swift
#11 7.622 [25/430] Compiling HTTPTypes HTTPFields.swift
#11 7.622 [26/430] Compiling HTTPTypes HTTPParsedFields.swift
#11 7.622 [27/430] Compiling HTTPTypes HTTPRequest+URL.swift
#11 7.622 [28/430] Compiling HTTPTypes HTTPRequest.swift
#11 7.622 [29/430] Compiling HTTPTypes HTTPResponse.swift
#11 7.717 [31/438] Emitting module IssueReporting
#11 7.717 [32/438] Compiling ConcurrencyExtras ActorIsolated.swift
#11 7.717 [33/438] Compiling ConcurrencyExtras AnyHashableSendable.swift
#11 7.717 [34/438] Compiling ConcurrencyExtras AsyncStream.swift
#11 7.717 [35/438] Compiling ConcurrencyExtras AsyncThrowingStream.swift
#11 7.717 [36/438] Compiling ConcurrencyExtras Locking.swift
#11 7.717 [37/438] Compiling ConcurrencyExtras UncheckedBox.swift
#11 7.717 [42/438] Compiling IssueReporting IsTesting.swift
#11 7.839 [43/449] Emitting module ConcurrencyExtras
#11 8.100 [50/454] Compiling ConcurrencyExtras LockIsolated.swift
#11 8.100 [51/454] Compiling ConcurrencyExtras MainSerialExecutor.swift
#11 8.100 [52/454] Compiling ConcurrencyExtras Result.swift
#11 8.100 [53/454] Compiling ConcurrencyExtras Task.swift
#11 8.100 [54/454] Compiling ConcurrencyExtras UncheckedSendable.swift
#11 8.146 [55/455] Wrapping AST for HTTPTypes for debugging
#11 8.166 [56/455] Wrapping AST for ConcurrencyExtras for debugging
#11 8.183 [57/455] Compiling KeccakHash.c
#11 8.335 [58/455] Compiling CCryptoBoringSSLShims shims.c
#11 8.357 [59/455] Compiling fiat_p256_adx_sqr.S
#11 8.368 [61/455] Compiling IssueReporting IssueReporter.swift
#11 8.368 [62/455] Compiling IssueReporting BreakpointReporter.swift
#11 8.368 [63/455] Compiling IssueReporting DefaultReporter.swift
#11 8.368 [64/455] Compiling IssueReporting FatalErrorReporter.swift
#11 8.369 [65/455] Compiling IssueReporting IssueSeverity.swift
#11 8.369 [66/455] Compiling IssueReporting ReportIssue.swift
#11 8.369 [67/455] Compiling IssueReporting _Test.swift
#11 8.369 [68/455] Compiling IssueReporting TestContext.swift
#11 8.369 [69/455] Compiling IssueReporting Unimplemented.swift
#11 8.369 [70/455] Compiling IssueReporting WithExpectedIssue.swift
#11 8.369 [71/455] Compiling IssueReporting WithIssueContext.swift
#11 8.377 [71/456] Compiling fiat_p256_adx_mul.S
#11 8.399 [73/456] Compiling fiat_curve25519_adx_square.S
#11 8.420 [74/456] Compiling fiat_curve25519_adx_mul.S
#11 8.713 [76/464] Emitting module XCTestDynamicOverlay
#11 8.714 [77/464] Compiling Clocks AnyClock.swift
#11 8.714 [78/464] Compiling Clocks ImmediateClock.swift
#11 8.771 [81/465] Compiling Clocks Lock.swift
#11 8.771 [82/465] Compiling Clocks _AsyncTimerSequence.swift
#11 8.772 [83/465] Emitting module Clocks
#11 8.784 [84/469] Compiling XCTestDynamicOverlay Fail.swift
#11 8.825 [85/470] Wrapping AST for IssueReporting for debugging
#11 8.844 [86/470] Wrapping AST for XCTestDynamicOverlay for debugging
#11 8.870 [87/470] Compiling md5-x86_64-linux.S
#11 8.889 [88/470] Compiling md5-x86_64-apple.S
#11 8.908 [89/470] Compiling md5-586-linux.S
#11 8.926 [90/470] Compiling md5-586-apple.S
#11 9.059 [91/470] Compiling err_data.cc
#11 9.099 [92/470] Compiling chacha20_poly1305_x86_64-linux.S
#11 9.126 [93/470] Compiling chacha20_poly1305_x86_64-apple.S
#11 9.148 [95/470] Compiling Clocks SwiftUI.swift
#11 9.148 [96/470] Compiling Clocks TestClock.swift
#11 9.149 [97/470] Compiling Clocks Timer.swift
#11 9.149 [98/470] Compiling Clocks UnimplementedClock.swift
#11 9.152 [98/470] Compiling chacha20_poly1305_armv8-win.S
#11 9.173 [100/471] Compiling chacha20_poly1305_armv8-linux.S
#11 9.194 [101/471] Compiling chacha20_poly1305_armv8-apple.S
#11 9.200 [102/471] Compiling chacha-x86_64-linux.S
#11 9.223 [103/471] Wrapping AST for Clocks for debugging
#11 9.250 [104/484] Compiling chacha-x86_64-apple.S
#11 9.279 [105/484] Compiling chacha-x86-linux.S
#11 9.310 [106/484] Compiling chacha-x86-apple.S
#11 9.341 [107/484] Compiling chacha-armv8-win.S
#11 9.367 [108/484] Compiling chacha-armv8-linux.S
#11 9.393 [109/484] Compiling chacha-armv8-apple.S
#11 9.420 [110/484] Compiling chacha-armv4-linux.S
#11 9.440 [112/484] Emitting module Helpers
#11 9.455 [112/495] Compiling aes128gcmsiv-x86_64-linux.S
#11 9.475 [113/495] Compiling aes128gcmsiv-x86_64-apple.S
#11 9.501 [114/495] Compiling x86_64-mont5-linux.S
#11 9.520 [115/495] Compiling x86_64-mont5-apple.S
#11 9.541 [116/495] Compiling x86_64-mont-linux.S
#11 9.561 [117/495] Compiling x86_64-mont-apple.S
#11 9.579 [118/495] Compiling x86-mont-linux.S
#11 9.598 [119/495] Compiling x86-mont-apple.S
#11 9.618 [120/495] Compiling vpaes-x86_64-linux.S
#11 9.637 [121/495] Compiling vpaes-x86_64-apple.S
#11 9.660 [122/495] Compiling vpaes-x86-linux.S
#11 9.679 [123/495] Compiling vpaes-x86-apple.S
#11 9.698 [124/495] Compiling vpaes-armv8-win.S
#11 9.717 [125/495] Compiling vpaes-armv8-linux.S
#11 9.736 [126/495] Compiling vpaes-armv8-apple.S
#11 9.755 [127/495] Compiling vpaes-armv7-linux.S
#11 9.781 [128/495] Compiling sha512-x86_64-linux.S
#11 9.800 [129/495] Compiling sha512-x86_64-apple.S
#11 9.819 [130/495] Compiling sha512-armv8-win.S
#11 9.838 [131/495] Compiling sha512-armv8-linux.S
#11 9.856 [132/495] Compiling sha512-armv8-apple.S
#11 9.876 [133/495] Compiling sha512-armv4-linux.S
#11 9.895 [134/495] Compiling sha512-586-linux.S
#11 9.914 [135/495] Compiling sha512-586-apple.S
#11 9.940 [136/495] Compiling sha256-x86_64-linux.S
#11 9.959 [137/495] Compiling sha256-x86_64-apple.S
#11 9.980 [138/495] Compiling sha256-armv8-win.S
#11 9.998 [139/495] Compiling sha256-armv8-linux.S
#11 10.02 [140/495] Compiling sha256-armv8-apple.S
#11 10.04 [141/495] Compiling sha256-armv4-linux.S
#11 10.06 [142/495] Compiling sha256-586-linux.S
#11 10.07 [143/495] Compiling sha256-586-apple.S
#11 10.10 [144/495] Compiling sha1-x86_64-linux.S
#11 10.12 [145/495] Compiling sha1-x86_64-apple.S
#11 10.14 [146/495] Compiling sha1-armv8-win.S
#11 10.16 [147/495] Compiling sha1-armv8-linux.S
#11 10.18 [149/495] Compiling Helpers APIKeyFormat.swift
#11 10.18 [150/495] Compiling Helpers AnyJSON+Codable.swift
#11 10.18 [151/495] Compiling Helpers AnyJSON.swift
#11 10.18 [152/495] Compiling Helpers Base64URL.swift
#11 10.18 [153/495] Compiling Helpers Codable.swift
#11 10.18 [154/495] Compiling Helpers DateFormatter.swift
#11 10.18 [155/495] Compiling Helpers EventEmitter.swift
#11 10.18 [156/495] Compiling Helpers FoundationExtensions.swift
#11 10.18 [157/495] Compiling Helpers HTTPClient.swift
#11 10.18 [158/495] Compiling Helpers HTTPFields.swift
#11 10.18 [159/495] Compiling Helpers HTTPRequest.swift
#11 10.18 [160/495] Compiling Helpers HTTPResponse.swift
#11 10.18 [160/495] Compiling sha1-armv8-apple.S
#11 10.20 [161/495] Compiling sha1-armv4-large-linux.S
#11 10.22 [162/495] Compiling sha1-586-linux.S
#11 10.24 [163/495] Compiling sha1-586-apple.S
#11 10.27 [164/495] Compiling rsaz-avx2-linux.S
#11 10.29 [165/495] Compiling rsaz-avx2-apple.S
#11 10.32 [166/495] Compiling rdrand-x86_64-linux.S
#11 10.32 [168/495] Compiling Helpers LoggerInterceptor.swift
#11 10.32 [169/495] Compiling Helpers RetryRequestInterceptor.swift
#11 10.32 [170/495] Compiling Helpers JWT.swift
#11 10.32 [171/495] Compiling Helpers OSLogSupabaseLogger.swift
#11 10.32 [172/495] Compiling Helpers SupabaseLogger.swift
#11 10.32 [173/495] Compiling Helpers PostgRESTFilterValue.swift
#11 10.32 [174/495] Compiling Helpers HTTPError.swift
#11 10.32 [175/495] Compiling Helpers PostgrestError.swift
#11 10.32 [176/495] Compiling Helpers Task+withTimeout.swift
#11 10.32 [177/495] Compiling Helpers TaskLocalHelpers.swift
#11 10.32 [178/495] Compiling Helpers Version.swift
#11 10.34 [178/496] Compiling rdrand-x86_64-apple.S
#11 10.36 [180/496] Compiling p256_beeu-x86_64-asm-linux.S
#11 10.38 [181/496] Compiling p256_beeu-x86_64-asm-apple.S
#11 10.39 [182/496] Wrapping AST for Helpers for debugging
#11 10.40 [183/496] Compiling p256_beeu-armv8-asm-win.S
#11 10.41 [184/496] Compiling p256_beeu-armv8-asm-linux.S
#11 10.42 [185/496] Compiling p256_beeu-armv8-asm-apple.S
#11 10.44 [186/496] Compiling p256-x86_64-asm-linux.S
#11 10.44 [187/496] Compiling p256-x86_64-asm-apple.S
#11 10.46 [188/496] Compiling p256-armv8-asm-win.S
#11 10.46 [189/496] Compiling p256-armv8-asm-linux.S
#11 10.48 [190/496] Compiling p256-armv8-asm-apple.S
#11 10.48 [191/496] Compiling ghashv8-armv8-win.S
#11 10.49 [192/496] Compiling ghashv8-armv8-linux.S
#11 10.50 [193/496] Compiling ghashv8-armv8-apple.S
#11 10.52 [194/496] Compiling ghashv8-armv7-linux.S
#11 10.53 [195/496] Compiling ghash-x86_64-linux.S
#11 10.54 [196/496] Compiling ghash-x86_64-apple.S
#11 10.55 [197/496] Compiling ghash-x86-linux.S
#11 10.56 [198/496] Compiling ghash-x86-apple.S
#11 10.57 [199/496] Compiling ghash-ssse3-x86_64-linux.S
#11 10.58 [200/496] Compiling ghash-ssse3-x86_64-apple.S
#11 10.59 [201/496] Compiling ghash-ssse3-x86-linux.S
#11 10.60 [202/496] Compiling ghash-ssse3-x86-apple.S
#11 10.61 [203/496] Compiling ghash-neon-armv8-win.S
#11 10.62 [204/496] Compiling ghash-neon-armv8-linux.S
#11 10.63 [205/496] Compiling ghash-neon-armv8-apple.S
#11 10.64 [206/496] Compiling ghash-armv4-linux.S
#11 10.65 [207/496] Compiling co-586-linux.S
#11 10.66 [208/496] Compiling co-586-apple.S
#11 10.67 [209/496] Compiling bsaes-armv7-linux.S
#11 10.68 [210/496] Compiling bn-armv8-win.S
#11 10.69 [211/496] Compiling bn-armv8-linux.S
#11 10.70 [212/496] Compiling bn-armv8-apple.S
#11 10.71 [213/496] Compiling bn-586-linux.S
#11 10.72 [214/496] Compiling bn-586-apple.S
#11 10.73 [215/496] Compiling armv8-mont-win.S
#11 10.74 [216/496] Compiling armv8-mont-linux.S
#11 10.75 [217/496] Compiling armv8-mont-apple.S
#11 10.76 [218/496] Compiling armv4-mont-linux.S
#11 10.77 [219/496] Compiling aesv8-gcm-armv8-win.S
#11 10.78 [220/496] Compiling aesv8-gcm-armv8-linux.S
#11 10.79 [221/496] Compiling aesv8-gcm-armv8-apple.S
#11 10.80 [222/496] Compiling aesv8-armv8-win.S
#11 10.81 [223/496] Compiling aesv8-armv8-linux.S
#11 10.82 [224/496] Compiling aesv8-armv8-apple.S
#11 10.83 [225/496] Compiling aesv8-armv7-linux.S
#11 10.85 [226/496] Compiling aesni-x86_64-linux.S
#11 10.85 [227/496] Compiling aesni-x86_64-apple.S
#11 10.87 [228/496] Compiling aesni-x86-linux.S
#11 10.87 [229/496] Compiling aesni-x86-apple.S
#11 10.89 [230/496] Compiling aesni-gcm-x86_64-linux.S
#11 10.89 [231/496] Compiling aesni-gcm-x86_64-apple.S
#11 10.91 [232/496] Compiling aes-gcm-avx512-x86_64-linux.S
#11 10.91 [233/496] Compiling aes-gcm-avx512-x86_64-apple.S
#11 10.93 [234/496] Compiling aes-gcm-avx2-x86_64-linux.S
#11 10.93 [235/496] Compiling aes-gcm-avx2-x86_64-apple.S
#11 11.10 [236/496] Compiling xwing.cc
#11 11.29 [237/496] Compiling x_x509a.cc
#11 11.49 [238/496] Compiling x_x509.cc
#11 11.62 [239/496] Compiling x_spki.cc
#11 11.79 [240/496] Compiling x_sig.cc
#11 11.95 [241/496] Compiling x_req.cc
#11 12.16 [242/496] Compiling x_pubkey.cc
#11 12.29 [243/496] Compiling x_name.cc
#11 12.49 [244/496] Compiling x_exten.cc
#11 12.65 [245/496] Compiling x_crl.cc
#11 12.82 [246/496] Compiling x_attrib.cc
#11 13.01 [247/496] Compiling x_all.cc
#11 13.20 [248/496] Compiling x_algor.cc
#11 13.34 [249/496] Compiling x509spki.cc
#11 13.54 [250/496] Compiling x509rset.cc
#11 13.68 [251/496] Compiling x509name.cc
#11 13.87 [252/496] Compiling x509cset.cc
#11 14.01 [253/496] Compiling x509_vpm.cc
#11 14.23 [254/496] Compiling x509_vfy.cc
#11 14.34 [255/496] Compiling x509_v3.cc
#11 14.54 [256/496] Compiling x509_txt.cc
#11 14.67 [257/496] Compiling x509_trs.cc
#11 14.86 [258/496] Compiling x509_set.cc
#11 14.99 [259/496] Compiling x509_req.cc
#11 15.19 [260/496] Compiling x509_obj.cc
#11 15.34 [261/496] Compiling x509_lu.cc
#11 15.53 [262/496] Compiling x509_ext.cc
#11 15.63 [263/496] Compiling x509_def.cc
#11 15.83 [264/496] Compiling x509_d2.cc
#11 15.96 [265/496] Compiling x509_cmp.cc
#11 16.16 [266/496] Compiling x509_att.cc
#11 16.26 [267/496] Compiling x509.cc
#11 16.53 [268/496] Compiling v3_utl.cc
#11 16.61 [269/496] Compiling v3_skey.cc
#11 16.88 [270/496] Compiling v3_purp.cc
#11 16.92 [271/496] Compiling v3_prn.cc
#11 17.21 [272/496] Compiling v3_pmaps.cc
#11 17.25 [273/496] Compiling v3_pcons.cc
#11 17.56 [274/496] Compiling v3_ocsp.cc
#11 17.61 [275/496] Compiling v3_ncons.cc
#11 17.89 [276/496] Compiling v3_lib.cc
#11 17.93 [277/496] Compiling v3_int.cc
#11 18.25 [278/496] Compiling v3_ia5.cc
#11 18.26 [279/496] Compiling v3_info.cc
#11 18.60 [280/496] Compiling v3_extku.cc
#11 18.60 [281/496] Compiling v3_genn.cc
#11 18.92 [282/496] Compiling v3_enum.cc
#11 18.94 [283/496] Compiling v3_crld.cc
#11 19.26 [284/496] Compiling v3_cpols.cc
#11 19.31 [285/496] Compiling v3_conf.cc
#11 19.62 [286/496] Compiling v3_bitst.cc
#11 19.65 [287/496] Compiling v3_bcons.cc
#11 19.96 [288/496] Compiling v3_alt.cc
#11 19.98 [289/496] Compiling v3_akeya.cc
#11 20.29 [290/496] Compiling v3_akey.cc
#11 20.31 [291/496] Compiling t_x509a.cc
#11 20.64 [292/496] Compiling t_x509.cc
#11 20.64 [293/496] Compiling t_req.cc
#11 20.93 [294/496] Compiling t_crl.cc
#11 20.98 [295/496] Compiling rsa_pss.cc
#11 21.28 [296/496] Compiling policy.cc
#11 21.28 [297/496] Compiling name_print.cc
#11 21.47 [298/496] Compiling i2d_pr.cc
#11 21.64 [299/496] Compiling by_file.cc
#11 21.82 [300/496] Compiling by_dir.cc
#11 21.98 [301/496] Compiling asn1_gen.cc
#11 22.15 [302/496] Compiling algorithm.cc
#11 22.33 [303/496] Compiling a_verify.cc
#11 22.50 [304/496] Compiling a_sign.cc
#11 22.64 [305/496] Compiling a_digest.cc
#11 22.75 [306/496] Compiling voprf.cc
#11 22.94 [307/496] Compiling trust_token.cc
#11 23.00 [308/496] Compiling pmbtoken.cc
#11 23.09 [309/496] Compiling thread_win.cc
#11 23.16 [310/496] Compiling thread_pthread.cc
#11 23.24 [311/496] Compiling thread_none.cc
#11 23.28 [312/496] Compiling thread.cc
#11 23.40 [313/496] Compiling stack.cc
#11 23.52 [314/496] Compiling spake2plus.cc
#11 23.56 [315/496] Compiling slhdsa.cc
#11 23.68 [316/496] Compiling siphash.cc
#11 23.70 [317/496] Compiling sha512.cc
#11 23.81 [318/496] Compiling sha256.cc
#11 23.82 [319/496] Compiling sha1.cc
#11 23.95 [320/496] Compiling rsa_extra.cc
#11 23.96 [321/496] Compiling rsa_print.cc
#11 24.16 [322/496] Compiling rsa_crypt.cc
#11 24.31 [323/496] Compiling refcount.cc
#11 24.31 [324/496] Compiling rsa_asn1.cc
#11 24.43 [325/496] Compiling rc4.cc
#11 24.46 [326/496] Compiling windows.cc
#11 24.60 [327/496] Compiling trusty.cc
#11 24.60 [328/496] Compiling urandom.cc
#11 24.73 [329/496] Compiling rand.cc
#11 24.76 [330/496] Compiling passive.cc
#11 24.86 [331/496] Compiling ios.cc
#11 24.89 [332/496] Compiling getentropy.cc
#11 25.02 [333/496] Compiling forkunsafe.cc
#11 25.05 [334/496] Compiling fork_detect.cc
#11 25.14 [335/496] Compiling deterministic.cc
#11 25.24 [336/496] Compiling pool.cc
#11 25.26 [337/496] Compiling poly1305_arm_asm.S
#11 25.35 [338/496] Compiling poly1305_vec.cc
#11 25.40 [339/496] Compiling poly1305_arm.cc
#11 25.49 [340/496] Compiling poly1305.cc
#11 25.77 [341/496] Compiling pkcs8_x509.cc
#11 25.85 [342/496] Compiling pkcs8.cc
#11 26.12 [343/496] Compiling p5_pbev2.cc
#11 26.21 [344/496] Compiling pkcs7_x509.cc
#11 26.32 [345/496] Compiling pkcs7.cc
#11 26.53 [346/496] Compiling pem_xaux.cc
#11 26.64 [347/496] Compiling pem_x509.cc
#11 26.85 [348/496] Compiling pem_pkey.cc
#11 26.95 [349/496] Compiling pem_pk8.cc
#11 27.14 [350/496] Compiling pem_oth.cc
#11 27.30 [351/496] Compiling pem_lib.cc
#11 27.45 [352/496] Compiling pem_info.cc
#11 27.63 [353/496] Compiling pem_all.cc
#11 27.63 [354/496] Compiling obj_xref.cc
#11 27.77 [355/496] Compiling mlkem.cc
#11 27.91 [356/496] Compiling mldsa.cc
#11 27.96 [357/496] Compiling obj.cc
#11 28.09 [358/496] Compiling mem.cc
#11 28.16 [359/496] Compiling md5.cc
#11 28.28 [360/496] Compiling md4.cc
#11 28.32 [361/496] Compiling lhash.cc
#11 28.48 [362/496] Compiling kyber.cc
#11 28.52 [363/496] Compiling poly_rq_mul.S
#11 28.65 [364/496] Compiling hrss.cc
#11 28.77 [365/496] Compiling hpke.cc
#11 28.78 [366/496] Compiling fips_shared_support.cc
#11 28.81 [367/496] Compiling fuzzer_mode.cc
#11 28.96 [368/496] Compiling ex_data.cc
#11 29.18 [369/496] Compiling sign.cc
#11 29.36 [370/496] Compiling scrypt.cc
#11 29.57 [371/496] Compiling print.cc
#11 29.74 [372/496] Compiling pbkdf.cc
#11 29.95 [373/496] Compiling p_x25519_asn1.cc
#11 30.16 [374/496] Compiling p_x25519.cc
#11 30.38 [375/496] Compiling p_rsa_asn1.cc
#11 30.65 [376/496] Compiling p_rsa.cc
#11 30.88 [377/496] Compiling p_ed25519.cc
#11 31.12 [378/496] Compiling p_ec_asn1.cc
#11 31.35 [379/496] Compiling p_ec.cc
#11 31.59 [380/496] Compiling p_dsa_asn1.cc
#11 31.80 [381/496] Compiling p_dh_asn1.cc
#11 32.07 [382/496] Compiling p_dh.cc
#11 32.32 [383/496] Compiling evp_ctx.cc
#11 32.63 [384/496] Compiling evp_asn1.cc
#11 32.86 [385/496] Compiling evp.cc
#11 33.03 [386/496] Compiling err.cc
#11 33.20 [387/496] Compiling engine.cc
#11 33.38 [388/496] Compiling ecdsa_p1363.cc
#11 33.74 [389/496] Compiling ecdsa_asn1.cc
#11 33.99 [390/496] Compiling ecdh.cc
#11 34.28 [391/496] Compiling hash_to_curve.cc
#11 34.62 [392/496] Compiling ec_derive.cc
#11 35.09 [393/496] Compiling ec_asn1.cc
#11 35.49 [394/496] Compiling dsa_asn1.cc
#11 35.74 [395/496] Compiling bcm.cc
#11 35.81 [396/496] Compiling dsa.cc
#11 35.98 [397/496] Compiling digest_extra.cc
#11 36.02 [398/496] Compiling params.cc
#11 36.22 [399/496] Compiling des.cc
#11 36.24 [400/496] Compiling dh_asn1.cc
#11 36.48 [401/496] Compiling spake25519.cc
#11 36.59 [402/496] Compiling curve25519_64_adx.cc
#11 36.61 [403/496] Compiling x25519-asm-arm.S
#11 36.73 [404/496] Compiling curve25519.cc
#11 36.79 [405/496] Compiling crypto.cc
#11 36.90 [406/496] Compiling cpu_intel.cc
#11 36.94 [407/496] Compiling cpu_arm_linux.cc
#11 37.05 [408/496] Compiling cpu_arm_freebsd.cc
#11 37.09 [409/496] Compiling cpu_aarch64_win.cc
#11 37.19 [410/496] Compiling cpu_aarch64_sysreg.cc
#11 37.21 [411/496] Compiling cpu_aarch64_openbsd.cc
#11 37.34 [412/496] Compiling cpu_aarch64_linux.cc
#11 37.36 [413/496] Compiling cpu_aarch64_fuchsia.cc
#11 37.48 [414/496] Compiling cpu_aarch64_apple.cc
#11 37.55 [415/496] Compiling conf.cc
#11 37.72 [416/496] Compiling tls_cbc.cc
#11 37.82 [417/496] Compiling cms.cc
#11 37.89 [418/496] Compiling get_cipher.cc
#11 38.00 [419/496] Compiling e_tls.cc
#11 38.06 [420/496] Compiling e_rc4.cc
#11 38.17 [421/496] Compiling e_rc2.cc
#11 38.24 [422/496] Compiling e_null.cc
#11 38.34 [423/496] Compiling e_des.cc
#11 38.41 [424/496] Compiling e_chacha20poly1305.cc
#11 38.52 [425/496] Compiling e_aesgcmsiv.cc
#11 38.57 [426/496] Compiling e_aeseax.cc
#11 38.68 [427/496] Compiling e_aesctrhmac.cc
#11 38.70 [428/496] Compiling derive_key.cc
#11 38.88 [429/496] Compiling chacha.cc
#11 38.93 [430/496] Compiling unicode.cc
#11 39.11 [431/496] Compiling cbs.cc
#11 39.13 [432/496] Compiling cbb.cc
#11 39.30 [433/496] Compiling ber.cc
#11 39.34 [434/496] Compiling asn1_compat.cc
#11 39.46 [435/496] Compiling buf.cc
#11 39.47 [436/496] Compiling sqrt.cc
#11 39.63 [437/496] Compiling div.cc
#11 39.65 [438/496] Compiling exponentiation.cc
#11 39.81 [439/496] Compiling bn_asn1.cc
#11 39.85 [440/496] Compiling convert.cc
#11 39.99 [441/496] Compiling printf.cc
#11 40.04 [442/496] Compiling blake2.cc
#11 40.16 [443/496] Compiling pair.cc
#11 40.22 [444/496] Compiling hexdump.cc
#11 40.37 [445/496] Compiling file.cc
#11 40.39 [446/496] Compiling fd.cc
#11 40.54 [447/496] Compiling errno.cc
#11 40.56 [448/496] Compiling bio_mem.cc
#11 40.71 [449/496] Compiling base64.cc
#11 40.75 [450/496] Compiling bio.cc
#11 40.94 [451/496] Compiling tasn_typ.cc
#11 40.97 [452/496] Compiling tasn_utl.cc
#11 41.13 [453/496] Compiling tasn_fre.cc
#11 41.16 [454/496] Compiling tasn_new.cc
#11 41.32 [455/496] Compiling tasn_enc.cc
#11 41.40 [456/496] Compiling tasn_dec.cc
#11 41.49 [457/496] Compiling posix_time.cc
#11 41.55 [458/496] Compiling f_string.cc
#11 41.64 [459/496] Compiling f_int.cc
#11 41.70 [460/496] Compiling asn_pack.cc
#11 41.79 [461/496] Compiling asn1_par.cc
#11 41.92 [462/496] Compiling asn1_lib.cc
#11 41.99 [463/496] Compiling a_utctm.cc
#11 42.15 [464/496] Compiling a_type.cc
#11 42.19 [465/496] Compiling a_time.cc
#11 42.45 [466/496] Compiling a_strex.cc
#11 42.45 [467/496] Compiling a_strnid.cc
#11 42.60 [468/496] Compiling a_octet.cc
#11 42.68 [469/496] Compiling a_object.cc
#11 42.80 [470/496] Compiling a_mbstr.cc
#11 42.91 [471/496] Compiling a_int.cc
#11 42.96 [472/496] Compiling a_i2d_fp.cc
#11 43.11 [473/496] Compiling a_gentm.cc
#11 43.12 [474/496] Compiling a_dup.cc
#11 43.27 [475/496] Compiling a_d2i_fp.cc
#11 43.30 [476/496] Compiling a_bool.cc
#11 43.43 [477/496] Compiling aes.cc
#11 43.43 [478/496] Write sources
#11 43.49 [479/496] Compiling a_bitstr.cc
#11 44.29 [481/501] Emitting module CryptoBoringWrapper
#11 44.29 [482/501] Compiling CryptoBoringWrapper BoringSSLAEAD.swift
#11 44.29 [483/501] Compiling CryptoBoringWrapper CryptoKitErrors_boring.swift
#11 44.29 [484/501] Compiling CryptoBoringWrapper EllipticCurve.swift
#11 44.29 [485/501] Compiling CryptoBoringWrapper EllipticCurvePoint.swift
#11 44.78 [486/504] Compiling CryptoBoringWrapper ArbitraryPrecisionInteger.swift
#11 44.78 [487/504] Compiling CryptoBoringWrapper FiniteFieldArithmeticContext.swift
#11 44.78 [488/504] Compiling CryptoBoringWrapper RandomBytes.swift
#11 44.83 [489/505] Wrapping AST for CryptoBoringWrapper for debugging
#11 46.87 [491/530] Emitting module Crypto
#11 46.87 [492/530] Compiling Crypto AES-GCM.swift
#11 46.87 [493/530] Compiling Crypto AES-GCM_boring.swift
#11 46.87 [494/530] Compiling Crypto ChaChaPoly_boring.swift
#11 46.87 [495/530] Compiling Crypto ChaChaPoly.swift
#11 46.87 [496/530] Compiling Crypto Cipher.swift
#11 46.87 [497/530] Compiling Crypto Nonces.swift
#11 46.87 [498/530] Compiling Crypto ASN1.swift
#11 46.87 [499/530] Compiling Crypto ASN1Any.swift
#11 46.87 [500/530] Compiling Crypto ASN1BitString.swift
#11 46.87 [501/530] Compiling Crypto ASN1Boolean.swift
#11 46.87 [502/530] Compiling Crypto ASN1Identifier.swift
#11 46.87 [503/530] Compiling Crypto ASN1Integer.swift
#11 46.87 [504/530] Compiling Crypto ASN1Null.swift
#11 46.87 [505/530] Compiling Crypto ASN1OctetString.swift
#11 46.87 [506/530] Compiling Crypto ASN1Strings.swift
#11 46.87 [507/530] Compiling Crypto ArraySliceBigint.swift
#11 46.87 [508/530] Compiling Crypto GeneralizedTime.swift
#11 46.87 [509/530] Compiling Crypto ObjectIdentifier.swift
#11 46.87 [510/530] Compiling Crypto ECDSASignature.swift
#11 46.87 [511/530] Compiling Crypto PEMDocument.swift
#11 46.87 [512/530] Compiling Crypto PKCS8PrivateKey.swift
#11 46.87 [513/530] Compiling Crypto SEC1PrivateKey.swift
#11 46.87 [514/530] Compiling Crypto SubjectPublicKeyInfo.swift
#11 46.87 [515/530] Compiling Crypto CryptoError_boring.swift
#11 48.47 [516/577] Compiling Crypto CryptoKitErrors.swift
#11 48.47 [517/577] Compiling Crypto Digest_boring.swift
#11 48.47 [518/577] Compiling Crypto Digest.swift
#11 48.47 [519/577] Compiling Crypto Digests.swift
#11 48.47 [520/577] Compiling Crypto HashFunctions.swift
#11 48.47 [521/577] Compiling Crypto HashFunctions_SHA2.swift
#11 48.47 [522/577] Compiling Crypto HashFunctions_SHA3.swift
#11 48.47 [523/577] Compiling Crypto Digest_xkcp.swift
#11 48.47 [524/577] Compiling Crypto HPKE-AEAD.swift
#11 48.47 [525/577] Compiling Crypto HPKE-Ciphersuite.swift
#11 48.47 [526/577] Compiling Crypto HPKE-KDF.swift
#11 48.47 [527/577] Compiling Crypto HPKE-KexKeyDerivation.swift
#11 48.47 [528/577] Compiling Crypto HPKE-LabeledExtract.swift
#11 48.47 [529/577] Compiling Crypto HPKE-Utils.swift
#11 48.47 [530/577] Compiling Crypto DHKEM.swift
#11 48.47 [531/577] Compiling Crypto HPKE-KEM-Curve25519.swift
#11 48.47 [532/577] Compiling Crypto HPKE-NIST-EC-KEMs.swift
#11 48.47 [533/577] Compiling Crypto HPKE-KEM.swift
#11 48.47 [534/577] Compiling Crypto HPKE-Errors.swift
#11 48.47 [535/577] Compiling Crypto HPKE.swift
#11 48.47 [536/577] Compiling Crypto HPKE-Context.swift
#11 48.47 [537/577] Compiling Crypto HPKE-KeySchedule.swift
#11 48.47 [538/577] Compiling Crypto HPKE-Modes.swift
#11 48.47 [539/577] Compiling Crypto Insecure.swift
#11 49.28 [540/600] Compiling Crypto Insecure_HashFunctions.swift
#11 49.28 [541/600] Compiling Crypto MLKEM_boring.swift
#11 49.28 [542/600] Compiling Crypto MLKEM_wrapper.swift
#11 49.28 [543/600] Compiling Crypto XWing_boring.swift
#11 49.28 [544/600] Compiling Crypto KEM-Errors.swift
#11 49.28 [545/600] Compiling Crypto KEM.swift
#11 49.28 [546/600] Compiling Crypto MLKEM.swift
#11 49.28 [547/600] Compiling Crypto XWing.swift
#11 49.28 [548/600] Compiling Crypto ECDH_boring.swift
#11 49.28 [549/600] Compiling Crypto DH.swift
#11 49.28 [550/600] Compiling Crypto ECDH.swift
#11 49.28 [551/600] Compiling Crypto ANSIx963.swift
#11 49.28 [552/600] Compiling Crypto HKDF.swift
#11 49.28 [553/600] Compiling Crypto AESWrap.swift
#11 49.28 [554/600] Compiling Crypto AESWrap_boring.swift
#11 49.28 [555/600] Compiling Crypto Ed25519_boring.swift
#11 49.28 [556/600] Compiling Crypto NISTCurvesKeys_boring.swift
#11 49.28 [557/600] Compiling Crypto X25519Keys_boring.swift
#11 49.28 [558/600] Compiling Crypto Curve25519.swift
#11 49.28 [559/600] Compiling Crypto Ed25519Keys.swift
#11 49.28 [560/600] Compiling Crypto NISTCurvesKeys.swift
#11 49.28 [561/600] Compiling Crypto X25519Keys.swift
#11 49.28 [562/600] Compiling Crypto SymmetricKeys.swift
#11 50.73 [563/600] Compiling Crypto HMAC.swift
#11 50.73 [564/600] Compiling Crypto MACFunctions.swift
#11 50.73 [565/600] Compiling Crypto MessageAuthenticationCode.swift
#11 50.73 [566/600] Compiling Crypto AES.swift
#11 50.73 [567/600] Compiling Crypto ECDSASignature_boring.swift
#11 50.73 [568/600] Compiling Crypto ECDSA_boring.swift
#11 50.73 [569/600] Compiling Crypto EdDSA_boring.swift
#11 50.73 [570/600] Compiling Crypto MLDSA_boring.swift
#11 50.73 [571/600] Compiling Crypto MLDSA_wrapper.swift
#11 50.73 [572/600] Compiling Crypto ECDSA.swift
#11 50.73 [573/600] Compiling Crypto Ed25519.swift
#11 50.73 [574/600] Compiling Crypto MLDSA.swift
#11 50.73 [575/600] Compiling Crypto Signature.swift
#11 50.73 [576/600] Compiling Crypto CryptoKitErrors_boring.swift
#11 50.73 [577/600] Compiling Crypto Optional+withUnsafeBytes_boring.swift
#11 50.73 [578/600] Compiling Crypto RNG_boring.swift
#11 50.73 [579/600] Compiling Crypto SafeCompare_boring.swift
#11 50.73 [580/600] Compiling Crypto Zeroization_boring.swift
#11 50.73 [581/600] Compiling Crypto _CryptoModuleAnchor.swift
#11 50.73 [582/600] Compiling Crypto PrettyBytes.swift
#11 50.73 [583/600] Compiling Crypto SafeCompare.swift
#11 50.73 [584/600] Compiling Crypto SecureBytes.swift
#11 50.73 [585/600] Compiling Crypto Zeroization.swift
#11 50.82 [586/601] Wrapping AST for Crypto for debugging
#11 53.11 [588/619] Emitting module Auth
#11 53.11 [589/619] Compiling Auth AuthAdmin.swift
#11 53.11 [590/619] Compiling Auth AuthAdminOAuth.swift
#11 53.11 [591/619] Compiling Auth AuthClient.swift
#11 53.11 [592/619] Compiling Auth AuthClientConfiguration.swift
#11 53.11 [593/619] Compiling Auth AuthError.swift
#11 53.11 [594/619] Compiling Auth AuthMFA.swift
#11 53.11 [595/619] Compiling Auth AuthOAuthServer.swift
#11 53.11 [596/619] Compiling Auth AuthStateChangeListener.swift
#11 53.11 [597/619] Compiling Auth Defaults.swift
#11 53.11 [598/619] Compiling Auth Deprecated.swift
#11 53.11 [599/619] Compiling Auth Exports.swift
#11 53.11 [600/619] Compiling Auth APIClient.swift
#11 53.11 [601/619] Compiling Auth CodeVerifierStorage.swift
#11 53.11 [602/619] Compiling Auth Constants.swift
#11 53.11 [603/619] Compiling Auth Dependencies.swift
#11 53.11 [604/619] Compiling Auth EventEmitter.swift
#11 53.11 [605/619] Compiling Auth FixedWidthInteger+Random.swift
#11 56.98 [606/636] Compiling Auth Helpers.swift
#11 56.98 [607/636] Compiling Auth JWK+RSA.swift
#11 56.98 [608/636] Compiling Auth JWTAlgorithm.swift
#11 56.98 [609/636] Compiling Auth Keychain.swift
#11 56.98 [610/636] Compiling Auth PKCE.swift
#11 56.98 [611/636] Compiling Auth SessionManager.swift
#11 56.98 [612/636] Compiling Auth SessionStorage.swift
#11 56.98 [613/636] Compiling Auth URLOpener.swift
#11 56.98 [614/636] Compiling Auth AuthLocalStorage.swift
#11 56.98 [615/636] Compiling Auth KeychainLocalStorage.swift
#11 56.98 [616/636] Compiling Auth WinCredLocalStorage.swift
#11 56.98 [617/636] Compiling Auth Types.swift
#11 56.98 [618/636] Compiling Auth AuthAdmin+Passkey.swift
#11 56.98 [619/636] Compiling Auth AuthClient+Passkey.swift
#11 56.98 [620/636] Compiling Auth AuthMFA+WebAuthn.swift
#11 56.98 [621/636] Compiling Auth WebAuthnAuthenticator.swift
#11 56.98 [622/636] Compiling Auth WebAuthnTypes.swift
#11 57.07 [623/637] Wrapping AST for Auth for debugging
#11 58.21 [625/640] Emitting module NidaaIntegration
#11 58.21 [626/640] Compiling NidaaIntegration Models.swift
#11 58.21 [627/640] Compiling NidaaIntegration NidaaClient.swift
#11 58.50 [628/642] Compiling NidaaIntegration Storage.swift
#11 58.50 [629/642] Compiling NidaaIntegration Transport.swift
#11 58.90 [631/648] Compiling IntegrationTrialCLI LocalMailbox.swift
#11 58.90 [632/649] Emitting module IntegrationTrialCLI
#11 59.39 [633/649] Compiling NidaaIntegrationTests ClientSafetyTests.swift
#11 59.39 [634/649] Compiling NidaaIntegrationTests StorageBoundaryTests.swift
#11 59.39 [635/649] Emitting module NidaaIntegrationTests
#11 59.70 [636/650] Compiling NidaaIntegrationTests TestTransport.swift
#11 59.75 [637/651] Wrapping AST for NidaaIntegration for debugging
#11 59.77 [638/651] Wrapping AST for NidaaIntegrationTests for debugging
#11 59.77 [639/651] /swifttrial/.build/x86_64-unknown-linux-gnu/debug/NidaaIntegrationPackageDiscoveredTests.derived/all-discovered-tests.swift
#11 59.77 [640/651] Write sources
#11 60.46 [642/653] Compiling IntegrationTrialCLI Trial.swift
#11 60.53 [643/654] Wrapping AST for IntegrationTrialCLI for debugging
#11 60.53 [644/654] Write Objects.LinkFileList
#11 60.95 [645/654] Linking IntegrationTrialCLI
#11 61.14 [647/654] Compiling NidaaIntegrationPackageDiscoveredTests NidaaIntegrationTests.swift
#11 61.14 [648/654] Emitting module NidaaIntegrationPackageDiscoveredTests
#11 61.21 [649/655] Compiling NidaaIntegrationPackageDiscoveredTests all-discovered-tests.swift
#11 61.24 [650/656] /swifttrial/.build/x86_64-unknown-linux-gnu/debug/NidaaIntegrationPackageTests.derived/runner.swift
#11 61.24 [651/656] Write sources
#11 61.26 [652/656] Wrapping AST for NidaaIntegrationPackageDiscoveredTests for debugging
#11 63.30 [654/658] Compiling NidaaIntegrationPackageTests runner.swift
#11 63.30 [655/658] Emitting module NidaaIntegrationPackageTests
#11 63.38 [656/659] Wrapping AST for NidaaIntegrationPackageTests for debugging
#11 63.38 [657/659] Write Objects.LinkFileList
#11 63.70 [658/659] Linking NidaaIntegrationPackageTests.xctest
#11 63.71 Build complete! (63.28s)
#11 63.86 Test Suite 'All tests' started at 2026-09-28 14:15:06.338
#11 63.86 Test Suite 'debug.xctest' started at 2026-09-28 14:15:06.340
#11 63.86 Test Suite 'ClientSafetyTests' started at 2026-09-28 14:15:06.340
#11 63.86 Test Case 'ClientSafetyTests.testAccountSwitchClearsOtherAccountsPendingAndCachedDetails' started at 2026-09-28 14:15:06.340
#11 63.86 Test Case 'ClientSafetyTests.testAccountSwitchClearsOtherAccountsPendingAndCachedDetails' passed (0.009 seconds)
#11 63.86 Test Case 'ClientSafetyTests.testDelayedOldAuthCannotOverwriteNewSessionsStorage' started at 2026-09-28 14:15:06.349
#11 63.86 Test Case 'ClientSafetyTests.testDelayedOldAuthCannotOverwriteNewSessionsStorage' passed (0.104 seconds)
#11 63.86 Test Case 'ClientSafetyTests.testDelayedOldCommandResponseCannotMutateNewAccount' started at 2026-09-28 14:15:06.452
#11 63.86 Test Case 'ClientSafetyTests.testDelayedOldCommandResponseCannotMutateNewAccount' passed (0.003 seconds)
#11 63.86 Test Case 'ClientSafetyTests.testDelayedOldSyncCannotRepopulateAfterSameAccountRelogin' started at 2026-09-28 14:15:06.455
#11 63.86 Test Case 'ClientSafetyTests.testDelayedOldSyncCannotRepopulateAfterSameAccountRelogin' passed (0.003 seconds)
#11 63.86 Test Case 'ClientSafetyTests.testLogoutWipesBeforeAwaitingServerAndOfflineLogoutIsHonest' started at 2026-09-28 14:15:06.457
#11 63.86 Test Case 'ClientSafetyTests.testLogoutWipesBeforeAwaitingServerAndOfflineLogoutIsHonest' passed (0.003 seconds)
#11 63.86 Test Case 'ClientSafetyTests.testMalformedOrMismatchedReceiptStaysUnknown' started at 2026-09-28 14:15:06.460
#11 63.86 Test Case 'ClientSafetyTests.testMalformedOrMismatchedReceiptStaysUnknown' passed (0.003 seconds)
#11 63.86 Test Case 'ClientSafetyTests.testNeverSentDraftAndReconnectDoNotDispatch' started at 2026-09-28 14:15:06.463
#11 63.86 Test Case 'ClientSafetyTests.testNeverSentDraftAndReconnectDoNotDispatch' passed (0.001 seconds)
#11 63.86 Test Case 'ClientSafetyTests.testOutOfOrderSnapshotCannotReopenTerminalAlert' started at 2026-09-28 14:15:06.464
#11 63.86 Test Case 'ClientSafetyTests.testOutOfOrderSnapshotCannotReopenTerminalAlert' passed (0.001 seconds)
#11 63.86 Test Case 'ClientSafetyTests.testSecurePendingWriteFailurePreventsPost' started at 2026-09-28 14:15:06.465
#11 63.86 Test Case 'ClientSafetyTests.testSecurePendingWriteFailurePreventsPost' passed (0.001 seconds)
#11 63.86 Test Case 'ClientSafetyTests.testStaleDraftRemainsNeverSentWithoutNetworkMutation' started at 2026-09-28 14:15:06.466
#11 63.86 Test Case 'ClientSafetyTests.testStaleDraftRemainsNeverSentWithoutNetworkMutation' passed (0.001 seconds)
#11 63.86 Test Case 'ClientSafetyTests.testTombstonesRemoveDetailsAndPartialSnapshotFailsClosed' started at 2026-09-28 14:15:06.467
#11 63.86 Test Case 'ClientSafetyTests.testTombstonesRemoveDetailsAndPartialSnapshotFailsClosed' passed (0.001 seconds)
#11 63.86 Test Case 'ClientSafetyTests.testTransportFailureRetainsUnknownAndSameOperationLookupOnly' started at 2026-09-28 14:15:06.468
#11 63.86 Test Case 'ClientSafetyTests.testTransportFailureRetainsUnknownAndSameOperationLookupOnly' passed (0.002 seconds)
#11 63.86 Test Case 'ClientSafetyTests.testUnknownReceipt404CannotBecomeNeverSentOrBeDiscarded' started at 2026-09-28 14:15:06.470
#11 63.86 Test Case 'ClientSafetyTests.testUnknownReceipt404CannotBecomeNeverSentOrBeDiscarded' passed (0.001 seconds)
#11 63.86 Test Case 'ClientSafetyTests.testUnknownStateSurvivesSameAccountReauthenticationWithoutResend' started at 2026-09-28 14:15:06.471
#11 63.86 Test Case 'ClientSafetyTests.testUnknownStateSurvivesSameAccountReauthenticationWithoutResend' passed (0.002 seconds)
#11 63.86 Test Case 'ClientSafetyTests.testVerificationAccountSwitchRejectsPreviousAccountsDelayedSync' started at 2026-09-28 14:15:06.473
#11 63.86 Test Case 'ClientSafetyTests.testVerificationAccountSwitchRejectsPreviousAccountsDelayedSync' passed (0.003 seconds)
#11 63.86 Test Suite 'ClientSafetyTests' passed at 2026-09-28 14:15:06.475
#11 63.86 	 Executed 15 tests, with 0 failures (0 unexpected) in 0.136 (0.136) seconds
#11 63.86 Test Suite 'StorageBoundaryTests' started at 2026-09-28 14:15:06.475
#11 63.86 Test Case 'StorageBoundaryTests.testClearingAuthPreservesUncertainPendingReceiptForReauthentication' started at 2026-09-28 14:15:06.475
#11 63.86 Test Case 'StorageBoundaryTests.testClearingAuthPreservesUncertainPendingReceiptForReauthentication' passed (0.0 seconds)
#11 63.86 Test Case 'StorageBoundaryTests.testClearingOneEnvironmentDoesNotClearAnotherEnvironment' started at 2026-09-28 14:15:06.476
#11 63.87 Test Case 'StorageBoundaryTests.testClearingOneEnvironmentDoesNotClearAnotherEnvironment' passed (0.0 seconds)
#11 63.87 Test Case 'StorageBoundaryTests.testEnvironmentRejectsExternalCredentialsQueriesAndPaths' started at 2026-09-28 14:15:06.476
#11 63.87 Test Case 'StorageBoundaryTests.testEnvironmentRejectsExternalCredentialsQueriesAndPaths' passed (0.0 seconds)
#11 63.87 Test Case 'StorageBoundaryTests.testInvalidatedAuthCallbackCannotRecreateCredentials' started at 2026-09-28 14:15:06.476
#11 63.87 Test Case 'StorageBoundaryTests.testInvalidatedAuthCallbackCannotRecreateCredentials' passed (0.0 seconds)
#11 63.87 Test Suite 'StorageBoundaryTests' passed at 2026-09-28 14:15:06.476
#11 63.87 	 Executed 4 tests, with 0 failures (0 unexpected) in 0.001 (0.001) seconds
#11 63.87 Test Suite 'debug.xctest' passed at 2026-09-28 14:15:06.476
#11 63.87 	 Executed 19 tests, with 0 failures (0 unexpected) in 0.136 (0.136) seconds
#11 63.87 Test Suite 'All tests' passed at 2026-09-28 14:15:06.476
#11 63.87 	 Executed 19 tests, with 0 failures (0 unexpected) in 0.136 (0.136) seconds
#11 63.87 ◇ Test run started.
#11 63.87 ↳ Testing Library Version: 6.2.4 (5ee435b15ad40ec)
#11 63.87 ↳ Target Platform: x86_64-unknown-linux-gnu
#11 63.87 ✔ Test run with 0 tests in 0 suites passed after 0.001 seconds.
#11 DONE 64.7s

#12 [6/6] RUN swift build -j 2 --product IntegrationTrialCLI
#12 1.765 [0/1] Planning build
#12 1.785 Building for debugging...
#12 1.838 [0/2] Write swift-version-24593BA9C3E375BF.txt
#12 1.862 Build of product 'IntegrationTrialCLI' complete! (1.55s)
#12 DONE 1.9s

#13 exporting to image
#13 exporting layers
#13 exporting layers 1.8s done
#13 writing image sha256:11c0428a4983683b426e024eee919ad6c85deaeb2b7fc518b3ca536513d73598 done
#13 naming to docker.io/library/nidaa-integration-swift:local done
#13 DONE 1.8s

#14 resolving provenance for metadata file
#14 DONE 0.0s
 swift-trial  Built
STAGE isolated_environment
PASS isolated environment configuration
STAGE account_A_signup
PASS account_A_signup
STAGE account_A_local_inbox
PASS account_A_local_inbox
STAGE account_A_sdk_email_verification
PASS account_A_sdk_email_verification
STAGE account_A_sdk_password_login
PASS account_A_sdk_password_login
STAGE account_B_signup
PASS account_B_signup
STAGE account_B_local_inbox
PASS account_B_local_inbox
STAGE account_B_sdk_email_verification
PASS account_B_sdk_email_verification
STAGE account_B_sdk_password_login
PASS account_B_sdk_password_login
STAGE account_C_signup
PASS account_C_signup
STAGE account_C_local_inbox
PASS account_C_local_inbox
STAGE account_C_sdk_email_verification
PASS account_C_sdk_email_verification
STAGE account_C_sdk_password_login
PASS account_C_sdk_password_login
PASS official Auth signup, local inbox verification and password login for three isolated accounts
PASS two independent recipient sessions use one stable account identity
PASS explicit target-bound consent; unauthorized invite acceptance and reverse sending denied
PASS shared HTTP alert retrieval on both recipient sessions; third-account access denied
PASS acknowledgement, opening and explicit response observed by sender; conflicting second response rejected
PASS same-operation lookup and official Auth refresh retain identity
PASS current-session logout clears its local replica without logging out the other recipient session
Swift integration trial PASSED: real local GoTrue, HTTP and PostgreSQL; no external email or notifications
Linux credentials used isolated process memory. Apple Keychain and Simulator UI are separate test evidence.
